******************************************************************************
                  MSP430 Linker PC v18.12.5                    
******************************************************************************
>> Linked Sat May 23 08:35:00 2020

OUTPUT FILE NAME:   <MSP430-TIMER+COMPARATOR.out>
ENTRY POINT SYMBOL: "_c_int00_noargs"  address: 00007bfc


MEMORY CONFIGURATION

         name            origin    length      used     unused   attr    fill
----------------------  --------  ---------  --------  --------  ----  --------
  SFR                   00000000   00000010  00000000  00000010  RWIX
  PERIPHERALS_8BIT      00000010   000000f0  00000000  000000f0  RWIX
  PERIPHERALS_16BIT     00000100   00000100  00000000  00000100  RWIX
  INFOB                 00001000   00000080  00000000  00000080  RWIX
  INFOA                 00001080   00000080  00000000  00000080  RWIX
  RAM                   00001100   00002800  00000241  000025bf  RWIX
  FLASH                 00004000   0000bfe0  00003f84  0000805c  RWIX
  INT00                 0000ffe0   00000002  00000002  00000000  RWIX
  INT01                 0000ffe2   00000002  00000002  00000000  RWIX
  INT02                 0000ffe4   00000002  00000002  00000000  RWIX
  INT03                 0000ffe6   00000002  00000002  00000000  RWIX
  INT04                 0000ffe8   00000002  00000002  00000000  RWIX
  INT05                 0000ffea   00000002  00000002  00000000  RWIX
  INT06                 0000ffec   00000002  00000002  00000000  RWIX
  INT07                 0000ffee   00000002  00000002  00000000  RWIX
  INT08                 0000fff0   00000002  00000002  00000000  RWIX
  INT09                 0000fff2   00000002  00000002  00000000  RWIX
  INT10                 0000fff4   00000002  00000002  00000000  RWIX
  INT11                 0000fff6   00000002  00000002  00000000  RWIX
  INT12                 0000fff8   00000002  00000002  00000000  RWIX
  INT13                 0000fffa   00000002  00000002  00000000  RWIX
  INT14                 0000fffc   00000002  00000002  00000000  RWIX
  RESET                 0000fffe   00000002  00000002  00000000  RWIX


SECTION ALLOCATION MAP

 output                                  attributes/
section   page    origin      length       input sections
--------  ----  ----------  ----------   ----------------
.data      0    00001100    00000042     UNINITIALIZED
                  00001100    00000040     lcd.obj (.data:LCD_table)
                  00001140    00000002     rts430_eabi.lib : errno.c.obj (.data)

.bss       0    00001142    0000000b     UNINITIALIZED
                  00001142    00000002     (.common:BufRptr)
                  00001144    00000002     (.common:BufTptr)
                  00001146    00000002     (.common:wait_i)
                  00001148    00000002     (.common:wait_j)
                  0000114a    00000001     (.common:LCD_col)
                  0000114b    00000001     (.common:LCD_row)
                  0000114c    00000001     (.common:n)

.stack     0    0000370c    000001f4     UNINITIALIZED
                  0000370c    00000002     rts430_eabi.lib : boot.c.obj (.stack)
                  0000370e    000001f2     --HOLE--

.text      0    00004000    00003dd6     
                  00004000    00000478     rts430_eabi.lib : frcdivd.c.obj (.text:__TI_frcdivd)
                  00004478    00000360                     : div64u.c.obj (.text:__mspabi_divull)
                  000047d8    000002fa                     : addd.c.obj (.text:__mspabi_addd)
                  00004ad2    00000288                     : _printfi.c.obj (.text:__TI_printfi)
                  00004d5a    00000286                     : frcmpyd.c.obj (.text:__TI_frcmpyd)
                  00004fe0    0000026e                     : mpyd.c.obj (.text:__mspabi_mpyd)
                  0000524e    0000026e                     : _printfi.c.obj (.text:_pproc_fgea)
                  000054bc    00000260                     : frcaddd.c.obj (.text:__TI_frcaddd)
                  0000571c    00000252                     : _printfi.c.obj (.text:_setfield)
                  0000596e    00000244                     : _printfi.c.obj (.text:acvt)
                  00005bb2    00000238                     : divd.c.obj (.text:__mspabi_divd)
                  00005dea    000001ec                     : _printfi.c.obj (.text:_getarg_diouxp)
                  00005fd6    000001de                     : _printfi.c.obj (.text:ecvt)
                  000061b4    000001c4                     : _printfi.c.obj (.text:fcvt)
                  00006378    000001a6                     : _printfi.c.obj (.text:_pconv_e)
                  0000651e    00000174                     : _printfi.c.obj (.text:_pconv_a)
                  00006692    0000016a                     : s_scalbn.c.obj (.text:scalbn)
                  000067fc    0000014c                     : _printfi.c.obj (.text:_pproc_diouxp)
                  00006948    0000012e                     : _printfi.c.obj (.text:_ltostr)
                  00006a76    000000f8                     : _printfi.c.obj (.text:_pconv_g)
                  00006b6e    000000e0                     : _printfi.c.obj (.text:_pproc_fwp)
                  00006c4e    000000dc                     : cmpd.c.obj (.text:__mspabi_cmpd)
                  00006d2a    000000c4                     : _printfi.c.obj (.text:_pproc_wstr)
                  00006dee    000000be                     : renormd.c.obj (.text:__TI_renormd)
                  00006eac    000000b0                     : s_frexp.c.obj (.text:frexp)
                  00006f5c    000000ac                     : fltlid.c.obj (.text:__mspabi_fltlid)
                  00007008    000000ac                     : _printfi.c.obj (.text:_pproc_str)
                  000070b4    00000094     lcd.obj (.text:LCD_WriteByte)
                  00007148    00000092     rts430_eabi.lib : _printfi.c.obj (.text:_mcpy)
                  000071da    0000008e                     : _printfi.c.obj (.text:_ecpy)
                  00007268    00000084                     : ltoa.c.obj (.text:ltoa)
                  000072ec    0000007c                     : copy_decompress_lzss.c.obj (.text:decompress:lzss:__TI_decompress_lzss)
                  00007368    0000007a                     : _printfi.c.obj (.text:_pconv_f)
                  000073e2    0000007a     main.obj (.text:main)
                  0000745c    0000007a     analogsensors.obj (.text:res_measure)
                  000074d6    00000072     rts430_eabi.lib : fixdli.c.obj (.text:__mspabi_fixdli)
                  00007548    00000062     I2C.obj (.text:I2C_ISR)
                  000075aa    00000060     lcd.obj (.text:LCD_message)
                  0000760a    0000005c     rts430_eabi.lib : lsr32.asm.obj (.text:l_lsr_const)
                  00007666    00000058                     : autoinit.c.obj (.text:__TI_auto_init_nobinit_nopinit_hold_wdt:__TI_auto_init_nobinit_nopinit_hold_wdt)
                  000076be    00000058                     : div32u.asm.obj (.text)
                  00007716    00000052                     : atoi.c.obj (.text:atoi)
                  00007768    0000004e                     : _printfi.c.obj (.text:_fcpy)
                  000077b6    0000004c                     : lsr16.asm.obj (.text)
                  00007802    00000046     lcd.obj (.text:LCD_init)
                  00007848    00000046     rts430_eabi.lib : lsr64.c.obj (.text:__mspabi_srlll)
                  0000788e    00000044     lcd.obj (.text:LCD_set_pos)
                  000078d2    00000044     rts430_eabi.lib : lsl64.c.obj (.text:__mspabi_sllll)
                  00007916    00000040                     : div32s.asm.obj (.text)
                  00007956    0000003e                     : asr32.asm.obj (.text:l_asr_const)
                  00007994    0000003e                     : lsl32.asm.obj (.text:l_lsl_const)
                  000079d2    0000003c     analogsensors.obj (.text:R22_get_resistance)
                  00007a0e    00000038     rts430_eabi.lib : sprintf.c.obj (.text:sprintf)
                  00007a46    00000036     sysfunc.obj (.text:wait_1ms)
                  00007a7c    00000030     sysfunc.obj (.text:Init_System_Clock)
                  00007aac    0000002e     rts430_eabi.lib : subd.c.obj (.text:__mspabi_subd)
                  00007ada    0000002e                     : s_copysign.c.obj (.text:copysign)
                  00007b08    0000002e                     : mult32_hw.asm.obj (.text)
                  00007b36    0000002c                     : asr16.asm.obj (.text)
                  00007b62    0000002c                     : lsl16.asm.obj (.text)
                  00007b8e    0000002a                     : negd.c.obj (.text:__mspabi_negd)
                  00007bb8    00000028                     : fixdi.c.obj (.text:__mspabi_fixdi)
                  00007be0    0000001c     lcd.obj (.text:LCD_recode)
                  00007bfc    0000001c     rts430_eabi.lib : boot.c.obj (.text:_c_int00_noargs)
                  00007c18    0000001a                     : sprintf.c.obj (.text:_outs)
                  00007c32    0000001a                     : memccpy.c.obj (.text:memccpy)
                  00007c4c    0000001a                     : strchr.c.obj (.text:strchr)
                  00007c66    00000016                     : div16u.asm.obj (.text)
                  00007c7c    00000014                     : copy_zero_init.c.obj (.text:decompress:ZI:__TI_zero_init_nomemset:__TI_zero_init_nomemset)
                  00007c90    00000014                     : memset.c.obj (.text:memset)
                  00007ca4    00000014                     : mult16_hw.asm.obj (.text)
                  00007cb8    00000014                     : wcslen.c.obj (.text:wcslen)
                  00007ccc    00000012                     : sprintf.c.obj (.text:_outc)
                  00007cde    00000012                     : copy_decompress_none.c.obj (.text:decompress:none:__TI_decompress_none)
                  00007cf0    00000012                     : lsr32.asm.obj (.text:l_lsr)
                  00007d02    00000012                     : memcpy.c.obj (.text:memcpy)
                  00007d14    00000010     lcd.obj (.text:LCD_WriteCommand)
                  00007d24    00000010     lcd.obj (.text:LCD_WriteData)
                  00007d34    00000010     lcd.obj (.text:LCD_clear)
                  00007d44    00000010     rts430_eabi.lib : asr32.asm.obj (.text:l_asr)
                  00007d54    00000010                     : lsl32.asm.obj (.text:l_lsl)
                  00007d64    00000010                     : epilog.asm.obj (.text)
                  00007d74    0000000e                     : strlen.c.obj (.text:strlen)
                  00007d82    0000000c     sysfunc.obj (.text:Init_System)
                  00007d8e    0000000c     rts430_eabi.lib : fltid.c.obj (.text:__mspabi_fltid)
                  00007d9a    0000000c     analogsensors.obj (.text:isrTIMERA)
                  00007da6    0000000c     rts430_eabi.lib : toupper.c.obj (.text:toupper)
                  00007db2    0000000a                     : abs.c.obj (.text:abs)
                  00007dbc    00000008                     : isr_trap.asm.obj (.text:_isr:__TI_ISR_TRAP)
                  00007dc4    00000006     msp430_initialize_unused_interrrupt_vectors.obj (.text:ISR_trap)
                  00007dca    00000006     rts430_eabi.lib : exit.c.obj (.text:abort)
                  00007dd0    00000004                     : pre_init.c.obj (.text:_system_pre_init)
                  00007dd4    00000002                     : startup.c.obj (.text:_system_post_cinit)

.const     0    00007dd6    00000156     
                  00007dd6    00000101     rts430_eabi.lib : ctype.c.obj (.const:.string:_ctypes_)
                  00007ed7    00000001     --HOLE-- [fill = 0]
                  00007ed8    00000028     main.obj (.const:.string:$P$T0$1)
                  00007f00    00000026     rts430_eabi.lib : _printfi.c.obj (.const:.string)
                  00007f26    00000006     main.obj (.const:.string)

.cinit     0    00007f2c    00000058     
                  00007f2c    00000046     (.cinit..data.load) [load image]
                  00007f72    00000006     (__TI_handler_table)
                  00007f78    00000004     (.cinit..bss.load) [load image, compression = zero_init]
                  00007f7c    00000008     (__TI_cinit_table)

.init_array 
*          0    00004000    00000000     UNINITIALIZED

DACDMA     0    0000ffe0    00000002     
                  0000ffe0    00000002     msp430_initialize_unused_interrrupt_vectors.obj (.int00)

PORT2      0    0000ffe2    00000002     
                  0000ffe2    00000002     msp430_initialize_unused_interrrupt_vectors.obj (.int01)

USART1TX   0    0000ffe4    00000002     
                  0000ffe4    00000002     msp430_initialize_unused_interrrupt_vectors.obj (.int02)

USART1RX   0    0000ffe6    00000002     
                  0000ffe6    00000002     msp430_initialize_unused_interrrupt_vectors.obj (.int03)

PORT1      0    0000ffe8    00000002     
                  0000ffe8    00000002     msp430_initialize_unused_interrrupt_vectors.obj (.int04)

TIMERA1    0    0000ffea    00000002     
                  0000ffea    00000002     analogsensors.obj (.int05)

TIMERA0    0    0000ffec    00000002     
                  0000ffec    00000002     msp430_initialize_unused_interrrupt_vectors.obj (.int06)

ADC12      0    0000ffee    00000002     
                  0000ffee    00000002     msp430_initialize_unused_interrrupt_vectors.obj (.int07)

USART0TX   0    0000fff0    00000002     
                  0000fff0    00000002     I2C.obj (.int08)

USART0RX   0    0000fff2    00000002     
                  0000fff2    00000002     rts430_eabi.lib : int09.asm.obj (.int09)

WDT        0    0000fff4    00000002     
                  0000fff4    00000002     msp430_initialize_unused_interrrupt_vectors.obj (.int10)

COMPARATORA 
*          0    0000fff6    00000002     
                  0000fff6    00000002     msp430_initialize_unused_interrrupt_vectors.obj (.int11)

TIMERB1    0    0000fff8    00000002     
                  0000fff8    00000002     msp430_initialize_unused_interrrupt_vectors.obj (.int12)

TIMERB0    0    0000fffa    00000002     
                  0000fffa    00000002     msp430_initialize_unused_interrrupt_vectors.obj (.int13)

NMI        0    0000fffc    00000002     
                  0000fffc    00000002     msp430_initialize_unused_interrrupt_vectors.obj (.int14)

.reset     0    0000fffe    00000002     
                  0000fffe    00000002     rts430_eabi.lib : boot.c.obj (.reset)

MODULE SUMMARY

       Module                                            code    ro data   rw data
       ------                                            ----    -------   -------
    .\
       lcd.obj                                           458     0         67     
       analogsensors.obj                                 194     2         0      
       main.obj                                          122     46        8      
       sysfunc.obj                                       114     0         0      
       I2C.obj                                           98      2         0      
       msp430_initialize_unused_interrrupt_vectors.obj   6       24        0      
    +--+-------------------------------------------------+-------+---------+---------+
       Total:                                            992     74        75     
                                                                                  
    C:\ti\ccs930\ccs\tools\compiler\ti-cgt-msp430_18.12.5.LTS\lib\rts430_eabi.lib
       _printfi.c.obj                                    6622    38        0      
       frcdivd.c.obj                                     1144    0         0      
       div64u.c.obj                                      864     0         0      
       addd.c.obj                                        762     0         0      
       frcmpyd.c.obj                                     646     0         0      
       mpyd.c.obj                                        622     0         0      
       frcaddd.c.obj                                     608     0         0      
       divd.c.obj                                        568     0         0      
       s_scalbn.c.obj                                    362     0         0      
       ctype.c.obj                                       0       257       0      
       cmpd.c.obj                                        220     0         0      
       renormd.c.obj                                     190     0         0      
       s_frexp.c.obj                                     176     0         0      
       fltlid.c.obj                                      172     0         0      
       ltoa.c.obj                                        132     0         0      
       copy_decompress_lzss.c.obj                        124     0         0      
       fixdli.c.obj                                      114     0         0      
       lsr32.asm.obj                                     110     0         0      
       sprintf.c.obj                                     100     0         0      
       autoinit.c.obj                                    88      0         0      
       div32u.asm.obj                                    88      0         0      
       atoi.c.obj                                        82      0         0      
       asr32.asm.obj                                     78      0         0      
       lsl32.asm.obj                                     78      0         0      
       lsr16.asm.obj                                     76      0         0      
       lsr64.c.obj                                       70      0         0      
       lsl64.c.obj                                       68      0         0      
       div32s.asm.obj                                    64      0         0      
       mult32_hw.asm.obj                                 46      0         0      
       s_copysign.c.obj                                  46      0         0      
       subd.c.obj                                        46      0         0      
       asr16.asm.obj                                     44      0         0      
       lsl16.asm.obj                                     44      0         0      
       negd.c.obj                                        42      0         0      
       fixdi.c.obj                                       40      0         0      
       boot.c.obj                                        28      2         0      
       memccpy.c.obj                                     26      0         0      
       strchr.c.obj                                      26      0         0      
       div16u.asm.obj                                    22      0         0      
       copy_zero_init.c.obj                              20      0         0      
       memset.c.obj                                      20      0         0      
       mult16_hw.asm.obj                                 20      0         0      
       wcslen.c.obj                                      20      0         0      
       copy_decompress_none.c.obj                        18      0         0      
       memcpy.c.obj                                      18      0         0      
       epilog.asm.obj                                    16      0         0      
       strlen.c.obj                                      14      0         0      
       fltid.c.obj                                       12      0         0      
       toupper.c.obj                                     12      0         0      
       abs.c.obj                                         10      0         0      
       isr_trap.asm.obj                                  8       0         0      
       exit.c.obj                                        6       0         0      
       pre_init.c.obj                                    4       0         0      
       errno.c.obj                                       0       0         2      
       int09.asm.obj                                     0       2         0      
       startup.c.obj                                     2       0         0      
    +--+-------------------------------------------------+-------+---------+---------+
       Total:                                            14838   299       2      
                                                                                  
       Stack:                                            0       0         500    
       Linker Generated:                                 0       88        0      
    +--+-------------------------------------------------+-------+---------+---------+
       Grand Total:                                      15830   461       577    


LINKER GENERATED COPY TABLES

__TI_cinit_table @ 00007f7c records: 2, size/record: 4, table size: 8
	.data: load addr=00007f2c, load size=00000046 bytes, run addr=00001100, run size=00000042 bytes, compression=copy
	.bss: load addr=00007f78, load size=00000004 bytes, run addr=00001142, run size=0000000b bytes, compression=zero_init


LINKER GENERATED HANDLER TABLE

__TI_handler_table @ 00007f72 records: 3, size/record: 2, table size: 6
	index: 0, handler: __TI_zero_init
	index: 1, handler: __TI_decompress_lzss
	index: 2, handler: __TI_decompress_none


GLOBAL SYMBOLS: SORTED ALPHABETICALLY BY Name 

address   name                                   
-------   ----                                   
000001a0  ADC12CTL0                              
000001a2  ADC12CTL1                              
000001a6  ADC12IE                                
000001a4  ADC12IFG                               
000001a8  ADC12IV                                
00000080  ADC12MCTL0                             
00000081  ADC12MCTL1                             
0000008a  ADC12MCTL10                            
0000008b  ADC12MCTL11                            
0000008c  ADC12MCTL12                            
0000008d  ADC12MCTL13                            
0000008e  ADC12MCTL14                            
0000008f  ADC12MCTL15                            
00000082  ADC12MCTL2                             
00000083  ADC12MCTL3                             
00000084  ADC12MCTL4                             
00000085  ADC12MCTL5                             
00000086  ADC12MCTL6                             
00000087  ADC12MCTL7                             
00000088  ADC12MCTL8                             
00000089  ADC12MCTL9                             
00000140  ADC12MEM0                              
00000142  ADC12MEM1                              
00000154  ADC12MEM10                             
00000156  ADC12MEM11                             
00000158  ADC12MEM12                             
0000015a  ADC12MEM13                             
0000015c  ADC12MEM14                             
0000015e  ADC12MEM15                             
00000144  ADC12MEM2                              
00000146  ADC12MEM3                              
00000148  ADC12MEM4                              
0000014a  ADC12MEM5                              
0000014c  ADC12MEM6                              
0000014e  ADC12MEM7                              
00000150  ADC12MEM8                              
00000152  ADC12MEM9                              
00000057  BCSCTL1                                
00000058  BCSCTL2                                
00001142  BufRptr                                
00001144  BufTptr                                
00007dca  C$$EXIT                                
00000059  CACTL1                                 
0000005a  CACTL2                                 
0000005b  CAPD                                   
000001c0  DAC12_0CTL                             
000001c8  DAC12_0DAT                             
000001c2  DAC12_1CTL                             
000001ca  DAC12_1DAT                             
00000056  DCOCTL                                 
000001e0  DMA0CTL                                
000001e4  DMA0DA                                 
000001e2  DMA0SA                                 
000001e6  DMA0SZ                                 
000001e8  DMA1CTL                                
000001ec  DMA1DA                                 
000001ea  DMA1SA                                 
000001ee  DMA1SZ                                 
000001f0  DMA2CTL                                
000001f4  DMA2DA                                 
000001f2  DMA2SA                                 
000001f6  DMA2SZ                                 
00000122  DMACTL0                                
00000124  DMACTL1                                
00000128  FCTL1                                  
0000012a  FCTL2                                  
0000012c  FCTL3                                  
00000072  I2CDCTL                                
00000076  I2CDRB                                 
00000076  I2CDRW                                 
00000050  I2CIE                                  
00000051  I2CIFG                                 
0000011c  I2CIV                                  
00000052  I2CNDAT                                
00000118  I2COA                                  
00000073  I2CPSC                                 
0000011a  I2CSA                                  
00000074  I2CSCLH                                
00000075  I2CSCLL                                
00000071  I2CTCTL                                
00007548  I2C_ISR                                
00000000  IE1                                    
00000001  IE2                                    
00000002  IFG1                                   
00000003  IFG2                                   
00007dc4  ISR_trap                               
00007d82  Init_System                            
00007a7c  Init_System_Clock                      
000070b4  LCD_WriteByte                          
00007d14  LCD_WriteCommand                       
00007d24  LCD_WriteData                          
00007d34  LCD_clear                              
0000114a  LCD_col                                
00007802  LCD_init                               
000075aa  LCD_message                            
00007be0  LCD_recode                             
0000114b  LCD_row                                
0000788e  LCD_set_pos                            
00001100  LCD_table                              
00000134  MAC                                    
00000136  MACS                                   
00000004  ME1                                    
00000005  ME2                                    
00000130  MPY                                    
00000132  MPYS                                   
00000138  OP2                                    
00000022  P1DIR                                  
00000025  P1IE                                   
00000024  P1IES                                  
00000023  P1IFG                                  
00000020  P1IN                                   
00000021  P1OUT                                  
00000026  P1SEL                                  
0000002a  P2DIR                                  
0000002d  P2IE                                   
0000002c  P2IES                                  
0000002b  P2IFG                                  
00000028  P2IN                                   
00000029  P2OUT                                  
0000002e  P2SEL                                  
0000001a  P3DIR                                  
00000018  P3IN                                   
00000019  P3OUT                                  
0000001b  P3SEL                                  
0000001e  P4DIR                                  
0000001c  P4IN                                   
0000001d  P4OUT                                  
0000001f  P4SEL                                  
00000032  P5DIR                                  
00000030  P5IN                                   
00000031  P5OUT                                  
00000033  P5SEL                                  
00000036  P6DIR                                  
00000034  P6IN                                   
00000035  P6OUT                                  
00000037  P6SEL                                  
000079d2  R22_get_resistance                     
0000013c  RESHI                                  
0000013a  RESLO                                  
0000013e  SUMEXT                                 
00000055  SVSCTL                                 
00000172  TACCR0                                 
00000174  TACCR1                                 
00000176  TACCR2                                 
00000162  TACCTL0                                
00000164  TACCTL1                                
00000166  TACCTL2                                
00000160  TACTL                                  
0000012e  TAIV                                   
00000170  TAR                                    
00000192  TBCCR0                                 
00000194  TBCCR1                                 
00000196  TBCCR2                                 
00000198  TBCCR3                                 
0000019a  TBCCR4                                 
0000019c  TBCCR5                                 
0000019e  TBCCR6                                 
00000182  TBCCTL0                                
00000184  TBCCTL1                                
00000186  TBCCTL2                                
00000188  TBCCTL3                                
0000018a  TBCCTL4                                
0000018c  TBCCTL5                                
0000018e  TBCCTL6                                
00000180  TBCTL                                  
0000011e  TBIV                                   
00000190  TBR                                    
00000074  U0BR0                                  
00000075  U0BR1                                  
00000070  U0CTL                                  
00000073  U0MCTL                                 
00000072  U0RCTL                                 
00000076  U0RXBUF                                
00000071  U0TCTL                                 
00000077  U0TXBUF                                
0000007c  U1BR0                                  
0000007d  U1BR1                                  
00000078  U1CTL                                  
0000007b  U1MCTL                                 
0000007a  U1RCTL                                 
0000007e  U1RXBUF                                
00000079  U1TCTL                                 
0000007f  U1TXBUF                                
00000120  WDTCTL                                 
00003900  __STACK_END                            
000001f4  __STACK_SIZE                           
00007f7c  __TI_CINIT_Base                        
00007f84  __TI_CINIT_Limit                       
00007f72  __TI_Handler_Table_Base                
00007f78  __TI_Handler_Table_Limit               
00007dbc  __TI_ISR_TRAP                          
00007666  __TI_auto_init_nobinit_nopinit_hold_wdt
000072ec  __TI_decompress_lzss                   
00007cde  __TI_decompress_none                   
000054bc  __TI_frcaddd                           
00004000  __TI_frcdivd                           
00004d5a  __TI_frcmpyd                           
0000ffe0  __TI_int00                             
0000ffe2  __TI_int01                             
0000ffe4  __TI_int02                             
0000ffe6  __TI_int03                             
0000ffe8  __TI_int04                             
0000ffea  __TI_int05                             
0000ffec  __TI_int06                             
0000ffee  __TI_int07                             
0000fff0  __TI_int08                             
0000fff2  __TI_int09                             
0000fff4  __TI_int10                             
0000fff6  __TI_int11                             
0000fff8  __TI_int12                             
0000fffa  __TI_int13                             
0000fffc  __TI_int14                             
ffffffff  __TI_pprof_out_hndl                    
00004ad2  __TI_printfi                           
ffffffff  __TI_prof_data_size                    
ffffffff  __TI_prof_data_start                   
00006dee  __TI_renormd                           
00007c7c  __TI_zero_init_nomemset                
ffffffff  __c_args__                             
000047d8  __mspabi_addd                          
00006c4e  __mspabi_cmpd                          
00005bb2  __mspabi_divd                          
00007916  __mspabi_divli                         
00007c66  __mspabi_divu                          
000076be  __mspabi_divul                         
00004478  __mspabi_divull                        
00007bb8  __mspabi_fixdi                         
000074d6  __mspabi_fixdli                        
00007d8e  __mspabi_fltid                         
00006f5c  __mspabi_fltlid                        
00007d70  __mspabi_func_epilog_1                 
00007d6e  __mspabi_func_epilog_2                 
00007d6c  __mspabi_func_epilog_3                 
00007d6a  __mspabi_func_epilog_4                 
00007d68  __mspabi_func_epilog_5                 
00007d66  __mspabi_func_epilog_6                 
00007d64  __mspabi_func_epilog_7                 
00004fe0  __mspabi_mpyd                          
00007ca4  __mspabi_mpyi_hw                       
00007b08  __mspabi_mpyl_hw                       
00007b8e  __mspabi_negd                          
00007916  __mspabi_remli                         
00007c66  __mspabi_remu                          
000076be  __mspabi_remul                         
00007b62  __mspabi_slli                          
00007b8a  __mspabi_slli_1                        
00007b78  __mspabi_slli_10                       
00007b76  __mspabi_slli_11                       
00007b74  __mspabi_slli_12                       
00007b72  __mspabi_slli_13                       
00007b70  __mspabi_slli_14                       
00007b6e  __mspabi_slli_15                       
00007b88  __mspabi_slli_2                        
00007b86  __mspabi_slli_3                        
00007b84  __mspabi_slli_4                        
00007b82  __mspabi_slli_5                        
00007b80  __mspabi_slli_6                        
00007b7e  __mspabi_slli_7                        
00007b7c  __mspabi_slli_8                        
00007b7a  __mspabi_slli_9                        
00007d54  __mspabi_slll                          
000079cc  __mspabi_slll_1                        
000079a8  __mspabi_slll_10                       
000079a4  __mspabi_slll_11                       
000079a0  __mspabi_slll_12                       
0000799c  __mspabi_slll_13                       
00007998  __mspabi_slll_14                       
00007994  __mspabi_slll_15                       
000079c8  __mspabi_slll_2                        
000079c4  __mspabi_slll_3                        
000079c0  __mspabi_slll_4                        
000079bc  __mspabi_slll_5                        
000079b8  __mspabi_slll_6                        
000079b4  __mspabi_slll_7                        
000079b0  __mspabi_slll_8                        
000079ac  __mspabi_slll_9                        
000078d2  __mspabi_sllll                         
00007b36  __mspabi_srai                          
00007b5e  __mspabi_srai_1                        
00007b4c  __mspabi_srai_10                       
00007b4a  __mspabi_srai_11                       
00007b48  __mspabi_srai_12                       
00007b46  __mspabi_srai_13                       
00007b44  __mspabi_srai_14                       
00007b42  __mspabi_srai_15                       
00007b5c  __mspabi_srai_2                        
00007b5a  __mspabi_srai_3                        
00007b58  __mspabi_srai_4                        
00007b56  __mspabi_srai_5                        
00007b54  __mspabi_srai_6                        
00007b52  __mspabi_srai_7                        
00007b50  __mspabi_srai_8                        
00007b4e  __mspabi_srai_9                        
00007d44  __mspabi_sral                          
0000798e  __mspabi_sral_1                        
0000796a  __mspabi_sral_10                       
00007966  __mspabi_sral_11                       
00007962  __mspabi_sral_12                       
0000795e  __mspabi_sral_13                       
0000795a  __mspabi_sral_14                       
00007956  __mspabi_sral_15                       
0000798a  __mspabi_sral_2                        
00007986  __mspabi_sral_3                        
00007982  __mspabi_sral_4                        
0000797e  __mspabi_sral_5                        
0000797a  __mspabi_sral_6                        
00007976  __mspabi_sral_7                        
00007972  __mspabi_sral_8                        
0000796e  __mspabi_sral_9                        
000077b6  __mspabi_srli                          
000077fc  __mspabi_srli_1                        
000077d8  __mspabi_srli_10                       
000077d4  __mspabi_srli_11                       
000077d0  __mspabi_srli_12                       
000077cc  __mspabi_srli_13                       
000077c8  __mspabi_srli_14                       
000077c4  __mspabi_srli_15                       
000077f8  __mspabi_srli_2                        
000077f4  __mspabi_srli_3                        
000077f0  __mspabi_srli_4                        
000077ec  __mspabi_srli_5                        
000077e8  __mspabi_srli_6                        
000077e4  __mspabi_srli_7                        
000077e0  __mspabi_srli_8                        
000077dc  __mspabi_srli_9                        
00007cf0  __mspabi_srll                          
0000765e  __mspabi_srll_1                        
00007628  __mspabi_srll_10                       
00007622  __mspabi_srll_11                       
0000761c  __mspabi_srll_12                       
00007616  __mspabi_srll_13                       
00007610  __mspabi_srll_14                       
0000760a  __mspabi_srll_15                       
00007658  __mspabi_srll_2                        
00007652  __mspabi_srll_3                        
0000764c  __mspabi_srll_4                        
00007646  __mspabi_srll_5                        
00007640  __mspabi_srll_6                        
0000763a  __mspabi_srll_7                        
00007634  __mspabi_srll_8                        
0000762e  __mspabi_srll_9                        
00007848  __mspabi_srlll                         
00007aac  __mspabi_subd                          
00007bfc  _c_int00_noargs                        
00007dd6  _ctypes_                               
0000fffe  _reset_vector                          
0000370c  _stack                                 
00007dd4  _system_post_cinit                     
00007dd0  _system_pre_init                       
00007dca  abort                                  
00007db2  abs                                    
00007716  atoi                                   
00007ada  copysign                               
00007ada  copysignl                              
00001140  errno                                  
00006eac  frexp                                  
00006eac  frexpl                                 
00007d9a  isrTIMERA                              
00006692  ldexp                                  
00006692  ldexpl                                 
00007268  ltoa                                   
000073e2  main                                   
00007c32  memccpy                                
00007d02  memcpy                                 
00007c90  memset                                 
0000114c  n                                      
0000745c  res_measure                            
00006692  scalbn                                 
00006692  scalbnl                                
00007a0e  sprintf                                
00007c4c  strchr                                 
00007d74  strlen                                 
00007da6  toupper                                
00007a46  wait_1ms                               
00001146  wait_i                                 
00001148  wait_j                                 
00007cb8  wcslen                                 


GLOBAL SYMBOLS: SORTED BY Symbol Address 

address   name                                   
-------   ----                                   
00000000  IE1                                    
00000001  IE2                                    
00000002  IFG1                                   
00000003  IFG2                                   
00000004  ME1                                    
00000005  ME2                                    
00000018  P3IN                                   
00000019  P3OUT                                  
0000001a  P3DIR                                  
0000001b  P3SEL                                  
0000001c  P4IN                                   
0000001d  P4OUT                                  
0000001e  P4DIR                                  
0000001f  P4SEL                                  
00000020  P1IN                                   
00000021  P1OUT                                  
00000022  P1DIR                                  
00000023  P1IFG                                  
00000024  P1IES                                  
00000025  P1IE                                   
00000026  P1SEL                                  
00000028  P2IN                                   
00000029  P2OUT                                  
0000002a  P2DIR                                  
0000002b  P2IFG                                  
0000002c  P2IES                                  
0000002d  P2IE                                   
0000002e  P2SEL                                  
00000030  P5IN                                   
00000031  P5OUT                                  
00000032  P5DIR                                  
00000033  P5SEL                                  
00000034  P6IN                                   
00000035  P6OUT                                  
00000036  P6DIR                                  
00000037  P6SEL                                  
00000050  I2CIE                                  
00000051  I2CIFG                                 
00000052  I2CNDAT                                
00000055  SVSCTL                                 
00000056  DCOCTL                                 
00000057  BCSCTL1                                
00000058  BCSCTL2                                
00000059  CACTL1                                 
0000005a  CACTL2                                 
0000005b  CAPD                                   
00000070  U0CTL                                  
00000071  I2CTCTL                                
00000071  U0TCTL                                 
00000072  I2CDCTL                                
00000072  U0RCTL                                 
00000073  I2CPSC                                 
00000073  U0MCTL                                 
00000074  I2CSCLH                                
00000074  U0BR0                                  
00000075  I2CSCLL                                
00000075  U0BR1                                  
00000076  I2CDRB                                 
00000076  I2CDRW                                 
00000076  U0RXBUF                                
00000077  U0TXBUF                                
00000078  U1CTL                                  
00000079  U1TCTL                                 
0000007a  U1RCTL                                 
0000007b  U1MCTL                                 
0000007c  U1BR0                                  
0000007d  U1BR1                                  
0000007e  U1RXBUF                                
0000007f  U1TXBUF                                
00000080  ADC12MCTL0                             
00000081  ADC12MCTL1                             
00000082  ADC12MCTL2                             
00000083  ADC12MCTL3                             
00000084  ADC12MCTL4                             
00000085  ADC12MCTL5                             
00000086  ADC12MCTL6                             
00000087  ADC12MCTL7                             
00000088  ADC12MCTL8                             
00000089  ADC12MCTL9                             
0000008a  ADC12MCTL10                            
0000008b  ADC12MCTL11                            
0000008c  ADC12MCTL12                            
0000008d  ADC12MCTL13                            
0000008e  ADC12MCTL14                            
0000008f  ADC12MCTL15                            
00000118  I2COA                                  
0000011a  I2CSA                                  
0000011c  I2CIV                                  
0000011e  TBIV                                   
00000120  WDTCTL                                 
00000122  DMACTL0                                
00000124  DMACTL1                                
00000128  FCTL1                                  
0000012a  FCTL2                                  
0000012c  FCTL3                                  
0000012e  TAIV                                   
00000130  MPY                                    
00000132  MPYS                                   
00000134  MAC                                    
00000136  MACS                                   
00000138  OP2                                    
0000013a  RESLO                                  
0000013c  RESHI                                  
0000013e  SUMEXT                                 
00000140  ADC12MEM0                              
00000142  ADC12MEM1                              
00000144  ADC12MEM2                              
00000146  ADC12MEM3                              
00000148  ADC12MEM4                              
0000014a  ADC12MEM5                              
0000014c  ADC12MEM6                              
0000014e  ADC12MEM7                              
00000150  ADC12MEM8                              
00000152  ADC12MEM9                              
00000154  ADC12MEM10                             
00000156  ADC12MEM11                             
00000158  ADC12MEM12                             
0000015a  ADC12MEM13                             
0000015c  ADC12MEM14                             
0000015e  ADC12MEM15                             
00000160  TACTL                                  
00000162  TACCTL0                                
00000164  TACCTL1                                
00000166  TACCTL2                                
00000170  TAR                                    
00000172  TACCR0                                 
00000174  TACCR1                                 
00000176  TACCR2                                 
00000180  TBCTL                                  
00000182  TBCCTL0                                
00000184  TBCCTL1                                
00000186  TBCCTL2                                
00000188  TBCCTL3                                
0000018a  TBCCTL4                                
0000018c  TBCCTL5                                
0000018e  TBCCTL6                                
00000190  TBR                                    
00000192  TBCCR0                                 
00000194  TBCCR1                                 
00000196  TBCCR2                                 
00000198  TBCCR3                                 
0000019a  TBCCR4                                 
0000019c  TBCCR5                                 
0000019e  TBCCR6                                 
000001a0  ADC12CTL0                              
000001a2  ADC12CTL1                              
000001a4  ADC12IFG                               
000001a6  ADC12IE                                
000001a8  ADC12IV                                
000001c0  DAC12_0CTL                             
000001c2  DAC12_1CTL                             
000001c8  DAC12_0DAT                             
000001ca  DAC12_1DAT                             
000001e0  DMA0CTL                                
000001e2  DMA0SA                                 
000001e4  DMA0DA                                 
000001e6  DMA0SZ                                 
000001e8  DMA1CTL                                
000001ea  DMA1SA                                 
000001ec  DMA1DA                                 
000001ee  DMA1SZ                                 
000001f0  DMA2CTL                                
000001f2  DMA2SA                                 
000001f4  DMA2DA                                 
000001f4  __STACK_SIZE                           
000001f6  DMA2SZ                                 
00001100  LCD_table                              
00001140  errno                                  
00001142  BufRptr                                
00001144  BufTptr                                
00001146  wait_i                                 
00001148  wait_j                                 
0000114a  LCD_col                                
0000114b  LCD_row                                
0000114c  n                                      
0000370c  _stack                                 
00003900  __STACK_END                            
00004000  __TI_frcdivd                           
00004478  __mspabi_divull                        
000047d8  __mspabi_addd                          
00004ad2  __TI_printfi                           
00004d5a  __TI_frcmpyd                           
00004fe0  __mspabi_mpyd                          
000054bc  __TI_frcaddd                           
00005bb2  __mspabi_divd                          
00006692  ldexp                                  
00006692  ldexpl                                 
00006692  scalbn                                 
00006692  scalbnl                                
00006c4e  __mspabi_cmpd                          
00006dee  __TI_renormd                           
00006eac  frexp                                  
00006eac  frexpl                                 
00006f5c  __mspabi_fltlid                        
000070b4  LCD_WriteByte                          
00007268  ltoa                                   
000072ec  __TI_decompress_lzss                   
000073e2  main                                   
0000745c  res_measure                            
000074d6  __mspabi_fixdli                        
00007548  I2C_ISR                                
000075aa  LCD_message                            
0000760a  __mspabi_srll_15                       
00007610  __mspabi_srll_14                       
00007616  __mspabi_srll_13                       
0000761c  __mspabi_srll_12                       
00007622  __mspabi_srll_11                       
00007628  __mspabi_srll_10                       
0000762e  __mspabi_srll_9                        
00007634  __mspabi_srll_8                        
0000763a  __mspabi_srll_7                        
00007640  __mspabi_srll_6                        
00007646  __mspabi_srll_5                        
0000764c  __mspabi_srll_4                        
00007652  __mspabi_srll_3                        
00007658  __mspabi_srll_2                        
0000765e  __mspabi_srll_1                        
00007666  __TI_auto_init_nobinit_nopinit_hold_wdt
000076be  __mspabi_divul                         
000076be  __mspabi_remul                         
00007716  atoi                                   
000077b6  __mspabi_srli                          
000077c4  __mspabi_srli_15                       
000077c8  __mspabi_srli_14                       
000077cc  __mspabi_srli_13                       
000077d0  __mspabi_srli_12                       
000077d4  __mspabi_srli_11                       
000077d8  __mspabi_srli_10                       
000077dc  __mspabi_srli_9                        
000077e0  __mspabi_srli_8                        
000077e4  __mspabi_srli_7                        
000077e8  __mspabi_srli_6                        
000077ec  __mspabi_srli_5                        
000077f0  __mspabi_srli_4                        
000077f4  __mspabi_srli_3                        
000077f8  __mspabi_srli_2                        
000077fc  __mspabi_srli_1                        
00007802  LCD_init                               
00007848  __mspabi_srlll                         
0000788e  LCD_set_pos                            
000078d2  __mspabi_sllll                         
00007916  __mspabi_divli                         
00007916  __mspabi_remli                         
00007956  __mspabi_sral_15                       
0000795a  __mspabi_sral_14                       
0000795e  __mspabi_sral_13                       
00007962  __mspabi_sral_12                       
00007966  __mspabi_sral_11                       
0000796a  __mspabi_sral_10                       
0000796e  __mspabi_sral_9                        
00007972  __mspabi_sral_8                        
00007976  __mspabi_sral_7                        
0000797a  __mspabi_sral_6                        
0000797e  __mspabi_sral_5                        
00007982  __mspabi_sral_4                        
00007986  __mspabi_sral_3                        
0000798a  __mspabi_sral_2                        
0000798e  __mspabi_sral_1                        
00007994  __mspabi_slll_15                       
00007998  __mspabi_slll_14                       
0000799c  __mspabi_slll_13                       
000079a0  __mspabi_slll_12                       
000079a4  __mspabi_slll_11                       
000079a8  __mspabi_slll_10                       
000079ac  __mspabi_slll_9                        
000079b0  __mspabi_slll_8                        
000079b4  __mspabi_slll_7                        
000079b8  __mspabi_slll_6                        
000079bc  __mspabi_slll_5                        
000079c0  __mspabi_slll_4                        
000079c4  __mspabi_slll_3                        
000079c8  __mspabi_slll_2                        
000079cc  __mspabi_slll_1                        
000079d2  R22_get_resistance                     
00007a0e  sprintf                                
00007a46  wait_1ms                               
00007a7c  Init_System_Clock                      
00007aac  __mspabi_subd                          
00007ada  copysign                               
00007ada  copysignl                              
00007b08  __mspabi_mpyl_hw                       
00007b36  __mspabi_srai                          
00007b42  __mspabi_srai_15                       
00007b44  __mspabi_srai_14                       
00007b46  __mspabi_srai_13                       
00007b48  __mspabi_srai_12                       
00007b4a  __mspabi_srai_11                       
00007b4c  __mspabi_srai_10                       
00007b4e  __mspabi_srai_9                        
00007b50  __mspabi_srai_8                        
00007b52  __mspabi_srai_7                        
00007b54  __mspabi_srai_6                        
00007b56  __mspabi_srai_5                        
00007b58  __mspabi_srai_4                        
00007b5a  __mspabi_srai_3                        
00007b5c  __mspabi_srai_2                        
00007b5e  __mspabi_srai_1                        
00007b62  __mspabi_slli                          
00007b6e  __mspabi_slli_15                       
00007b70  __mspabi_slli_14                       
00007b72  __mspabi_slli_13                       
00007b74  __mspabi_slli_12                       
00007b76  __mspabi_slli_11                       
00007b78  __mspabi_slli_10                       
00007b7a  __mspabi_slli_9                        
00007b7c  __mspabi_slli_8                        
00007b7e  __mspabi_slli_7                        
00007b80  __mspabi_slli_6                        
00007b82  __mspabi_slli_5                        
00007b84  __mspabi_slli_4                        
00007b86  __mspabi_slli_3                        
00007b88  __mspabi_slli_2                        
00007b8a  __mspabi_slli_1                        
00007b8e  __mspabi_negd                          
00007bb8  __mspabi_fixdi                         
00007be0  LCD_recode                             
00007bfc  _c_int00_noargs                        
00007c32  memccpy                                
00007c4c  strchr                                 
00007c66  __mspabi_divu                          
00007c66  __mspabi_remu                          
00007c7c  __TI_zero_init_nomemset                
00007c90  memset                                 
00007ca4  __mspabi_mpyi_hw                       
00007cb8  wcslen                                 
00007cde  __TI_decompress_none                   
00007cf0  __mspabi_srll                          
00007d02  memcpy                                 
00007d14  LCD_WriteCommand                       
00007d24  LCD_WriteData                          
00007d34  LCD_clear                              
00007d44  __mspabi_sral                          
00007d54  __mspabi_slll                          
00007d64  __mspabi_func_epilog_7                 
00007d66  __mspabi_func_epilog_6                 
00007d68  __mspabi_func_epilog_5                 
00007d6a  __mspabi_func_epilog_4                 
00007d6c  __mspabi_func_epilog_3                 
00007d6e  __mspabi_func_epilog_2                 
00007d70  __mspabi_func_epilog_1                 
00007d74  strlen                                 
00007d82  Init_System                            
00007d8e  __mspabi_fltid                         
00007d9a  isrTIMERA                              
00007da6  toupper                                
00007db2  abs                                    
00007dbc  __TI_ISR_TRAP                          
00007dc4  ISR_trap                               
00007dca  C$$EXIT                                
00007dca  abort                                  
00007dd0  _system_pre_init                       
00007dd4  _system_post_cinit                     
00007dd6  _ctypes_                               
00007f72  __TI_Handler_Table_Base                
00007f78  __TI_Handler_Table_Limit               
00007f7c  __TI_CINIT_Base                        
00007f84  __TI_CINIT_Limit                       
0000ffe0  __TI_int00                             
0000ffe2  __TI_int01                             
0000ffe4  __TI_int02                             
0000ffe6  __TI_int03                             
0000ffe8  __TI_int04                             
0000ffea  __TI_int05                             
0000ffec  __TI_int06                             
0000ffee  __TI_int07                             
0000fff0  __TI_int08                             
0000fff2  __TI_int09                             
0000fff4  __TI_int10                             
0000fff6  __TI_int11                             
0000fff8  __TI_int12                             
0000fffa  __TI_int13                             
0000fffc  __TI_int14                             
0000fffe  _reset_vector                          
ffffffff  __TI_pprof_out_hndl                    
ffffffff  __TI_prof_data_size                    
ffffffff  __TI_prof_data_start                   
ffffffff  __c_args__                             

[377 symbols]
