<?xml version="1.0" encoding="ISO-8859-1" ?>
<link_info>
   <banner>MSP430 Linker PC v18.12.5.LTS</banner>
   <copyright>Copyright (c) 2003-2018 Texas Instruments Incorporated</copyright>
   <link_time>0x5ec8b604</link_time>
   <link_errors>0x0</link_errors>
   <output_file>MSP430-TIMER+COMPARATOR.out</output_file>
   <entry_point>
      <name>_c_int00_noargs</name>
      <address>0x7bfc</address>
   </entry_point>
   <input_file_list>
      <input_file id="fl-2">
         <path>.\</path>
         <kind>object</kind>
         <file>I2C.obj</file>
         <name>I2C.obj</name>
      </input_file>
      <input_file id="fl-3">
         <path>.\</path>
         <kind>object</kind>
         <file>analogsensors.obj</file>
         <name>analogsensors.obj</name>
      </input_file>
      <input_file id="fl-4">
         <path>.\</path>
         <kind>object</kind>
         <file>keys.obj</file>
         <name>keys.obj</name>
      </input_file>
      <input_file id="fl-5">
         <path>.\</path>
         <kind>object</kind>
         <file>lcd.obj</file>
         <name>lcd.obj</name>
      </input_file>
      <input_file id="fl-6">
         <path>.\</path>
         <kind>object</kind>
         <file>leds.obj</file>
         <name>leds.obj</name>
      </input_file>
      <input_file id="fl-7">
         <path>.\</path>
         <kind>object</kind>
         <file>main.obj</file>
         <name>main.obj</name>
      </input_file>
      <input_file id="fl-8">
         <path>.\</path>
         <kind>object</kind>
         <file>msp430_initialize_unused_interrrupt_vectors.obj</file>
         <name>msp430_initialize_unused_interrrupt_vectors.obj</name>
      </input_file>
      <input_file id="fl-9">
         <path>.\</path>
         <kind>object</kind>
         <file>sysfunc.obj</file>
         <name>sysfunc.obj</name>
      </input_file>
      <input_file id="fl-a">
         <path>.\</path>
         <kind>object</kind>
         <file>uart.obj</file>
         <name>uart.obj</name>
      </input_file>
      <input_file id="fl-f">
         <kind>object</kind>
         <file>&lt;internal&gt;</file>
         <name>&lt;internal&gt;</name>
      </input_file>
      <input_file id="fl-25">
         <path>C:\ti\ccs930\ccs\tools\compiler\ti-cgt-msp430_18.12.5.LTS\lib\</path>
         <kind>archive</kind>
         <file>rts430_eabi.lib</file>
         <name>sprintf.c.obj</name>
      </input_file>
      <input_file id="fl-26">
         <path>C:\ti\ccs930\ccs\tools\compiler\ti-cgt-msp430_18.12.5.LTS\lib\</path>
         <kind>archive</kind>
         <file>rts430_eabi.lib</file>
         <name>div32s.asm.obj</name>
      </input_file>
      <input_file id="fl-27">
         <path>C:\ti\ccs930\ccs\tools\compiler\ti-cgt-msp430_18.12.5.LTS\lib\</path>
         <kind>archive</kind>
         <file>rts430_eabi.lib</file>
         <name>div32u.asm.obj</name>
      </input_file>
      <input_file id="fl-28">
         <path>C:\ti\ccs930\ccs\tools\compiler\ti-cgt-msp430_18.12.5.LTS\lib\</path>
         <kind>archive</kind>
         <file>rts430_eabi.lib</file>
         <name>epilog.asm.obj</name>
      </input_file>
      <input_file id="fl-29">
         <path>C:\ti\ccs930\ccs\tools\compiler\ti-cgt-msp430_18.12.5.LTS\lib\</path>
         <kind>archive</kind>
         <file>rts430_eabi.lib</file>
         <name>int09.asm.obj</name>
      </input_file>
      <input_file id="fl-2a">
         <path>C:\ti\ccs930\ccs\tools\compiler\ti-cgt-msp430_18.12.5.LTS\lib\</path>
         <kind>archive</kind>
         <file>rts430_eabi.lib</file>
         <name>isr_trap.asm.obj</name>
      </input_file>
      <input_file id="fl-2b">
         <path>C:\ti\ccs930\ccs\tools\compiler\ti-cgt-msp430_18.12.5.LTS\lib\</path>
         <kind>archive</kind>
         <file>rts430_eabi.lib</file>
         <name>lsl16.asm.obj</name>
      </input_file>
      <input_file id="fl-2c">
         <path>C:\ti\ccs930\ccs\tools\compiler\ti-cgt-msp430_18.12.5.LTS\lib\</path>
         <kind>archive</kind>
         <file>rts430_eabi.lib</file>
         <name>mult16.asm.obj</name>
      </input_file>
      <input_file id="fl-2d">
         <path>C:\ti\ccs930\ccs\tools\compiler\ti-cgt-msp430_18.12.5.LTS\lib\</path>
         <kind>archive</kind>
         <file>rts430_eabi.lib</file>
         <name>mult16_hw.asm.obj</name>
      </input_file>
      <input_file id="fl-2e">
         <path>C:\ti\ccs930\ccs\tools\compiler\ti-cgt-msp430_18.12.5.LTS\lib\</path>
         <kind>archive</kind>
         <file>rts430_eabi.lib</file>
         <name>mult1632_hw.asm.obj</name>
      </input_file>
      <input_file id="fl-2f">
         <path>C:\ti\ccs930\ccs\tools\compiler\ti-cgt-msp430_18.12.5.LTS\lib\</path>
         <kind>archive</kind>
         <file>rts430_eabi.lib</file>
         <name>mult32.asm.obj</name>
      </input_file>
      <input_file id="fl-30">
         <path>C:\ti\ccs930\ccs\tools\compiler\ti-cgt-msp430_18.12.5.LTS\lib\</path>
         <kind>archive</kind>
         <file>rts430_eabi.lib</file>
         <name>mult32_hw.asm.obj</name>
      </input_file>
      <input_file id="fl-31">
         <path>C:\ti\ccs930\ccs\tools\compiler\ti-cgt-msp430_18.12.5.LTS\lib\</path>
         <kind>archive</kind>
         <file>rts430_eabi.lib</file>
         <name>mult3264_hw.asm.obj</name>
      </input_file>
      <input_file id="fl-32">
         <path>C:\ti\ccs930\ccs\tools\compiler\ti-cgt-msp430_18.12.5.LTS\lib\</path>
         <kind>archive</kind>
         <file>rts430_eabi.lib</file>
         <name>mult64_hw.asm.obj</name>
      </input_file>
      <input_file id="fl-33">
         <path>C:\ti\ccs930\ccs\tools\compiler\ti-cgt-msp430_18.12.5.LTS\lib\</path>
         <kind>archive</kind>
         <file>rts430_eabi.lib</file>
         <name>boot.c.obj</name>
      </input_file>
      <input_file id="fl-34">
         <path>C:\ti\ccs930\ccs\tools\compiler\ti-cgt-msp430_18.12.5.LTS\lib\</path>
         <kind>archive</kind>
         <file>rts430_eabi.lib</file>
         <name>autoinit.c.obj</name>
      </input_file>
      <input_file id="fl-35">
         <path>C:\ti\ccs930\ccs\tools\compiler\ti-cgt-msp430_18.12.5.LTS\lib\</path>
         <kind>archive</kind>
         <file>rts430_eabi.lib</file>
         <name>copy_zero_init.c.obj</name>
      </input_file>
      <input_file id="fl-36">
         <path>C:\ti\ccs930\ccs\tools\compiler\ti-cgt-msp430_18.12.5.LTS\lib\</path>
         <kind>archive</kind>
         <file>rts430_eabi.lib</file>
         <name>cpy_tbl.c.obj</name>
      </input_file>
      <input_file id="fl-37">
         <path>C:\ti\ccs930\ccs\tools\compiler\ti-cgt-msp430_18.12.5.LTS\lib\</path>
         <kind>archive</kind>
         <file>rts430_eabi.lib</file>
         <name>mpu_init.c.obj</name>
      </input_file>
      <input_file id="fl-38">
         <path>C:\ti\ccs930\ccs\tools\compiler\ti-cgt-msp430_18.12.5.LTS\lib\</path>
         <kind>archive</kind>
         <file>rts430_eabi.lib</file>
         <name>pre_init.c.obj</name>
      </input_file>
      <input_file id="fl-39">
         <path>C:\ti\ccs930\ccs\tools\compiler\ti-cgt-msp430_18.12.5.LTS\lib\</path>
         <kind>archive</kind>
         <file>rts430_eabi.lib</file>
         <name>startup.c.obj</name>
      </input_file>
      <input_file id="fl-3a">
         <path>C:\ti\ccs930\ccs\tools\compiler\ti-cgt-msp430_18.12.5.LTS\lib\</path>
         <kind>archive</kind>
         <file>rts430_eabi.lib</file>
         <name>copy_decompress_none.c.obj</name>
      </input_file>
      <input_file id="fl-3b">
         <path>C:\ti\ccs930\ccs\tools\compiler\ti-cgt-msp430_18.12.5.LTS\lib\</path>
         <kind>archive</kind>
         <file>rts430_eabi.lib</file>
         <name>copy_decompress_lzss.c.obj</name>
      </input_file>
      <input_file id="fl-3c">
         <path>C:\ti\ccs930\ccs\tools\compiler\ti-cgt-msp430_18.12.5.LTS\lib\</path>
         <kind>archive</kind>
         <file>rts430_eabi.lib</file>
         <name>cvtdf.c.obj</name>
      </input_file>
      <input_file id="fl-3d">
         <path>C:\ti\ccs930\ccs\tools\compiler\ti-cgt-msp430_18.12.5.LTS\lib\</path>
         <kind>archive</kind>
         <file>rts430_eabi.lib</file>
         <name>cvtfd.c.obj</name>
      </input_file>
      <input_file id="fl-3e">
         <path>C:\ti\ccs930\ccs\tools\compiler\ti-cgt-msp430_18.12.5.LTS\lib\</path>
         <kind>archive</kind>
         <file>rts430_eabi.lib</file>
         <name>divd.c.obj</name>
      </input_file>
      <input_file id="fl-3f">
         <path>C:\ti\ccs930\ccs\tools\compiler\ti-cgt-msp430_18.12.5.LTS\lib\</path>
         <kind>archive</kind>
         <file>rts430_eabi.lib</file>
         <name>fltud.c.obj</name>
      </input_file>
      <input_file id="fl-40">
         <path>C:\ti\ccs930\ccs\tools\compiler\ti-cgt-msp430_18.12.5.LTS\lib\</path>
         <kind>archive</kind>
         <file>rts430_eabi.lib</file>
         <name>fltuld.c.obj</name>
      </input_file>
      <input_file id="fl-41">
         <path>C:\ti\ccs930\ccs\tools\compiler\ti-cgt-msp430_18.12.5.LTS\lib\</path>
         <kind>archive</kind>
         <file>rts430_eabi.lib</file>
         <name>frcdivd.c.obj</name>
      </input_file>
      <input_file id="fl-42">
         <path>C:\ti\ccs930\ccs\tools\compiler\ti-cgt-msp430_18.12.5.LTS\lib\</path>
         <kind>archive</kind>
         <file>rts430_eabi.lib</file>
         <name>mpyd.c.obj</name>
      </input_file>
      <input_file id="fl-43">
         <path>C:\ti\ccs930\ccs\tools\compiler\ti-cgt-msp430_18.12.5.LTS\lib\</path>
         <kind>archive</kind>
         <file>rts430_eabi.lib</file>
         <name>subd.c.obj</name>
      </input_file>
      <input_file id="fl-44">
         <path>C:\ti\ccs930\ccs\tools\compiler\ti-cgt-msp430_18.12.5.LTS\lib\</path>
         <kind>archive</kind>
         <file>rts430_eabi.lib</file>
         <name>exit.c.obj</name>
      </input_file>
      <input_file id="fl-45">
         <path>C:\ti\ccs930\ccs\tools\compiler\ti-cgt-msp430_18.12.5.LTS\lib\</path>
         <kind>archive</kind>
         <file>rts430_eabi.lib</file>
         <name>_lock.c.obj</name>
      </input_file>
      <input_file id="fl-46">
         <path>C:\ti\ccs930\ccs\tools\compiler\ti-cgt-msp430_18.12.5.LTS\lib\</path>
         <kind>archive</kind>
         <file>rts430_eabi.lib</file>
         <name>args_main.c.obj</name>
      </input_file>
      <input_file id="fl-47">
         <path>C:\ti\ccs930\ccs\tools\compiler\ti-cgt-msp430_18.12.5.LTS\lib\</path>
         <kind>archive</kind>
         <file>rts430_eabi.lib</file>
         <name>memcpy.c.obj</name>
      </input_file>
      <input_file id="fl-48">
         <path>C:\ti\ccs930\ccs\tools\compiler\ti-cgt-msp430_18.12.5.LTS\lib\</path>
         <kind>archive</kind>
         <file>rts430_eabi.lib</file>
         <name>_printfi.c.obj</name>
      </input_file>
      <input_file id="fl-49">
         <path>C:\ti\ccs930\ccs\tools\compiler\ti-cgt-msp430_18.12.5.LTS\lib\</path>
         <kind>archive</kind>
         <file>rts430_eabi.lib</file>
         <name>s_frexp.c.obj</name>
      </input_file>
      <input_file id="fl-4a">
         <path>C:\ti\ccs930\ccs\tools\compiler\ti-cgt-msp430_18.12.5.LTS\lib\</path>
         <kind>archive</kind>
         <file>rts430_eabi.lib</file>
         <name>s_scalbn.c.obj</name>
      </input_file>
      <input_file id="fl-4b">
         <path>C:\ti\ccs930\ccs\tools\compiler\ti-cgt-msp430_18.12.5.LTS\lib\</path>
         <kind>archive</kind>
         <file>rts430_eabi.lib</file>
         <name>s_copysign.c.obj</name>
      </input_file>
      <input_file id="fl-4c">
         <path>C:\ti\ccs930\ccs\tools\compiler\ti-cgt-msp430_18.12.5.LTS\lib\</path>
         <kind>archive</kind>
         <file>rts430_eabi.lib</file>
         <name>asr16.asm.obj</name>
      </input_file>
      <input_file id="fl-4d">
         <path>C:\ti\ccs930\ccs\tools\compiler\ti-cgt-msp430_18.12.5.LTS\lib\</path>
         <kind>archive</kind>
         <file>rts430_eabi.lib</file>
         <name>asr32.asm.obj</name>
      </input_file>
      <input_file id="fl-4e">
         <path>C:\ti\ccs930\ccs\tools\compiler\ti-cgt-msp430_18.12.5.LTS\lib\</path>
         <kind>archive</kind>
         <file>rts430_eabi.lib</file>
         <name>div16u.asm.obj</name>
      </input_file>
      <input_file id="fl-4f">
         <path>C:\ti\ccs930\ccs\tools\compiler\ti-cgt-msp430_18.12.5.LTS\lib\</path>
         <kind>archive</kind>
         <file>rts430_eabi.lib</file>
         <name>lsl32.asm.obj</name>
      </input_file>
      <input_file id="fl-50">
         <path>C:\ti\ccs930\ccs\tools\compiler\ti-cgt-msp430_18.12.5.LTS\lib\</path>
         <kind>archive</kind>
         <file>rts430_eabi.lib</file>
         <name>lsr16.asm.obj</name>
      </input_file>
      <input_file id="fl-51">
         <path>C:\ti\ccs930\ccs\tools\compiler\ti-cgt-msp430_18.12.5.LTS\lib\</path>
         <kind>archive</kind>
         <file>rts430_eabi.lib</file>
         <name>lsr32.asm.obj</name>
      </input_file>
      <input_file id="fl-52">
         <path>C:\ti\ccs930\ccs\tools\compiler\ti-cgt-msp430_18.12.5.LTS\lib\</path>
         <kind>archive</kind>
         <file>rts430_eabi.lib</file>
         <name>exit_gvars.c.obj</name>
      </input_file>
      <input_file id="fl-53">
         <path>C:\ti\ccs930\ccs\tools\compiler\ti-cgt-msp430_18.12.5.LTS\lib\</path>
         <kind>archive</kind>
         <file>rts430_eabi.lib</file>
         <name>lsr64.c.obj</name>
      </input_file>
      <input_file id="fl-54">
         <path>C:\ti\ccs930\ccs\tools\compiler\ti-cgt-msp430_18.12.5.LTS\lib\</path>
         <kind>archive</kind>
         <file>rts430_eabi.lib</file>
         <name>div64u.c.obj</name>
      </input_file>
      <input_file id="fl-55">
         <path>C:\ti\ccs930\ccs\tools\compiler\ti-cgt-msp430_18.12.5.LTS\lib\</path>
         <kind>archive</kind>
         <file>rts430_eabi.lib</file>
         <name>addd.c.obj</name>
      </input_file>
      <input_file id="fl-56">
         <path>C:\ti\ccs930\ccs\tools\compiler\ti-cgt-msp430_18.12.5.LTS\lib\</path>
         <kind>archive</kind>
         <file>rts430_eabi.lib</file>
         <name>cmpd.c.obj</name>
      </input_file>
      <input_file id="fl-57">
         <path>C:\ti\ccs930\ccs\tools\compiler\ti-cgt-msp430_18.12.5.LTS\lib\</path>
         <kind>archive</kind>
         <file>rts430_eabi.lib</file>
         <name>fixdi.c.obj</name>
      </input_file>
      <input_file id="fl-58">
         <path>C:\ti\ccs930\ccs\tools\compiler\ti-cgt-msp430_18.12.5.LTS\lib\</path>
         <kind>archive</kind>
         <file>rts430_eabi.lib</file>
         <name>fixdli.c.obj</name>
      </input_file>
      <input_file id="fl-59">
         <path>C:\ti\ccs930\ccs\tools\compiler\ti-cgt-msp430_18.12.5.LTS\lib\</path>
         <kind>archive</kind>
         <file>rts430_eabi.lib</file>
         <name>fltid.c.obj</name>
      </input_file>
      <input_file id="fl-5a">
         <path>C:\ti\ccs930\ccs\tools\compiler\ti-cgt-msp430_18.12.5.LTS\lib\</path>
         <kind>archive</kind>
         <file>rts430_eabi.lib</file>
         <name>fltlid.c.obj</name>
      </input_file>
      <input_file id="fl-5b">
         <path>C:\ti\ccs930\ccs\tools\compiler\ti-cgt-msp430_18.12.5.LTS\lib\</path>
         <kind>archive</kind>
         <file>rts430_eabi.lib</file>
         <name>frcaddd.c.obj</name>
      </input_file>
      <input_file id="fl-5c">
         <path>C:\ti\ccs930\ccs\tools\compiler\ti-cgt-msp430_18.12.5.LTS\lib\</path>
         <kind>archive</kind>
         <file>rts430_eabi.lib</file>
         <name>frcmpyd.c.obj</name>
      </input_file>
      <input_file id="fl-5d">
         <path>C:\ti\ccs930\ccs\tools\compiler\ti-cgt-msp430_18.12.5.LTS\lib\</path>
         <kind>archive</kind>
         <file>rts430_eabi.lib</file>
         <name>negd.c.obj</name>
      </input_file>
      <input_file id="fl-5e">
         <path>C:\ti\ccs930\ccs\tools\compiler\ti-cgt-msp430_18.12.5.LTS\lib\</path>
         <kind>archive</kind>
         <file>rts430_eabi.lib</file>
         <name>renormd.c.obj</name>
      </input_file>
      <input_file id="fl-5f">
         <path>C:\ti\ccs930\ccs\tools\compiler\ti-cgt-msp430_18.12.5.LTS\lib\</path>
         <kind>archive</kind>
         <file>rts430_eabi.lib</file>
         <name>atoi.c.obj</name>
      </input_file>
      <input_file id="fl-60">
         <path>C:\ti\ccs930\ccs\tools\compiler\ti-cgt-msp430_18.12.5.LTS\lib\</path>
         <kind>archive</kind>
         <file>rts430_eabi.lib</file>
         <name>ctype.c.obj</name>
      </input_file>
      <input_file id="fl-61">
         <path>C:\ti\ccs930\ccs\tools\compiler\ti-cgt-msp430_18.12.5.LTS\lib\</path>
         <kind>archive</kind>
         <file>rts430_eabi.lib</file>
         <name>ltoa.c.obj</name>
      </input_file>
      <input_file id="fl-62">
         <path>C:\ti\ccs930\ccs\tools\compiler\ti-cgt-msp430_18.12.5.LTS\lib\</path>
         <kind>archive</kind>
         <file>rts430_eabi.lib</file>
         <name>memccpy.c.obj</name>
      </input_file>
      <input_file id="fl-63">
         <path>C:\ti\ccs930\ccs\tools\compiler\ti-cgt-msp430_18.12.5.LTS\lib\</path>
         <kind>archive</kind>
         <file>rts430_eabi.lib</file>
         <name>memset.c.obj</name>
      </input_file>
      <input_file id="fl-64">
         <path>C:\ti\ccs930\ccs\tools\compiler\ti-cgt-msp430_18.12.5.LTS\lib\</path>
         <kind>archive</kind>
         <file>rts430_eabi.lib</file>
         <name>strchr.c.obj</name>
      </input_file>
      <input_file id="fl-65">
         <path>C:\ti\ccs930\ccs\tools\compiler\ti-cgt-msp430_18.12.5.LTS\lib\</path>
         <kind>archive</kind>
         <file>rts430_eabi.lib</file>
         <name>strlen.c.obj</name>
      </input_file>
      <input_file id="fl-66">
         <path>C:\ti\ccs930\ccs\tools\compiler\ti-cgt-msp430_18.12.5.LTS\lib\</path>
         <kind>archive</kind>
         <file>rts430_eabi.lib</file>
         <name>toupper.c.obj</name>
      </input_file>
      <input_file id="fl-67">
         <path>C:\ti\ccs930\ccs\tools\compiler\ti-cgt-msp430_18.12.5.LTS\lib\</path>
         <kind>archive</kind>
         <file>rts430_eabi.lib</file>
         <name>errno.c.obj</name>
      </input_file>
      <input_file id="fl-68">
         <path>C:\ti\ccs930\ccs\tools\compiler\ti-cgt-msp430_18.12.5.LTS\lib\</path>
         <kind>archive</kind>
         <file>rts430_eabi.lib</file>
         <name>abs.c.obj</name>
      </input_file>
      <input_file id="fl-69">
         <path>C:\ti\ccs930\ccs\tools\compiler\ti-cgt-msp430_18.12.5.LTS\lib\</path>
         <kind>archive</kind>
         <file>rts430_eabi.lib</file>
         <name>wcslen.c.obj</name>
      </input_file>
      <input_file id="fl-6a">
         <path>C:\ti\ccs930\ccs\tools\compiler\ti-cgt-msp430_18.12.5.LTS\lib\</path>
         <kind>archive</kind>
         <file>rts430_eabi.lib</file>
         <name>lsl64.c.obj</name>
      </input_file>
   </input_file_list>
   <object_component_list>
      <object_component id="oc-25e">
         <name>.common:LCD_row</name>
         <uninitialized>true</uninitialized>
         <run_address>0x114b</run_address>
         <size>0x1</size>
      </object_component>
      <object_component id="oc-261">
         <name>.common:LCD_col</name>
         <uninitialized>true</uninitialized>
         <run_address>0x114a</run_address>
         <size>0x1</size>
      </object_component>
      <object_component id="oc-263">
         <name>.common:n</name>
         <uninitialized>true</uninitialized>
         <run_address>0x114c</run_address>
         <size>0x1</size>
      </object_component>
      <object_component id="oc-18e">
         <name>.common:BufTptr</name>
         <uninitialized>true</uninitialized>
         <run_address>0x1144</run_address>
         <size>0x2</size>
      </object_component>
      <object_component id="oc-18b">
         <name>.common:BufRptr</name>
         <uninitialized>true</uninitialized>
         <run_address>0x1142</run_address>
         <size>0x2</size>
      </object_component>
      <object_component id="oc-271">
         <name>.common:wait_i</name>
         <uninitialized>true</uninitialized>
         <run_address>0x1146</run_address>
         <size>0x2</size>
      </object_component>
      <object_component id="oc-272">
         <name>.common:wait_j</name>
         <uninitialized>true</uninitialized>
         <run_address>0x1148</run_address>
         <size>0x2</size>
      </object_component>
      <object_component id="oc-2d8">
         <name>.data:LCD_table</name>
         <load_address>0x1100</load_address>
         <run_address>0x1100</run_address>
         <size>0x40</size>
         <input_file_ref idref="fl-5"/>
      </object_component>
      <object_component id="oc-36e">
         <name>.data</name>
         <load_address>0x1140</load_address>
         <run_address>0x1140</run_address>
         <size>0x2</size>
         <input_file_ref idref="fl-67"/>
      </object_component>
      <object_component id="oc-f2">
         <name>.stack</name>
         <uninitialized>true</uninitialized>
         <run_address>0x370c</run_address>
         <size>0x2</size>
         <input_file_ref idref="fl-33"/>
      </object_component>
      <object_component id="oc-565">
         <name>.stack</name>
         <uninitialized>true</uninitialized>
         <run_address>0x370c</run_address>
         <size>0x0</size>
      </object_component>
      <object_component id="oc-495">
         <name>.text:__TI_frcdivd</name>
         <load_address>0x4000</load_address>
         <run_address>0x4000</run_address>
         <size>0x478</size>
         <input_file_ref idref="fl-41"/>
      </object_component>
      <object_component id="oc-3e4">
         <name>.text:__mspabi_divull</name>
         <load_address>0x4478</load_address>
         <run_address>0x4478</run_address>
         <size>0x360</size>
         <input_file_ref idref="fl-54"/>
      </object_component>
      <object_component id="oc-4cb">
         <name>.text:__mspabi_addd</name>
         <load_address>0x47d8</load_address>
         <run_address>0x47d8</run_address>
         <size>0x2fa</size>
         <input_file_ref idref="fl-55"/>
      </object_component>
      <object_component id="oc-292">
         <name>.text:__TI_printfi</name>
         <load_address>0x4ad2</load_address>
         <run_address>0x4ad2</run_address>
         <size>0x288</size>
         <input_file_ref idref="fl-48"/>
      </object_component>
      <object_component id="oc-48d">
         <name>.text:__TI_frcmpyd</name>
         <load_address>0x4d5a</load_address>
         <run_address>0x4d5a</run_address>
         <size>0x286</size>
         <input_file_ref idref="fl-5c"/>
      </object_component>
      <object_component id="oc-41e">
         <name>.text:__mspabi_mpyd</name>
         <load_address>0x4fe0</load_address>
         <run_address>0x4fe0</run_address>
         <size>0x26e</size>
         <input_file_ref idref="fl-42"/>
      </object_component>
      <object_component id="oc-35a">
         <name>.text:_pproc_fgea</name>
         <load_address>0x524e</load_address>
         <run_address>0x524e</run_address>
         <size>0x26e</size>
         <input_file_ref idref="fl-48"/>
      </object_component>
      <object_component id="oc-4f9">
         <name>.text:__TI_frcaddd</name>
         <load_address>0x54bc</load_address>
         <run_address>0x54bc</run_address>
         <size>0x260</size>
         <input_file_ref idref="fl-5b"/>
      </object_component>
      <object_component id="oc-2f3">
         <name>.text:_setfield</name>
         <load_address>0x571c</load_address>
         <run_address>0x571c</run_address>
         <size>0x252</size>
         <input_file_ref idref="fl-48"/>
      </object_component>
      <object_component id="oc-431">
         <name>.text:acvt</name>
         <load_address>0x596e</load_address>
         <run_address>0x596e</run_address>
         <size>0x244</size>
         <input_file_ref idref="fl-48"/>
      </object_component>
      <object_component id="oc-424">
         <name>.text:__mspabi_divd</name>
         <load_address>0x5bb2</load_address>
         <run_address>0x5bb2</run_address>
         <size>0x238</size>
         <input_file_ref idref="fl-3e"/>
      </object_component>
      <object_component id="oc-394">
         <name>.text:_getarg_diouxp</name>
         <load_address>0x5dea</load_address>
         <run_address>0x5dea</run_address>
         <size>0x1ec</size>
         <input_file_ref idref="fl-48"/>
      </object_component>
      <object_component id="oc-3fe">
         <name>.text:ecvt</name>
         <load_address>0x5fd6</load_address>
         <run_address>0x5fd6</run_address>
         <size>0x1de</size>
         <input_file_ref idref="fl-48"/>
      </object_component>
      <object_component id="oc-411">
         <name>.text:fcvt</name>
         <load_address>0x61b4</load_address>
         <run_address>0x61b4</run_address>
         <size>0x1c4</size>
         <input_file_ref idref="fl-48"/>
      </object_component>
      <object_component id="oc-3be">
         <name>.text:_pconv_e</name>
         <load_address>0x6378</load_address>
         <run_address>0x6378</run_address>
         <size>0x1a6</size>
         <input_file_ref idref="fl-48"/>
      </object_component>
      <object_component id="oc-3c4">
         <name>.text:_pconv_a</name>
         <load_address>0x651e</load_address>
         <run_address>0x651e</run_address>
         <size>0x174</size>
         <input_file_ref idref="fl-48"/>
      </object_component>
      <object_component id="oc-4a4">
         <name>.text:scalbn</name>
         <load_address>0x6692</load_address>
         <run_address>0x6692</run_address>
         <size>0x16a</size>
         <input_file_ref idref="fl-4a"/>
      </object_component>
      <object_component id="oc-354">
         <name>.text:_pproc_diouxp</name>
         <load_address>0x67fc</load_address>
         <run_address>0x67fc</run_address>
         <size>0x14c</size>
         <input_file_ref idref="fl-48"/>
      </object_component>
      <object_component id="oc-39a">
         <name>.text:_ltostr</name>
         <load_address>0x6948</load_address>
         <run_address>0x6948</run_address>
         <size>0x12e</size>
         <input_file_ref idref="fl-48"/>
      </object_component>
      <object_component id="oc-3b2">
         <name>.text:_pconv_g</name>
         <load_address>0x6a76</load_address>
         <run_address>0x6a76</run_address>
         <size>0xf8</size>
         <input_file_ref idref="fl-48"/>
      </object_component>
      <object_component id="oc-2ed">
         <name>.text:_pproc_fwp</name>
         <load_address>0x6b6e</load_address>
         <run_address>0x6b6e</run_address>
         <size>0xe0</size>
         <input_file_ref idref="fl-48"/>
      </object_component>
      <object_component id="oc-3ca">
         <name>.text:__mspabi_cmpd</name>
         <load_address>0x6c4e</load_address>
         <run_address>0x6c4e</run_address>
         <size>0xdc</size>
         <input_file_ref idref="fl-56"/>
      </object_component>
      <object_component id="oc-2ff">
         <name>.text:_pproc_wstr</name>
         <load_address>0x6d2a</load_address>
         <run_address>0x6d2a</run_address>
         <size>0xc4</size>
         <input_file_ref idref="fl-48"/>
      </object_component>
      <object_component id="oc-515">
         <name>.text:__TI_renormd</name>
         <load_address>0x6dee</load_address>
         <run_address>0x6dee</run_address>
         <size>0xbe</size>
         <input_file_ref idref="fl-5e"/>
      </object_component>
      <object_component id="oc-42b">
         <name>.text:frexp</name>
         <load_address>0x6eac</load_address>
         <run_address>0x6eac</run_address>
         <size>0xb0</size>
         <input_file_ref idref="fl-49"/>
      </object_component>
      <object_component id="oc-470">
         <name>.text:__mspabi_fltlid</name>
         <load_address>0x6f5c</load_address>
         <run_address>0x6f5c</run_address>
         <size>0xac</size>
         <input_file_ref idref="fl-5a"/>
      </object_component>
      <object_component id="oc-2f9">
         <name>.text:_pproc_str</name>
         <load_address>0x7008</load_address>
         <run_address>0x7008</run_address>
         <size>0xac</size>
         <input_file_ref idref="fl-48"/>
      </object_component>
      <object_component id="oc-2cf">
         <name>.text:LCD_WriteByte</name>
         <load_address>0x70b4</load_address>
         <run_address>0x70b4</run_address>
         <size>0x94</size>
         <input_file_ref idref="fl-5"/>
      </object_component>
      <object_component id="oc-40a">
         <name>.text:_mcpy</name>
         <load_address>0x7148</load_address>
         <run_address>0x7148</run_address>
         <size>0x92</size>
         <input_file_ref idref="fl-48"/>
      </object_component>
      <object_component id="oc-404">
         <name>.text:_ecpy</name>
         <load_address>0x71da</load_address>
         <run_address>0x71da</run_address>
         <size>0x8e</size>
         <input_file_ref idref="fl-48"/>
      </object_component>
      <object_component id="oc-46a">
         <name>.text:ltoa</name>
         <load_address>0x7268</load_address>
         <run_address>0x7268</run_address>
         <size>0x84</size>
         <input_file_ref idref="fl-61"/>
      </object_component>
      <object_component id="oc-30">
         <name>.text:decompress:lzss:__TI_decompress_lzss</name>
         <load_address>0x72ec</load_address>
         <run_address>0x72ec</run_address>
         <size>0x7c</size>
         <input_file_ref idref="fl-3b"/>
      </object_component>
      <object_component id="oc-3b8">
         <name>.text:_pconv_f</name>
         <load_address>0x7368</load_address>
         <run_address>0x7368</run_address>
         <size>0x7a</size>
         <input_file_ref idref="fl-48"/>
      </object_component>
      <object_component id="oc-19f">
         <name>.text:main</name>
         <load_address>0x73e2</load_address>
         <run_address>0x73e2</run_address>
         <size>0x7a</size>
         <input_file_ref idref="fl-7"/>
      </object_component>
      <object_component id="oc-275">
         <name>.text:res_measure</name>
         <load_address>0x745c</load_address>
         <run_address>0x745c</run_address>
         <size>0x7a</size>
         <input_file_ref idref="fl-3"/>
      </object_component>
      <object_component id="oc-464">
         <name>.text:__mspabi_fixdli</name>
         <load_address>0x74d6</load_address>
         <run_address>0x74d6</run_address>
         <size>0x72</size>
         <input_file_ref idref="fl-58"/>
      </object_component>
      <object_component id="oc-129">
         <name>.text:I2C_ISR</name>
         <load_address>0x7548</load_address>
         <run_address>0x7548</run_address>
         <size>0x62</size>
         <input_file_ref idref="fl-2"/>
      </object_component>
      <object_component id="oc-1ee">
         <name>.text:LCD_message</name>
         <load_address>0x75aa</load_address>
         <run_address>0x75aa</run_address>
         <size>0x60</size>
         <input_file_ref idref="fl-5"/>
      </object_component>
      <object_component id="oc-4c4">
         <name>.text:l_lsr_const</name>
         <load_address>0x760a</load_address>
         <run_address>0x760a</run_address>
         <size>0x5c</size>
         <input_file_ref idref="fl-51"/>
      </object_component>
      <object_component id="oc-232">
         <name>.text:__TI_auto_init_nobinit_nopinit_hold_wdt:__TI_auto_init_nobinit_nopinit_hold_wdt</name>
         <load_address>0x7666</load_address>
         <run_address>0x7666</run_address>
         <size>0x58</size>
         <input_file_ref idref="fl-34"/>
      </object_component>
      <object_component id="oc-2df">
         <name>.text</name>
         <load_address>0x76be</load_address>
         <run_address>0x76be</run_address>
         <size>0x58</size>
         <input_file_ref idref="fl-27"/>
      </object_component>
      <object_component id="oc-346">
         <name>.text:atoi</name>
         <load_address>0x7716</load_address>
         <run_address>0x7716</run_address>
         <size>0x52</size>
         <input_file_ref idref="fl-5f"/>
      </object_component>
      <object_component id="oc-417">
         <name>.text:_fcpy</name>
         <load_address>0x7768</load_address>
         <run_address>0x7768</run_address>
         <size>0x4e</size>
         <input_file_ref idref="fl-48"/>
      </object_component>
      <object_component id="oc-fb">
         <name>.text</name>
         <load_address>0x77b6</load_address>
         <run_address>0x77b6</run_address>
         <size>0x4c</size>
         <input_file_ref idref="fl-50"/>
      </object_component>
      <object_component id="oc-1df">
         <name>.text:LCD_init</name>
         <load_address>0x7802</load_address>
         <run_address>0x7802</run_address>
         <size>0x46</size>
         <input_file_ref idref="fl-5"/>
      </object_component>
      <object_component id="oc-3ef">
         <name>.text:__mspabi_srlll</name>
         <load_address>0x7848</load_address>
         <run_address>0x7848</run_address>
         <size>0x46</size>
         <input_file_ref idref="fl-53"/>
      </object_component>
      <object_component id="oc-1e8">
         <name>.text:LCD_set_pos</name>
         <load_address>0x788e</load_address>
         <run_address>0x788e</run_address>
         <size>0x44</size>
         <input_file_ref idref="fl-5"/>
      </object_component>
      <object_component id="oc-449">
         <name>.text:__mspabi_sllll</name>
         <load_address>0x78d2</load_address>
         <run_address>0x78d2</run_address>
         <size>0x44</size>
         <input_file_ref idref="fl-6a"/>
      </object_component>
      <object_component id="oc-280">
         <name>.text</name>
         <load_address>0x7916</load_address>
         <run_address>0x7916</run_address>
         <size>0x40</size>
         <input_file_ref idref="fl-26"/>
      </object_component>
      <object_component id="oc-4d4">
         <name>.text:l_asr_const</name>
         <load_address>0x7956</load_address>
         <run_address>0x7956</run_address>
         <size>0x3e</size>
         <input_file_ref idref="fl-4d"/>
      </object_component>
      <object_component id="oc-4bc">
         <name>.text:l_lsl_const</name>
         <load_address>0x7994</load_address>
         <run_address>0x7994</run_address>
         <size>0x3e</size>
         <input_file_ref idref="fl-4f"/>
      </object_component>
      <object_component id="oc-200">
         <name>.text:R22_get_resistance</name>
         <load_address>0x79d2</load_address>
         <run_address>0x79d2</run_address>
         <size>0x3c</size>
         <input_file_ref idref="fl-3"/>
      </object_component>
      <object_component id="oc-207">
         <name>.text:sprintf</name>
         <load_address>0x7a0e</load_address>
         <run_address>0x7a0e</run_address>
         <size>0x38</size>
         <input_file_ref idref="fl-25"/>
      </object_component>
      <object_component id="oc-1f4">
         <name>.text:wait_1ms</name>
         <load_address>0x7a46</load_address>
         <run_address>0x7a46</run_address>
         <size>0x36</size>
         <input_file_ref idref="fl-9"/>
      </object_component>
      <object_component id="oc-1d3">
         <name>.text:Init_System_Clock</name>
         <load_address>0x7a7c</load_address>
         <run_address>0x7a7c</run_address>
         <size>0x30</size>
         <input_file_ref idref="fl-9"/>
      </object_component>
      <object_component id="oc-476">
         <name>.text:__mspabi_subd</name>
         <load_address>0x7aac</load_address>
         <run_address>0x7aac</run_address>
         <size>0x2e</size>
         <input_file_ref idref="fl-43"/>
      </object_component>
      <object_component id="oc-4e8">
         <name>.text:copysign</name>
         <load_address>0x7ada</load_address>
         <run_address>0x7ada</run_address>
         <size>0x2e</size>
         <input_file_ref idref="fl-4b"/>
      </object_component>
      <object_component id="oc-27b">
         <name>.text</name>
         <load_address>0x7b08</load_address>
         <run_address>0x7b08</run_address>
         <size>0x2e</size>
         <input_file_ref idref="fl-30"/>
      </object_component>
      <object_component id="oc-457">
         <name>.text</name>
         <load_address>0x7b36</load_address>
         <run_address>0x7b36</run_address>
         <size>0x2c</size>
         <input_file_ref idref="fl-4c"/>
      </object_component>
      <object_component id="oc-f6">
         <name>.text</name>
         <load_address>0x7b62</load_address>
         <run_address>0x7b62</run_address>
         <size>0x2c</size>
         <input_file_ref idref="fl-2b"/>
      </object_component>
      <object_component id="oc-3ac">
         <name>.text:__mspabi_negd</name>
         <load_address>0x7b8e</load_address>
         <run_address>0x7b8e</run_address>
         <size>0x2a</size>
         <input_file_ref idref="fl-5d"/>
      </object_component>
      <object_component id="oc-47c">
         <name>.text:__mspabi_fixdi</name>
         <load_address>0x7bb8</load_address>
         <run_address>0x7bb8</run_address>
         <size>0x28</size>
         <input_file_ref idref="fl-57"/>
      </object_component>
      <object_component id="oc-264">
         <name>.text:LCD_recode</name>
         <load_address>0x7be0</load_address>
         <run_address>0x7be0</run_address>
         <size>0x1c</size>
         <input_file_ref idref="fl-5"/>
      </object_component>
      <object_component id="oc-146">
         <name>.text:_c_int00_noargs</name>
         <load_address>0x7bfc</load_address>
         <run_address>0x7bfc</run_address>
         <size>0x1c</size>
         <input_file_ref idref="fl-33"/>
      </object_component>
      <object_component id="oc-286">
         <name>.text:_outs</name>
         <load_address>0x7c18</load_address>
         <run_address>0x7c18</run_address>
         <size>0x1a</size>
         <input_file_ref idref="fl-25"/>
      </object_component>
      <object_component id="oc-360">
         <name>.text:memccpy</name>
         <load_address>0x7c32</load_address>
         <run_address>0x7c32</run_address>
         <size>0x1a</size>
         <input_file_ref idref="fl-62"/>
      </object_component>
      <object_component id="oc-4aa">
         <name>.text:strchr</name>
         <load_address>0x7c4c</load_address>
         <run_address>0x7c4c</run_address>
         <size>0x1a</size>
         <input_file_ref idref="fl-64"/>
      </object_component>
      <object_component id="oc-3ea">
         <name>.text</name>
         <load_address>0x7c66</load_address>
         <run_address>0x7c66</run_address>
         <size>0x16</size>
         <input_file_ref idref="fl-4e"/>
      </object_component>
      <object_component id="oc-134">
         <name>.text:decompress:ZI:__TI_zero_init_nomemset:__TI_zero_init_nomemset</name>
         <load_address>0x7c7c</load_address>
         <run_address>0x7c7c</run_address>
         <size>0x14</size>
         <input_file_ref idref="fl-35"/>
      </object_component>
      <object_component id="oc-34d">
         <name>.text:memset</name>
         <load_address>0x7c90</load_address>
         <run_address>0x7c90</run_address>
         <size>0x14</size>
         <input_file_ref idref="fl-63"/>
      </object_component>
      <object_component id="oc-334">
         <name>.text</name>
         <load_address>0x7ca4</load_address>
         <run_address>0x7ca4</run_address>
         <size>0x14</size>
         <input_file_ref idref="fl-2d"/>
      </object_component>
      <object_component id="oc-368">
         <name>.text:wcslen</name>
         <load_address>0x7cb8</load_address>
         <run_address>0x7cb8</run_address>
         <size>0x14</size>
         <input_file_ref idref="fl-69"/>
      </object_component>
      <object_component id="oc-28c">
         <name>.text:_outc</name>
         <load_address>0x7ccc</load_address>
         <run_address>0x7ccc</run_address>
         <size>0x12</size>
         <input_file_ref idref="fl-25"/>
      </object_component>
      <object_component id="oc-36">
         <name>.text:decompress:none:__TI_decompress_none</name>
         <load_address>0x7cde</load_address>
         <run_address>0x7cde</run_address>
         <size>0x12</size>
         <input_file_ref idref="fl-3a"/>
      </object_component>
      <object_component id="oc-44f">
         <name>.text:l_lsr</name>
         <load_address>0x7cf0</load_address>
         <run_address>0x7cf0</run_address>
         <size>0x12</size>
         <input_file_ref idref="fl-51"/>
      </object_component>
      <object_component id="oc-110">
         <name>.text:memcpy</name>
         <load_address>0x7d02</load_address>
         <run_address>0x7d02</run_address>
         <size>0x12</size>
         <input_file_ref idref="fl-47"/>
      </object_component>
      <object_component id="oc-255">
         <name>.text:LCD_WriteCommand</name>
         <load_address>0x7d14</load_address>
         <run_address>0x7d14</run_address>
         <size>0x10</size>
         <input_file_ref idref="fl-5"/>
      </object_component>
      <object_component id="oc-26a">
         <name>.text:LCD_WriteData</name>
         <load_address>0x7d24</load_address>
         <run_address>0x7d24</run_address>
         <size>0x10</size>
         <input_file_ref idref="fl-5"/>
      </object_component>
      <object_component id="oc-1fa">
         <name>.text:LCD_clear</name>
         <load_address>0x7d34</load_address>
         <run_address>0x7d34</run_address>
         <size>0x10</size>
         <input_file_ref idref="fl-5"/>
      </object_component>
      <object_component id="oc-510">
         <name>.text:l_asr</name>
         <load_address>0x7d44</load_address>
         <run_address>0x7d44</run_address>
         <size>0x10</size>
         <input_file_ref idref="fl-4d"/>
      </object_component>
      <object_component id="oc-50b">
         <name>.text:l_lsl</name>
         <load_address>0x7d54</load_address>
         <run_address>0x7d54</run_address>
         <size>0x10</size>
         <input_file_ref idref="fl-4f"/>
      </object_component>
      <object_component id="oc-100">
         <name>.text</name>
         <load_address>0x7d64</load_address>
         <run_address>0x7d64</run_address>
         <size>0x10</size>
         <input_file_ref idref="fl-28"/>
      </object_component>
      <object_component id="oc-2e7">
         <name>.text:strlen</name>
         <load_address>0x7d74</load_address>
         <run_address>0x7d74</run_address>
         <size>0xe</size>
         <input_file_ref idref="fl-65"/>
      </object_component>
      <object_component id="oc-1d9">
         <name>.text:Init_System</name>
         <load_address>0x7d82</load_address>
         <run_address>0x7d82</run_address>
         <size>0xc</size>
         <input_file_ref idref="fl-9"/>
      </object_component>
      <object_component id="oc-4b0">
         <name>.text:__mspabi_fltid</name>
         <load_address>0x7d8e</load_address>
         <run_address>0x7d8e</run_address>
         <size>0xc</size>
         <input_file_ref idref="fl-59"/>
      </object_component>
      <object_component id="oc-123">
         <name>.text:isrTIMERA</name>
         <load_address>0x7d9a</load_address>
         <run_address>0x7d9a</run_address>
         <size>0xc</size>
         <input_file_ref idref="fl-3"/>
      </object_component>
      <object_component id="oc-3a6">
         <name>.text:toupper</name>
         <load_address>0x7da6</load_address>
         <run_address>0x7da6</run_address>
         <size>0xc</size>
         <input_file_ref idref="fl-66"/>
      </object_component>
      <object_component id="oc-483">
         <name>.text:abs</name>
         <load_address>0x7db2</load_address>
         <run_address>0x7db2</run_address>
         <size>0xa</size>
         <input_file_ref idref="fl-68"/>
      </object_component>
      <object_component id="oc-12f">
         <name>.text:_isr:__TI_ISR_TRAP</name>
         <load_address>0x7dbc</load_address>
         <run_address>0x7dbc</run_address>
         <size>0x8</size>
         <input_file_ref idref="fl-2a"/>
      </object_component>
      <object_component id="oc-11d">
         <name>.text:ISR_trap</name>
         <load_address>0x7dc4</load_address>
         <run_address>0x7dc4</run_address>
         <size>0x6</size>
         <input_file_ref idref="fl-8"/>
      </object_component>
      <object_component id="oc-20e">
         <name>.text:abort</name>
         <load_address>0x7dca</load_address>
         <run_address>0x7dca</run_address>
         <size>0x6</size>
         <input_file_ref idref="fl-44"/>
      </object_component>
      <object_component id="oc-199">
         <name>.text:_system_pre_init</name>
         <load_address>0x7dd0</load_address>
         <run_address>0x7dd0</run_address>
         <size>0x4</size>
         <input_file_ref idref="fl-38"/>
      </object_component>
      <object_component id="oc-2ac">
         <name>.text:_system_post_cinit</name>
         <load_address>0x7dd4</load_address>
         <run_address>0x7dd4</run_address>
         <size>0x2</size>
         <input_file_ref idref="fl-39"/>
      </object_component>
      <object_component id="oc-564">
         <name>.cinit..data.load</name>
         <load_address>0x7f2c</load_address>
         <run_address>0x7f2c</run_address>
         <size>0x46</size>
      </object_component>
      <object_component id="oc-561">
         <name>__TI_handler_table</name>
         <load_address>0x7f72</load_address>
         <run_address>0x7f72</run_address>
         <size>0x6</size>
      </object_component>
      <object_component id="oc-563">
         <name>.cinit..bss.load</name>
         <load_address>0x7f78</load_address>
         <run_address>0x7f78</run_address>
         <size>0x4</size>
      </object_component>
      <object_component id="oc-562">
         <name>__TI_cinit_table</name>
         <load_address>0x7f7c</load_address>
         <run_address>0x7f7c</run_address>
         <size>0x8</size>
      </object_component>
      <object_component id="oc-38d">
         <name>.const:.string:_ctypes_</name>
         <load_address>0x7dd6</load_address>
         <run_address>0x7dd6</run_address>
         <size>0x101</size>
         <input_file_ref idref="fl-60"/>
      </object_component>
      <object_component id="oc-1e5">
         <name>.const:.string:$P$T0$1</name>
         <load_address>0x7ed8</load_address>
         <run_address>0x7ed8</run_address>
         <size>0x28</size>
         <input_file_ref idref="fl-7"/>
      </object_component>
      <object_component id="oc-353">
         <name>.const:.string</name>
         <load_address>0x7f00</load_address>
         <run_address>0x7f00</run_address>
         <size>0x26</size>
         <input_file_ref idref="fl-48"/>
      </object_component>
      <object_component id="oc-206">
         <name>.const:.string</name>
         <load_address>0x7f26</load_address>
         <run_address>0x7f26</run_address>
         <size>0x6</size>
         <input_file_ref idref="fl-7"/>
      </object_component>
      <object_component id="oc-3c">
         <name>.int00</name>
         <load_address>0xffe0</load_address>
         <run_address>0xffe0</run_address>
         <size>0x2</size>
         <input_file_ref idref="fl-8"/>
      </object_component>
      <object_component id="oc-3d">
         <name>.int01</name>
         <load_address>0xffe2</load_address>
         <run_address>0xffe2</run_address>
         <size>0x2</size>
         <input_file_ref idref="fl-8"/>
      </object_component>
      <object_component id="oc-3e">
         <name>.int02</name>
         <load_address>0xffe4</load_address>
         <run_address>0xffe4</run_address>
         <size>0x2</size>
         <input_file_ref idref="fl-8"/>
      </object_component>
      <object_component id="oc-3f">
         <name>.int03</name>
         <load_address>0xffe6</load_address>
         <run_address>0xffe6</run_address>
         <size>0x2</size>
         <input_file_ref idref="fl-8"/>
      </object_component>
      <object_component id="oc-40">
         <name>.int04</name>
         <load_address>0xffe8</load_address>
         <run_address>0xffe8</run_address>
         <size>0x2</size>
         <input_file_ref idref="fl-8"/>
      </object_component>
      <object_component id="oc-41">
         <name>.int05</name>
         <load_address>0xffea</load_address>
         <run_address>0xffea</run_address>
         <size>0x2</size>
         <input_file_ref idref="fl-3"/>
      </object_component>
      <object_component id="oc-42">
         <name>.int06</name>
         <load_address>0xffec</load_address>
         <run_address>0xffec</run_address>
         <size>0x2</size>
         <input_file_ref idref="fl-8"/>
      </object_component>
      <object_component id="oc-43">
         <name>.int07</name>
         <load_address>0xffee</load_address>
         <run_address>0xffee</run_address>
         <size>0x2</size>
         <input_file_ref idref="fl-8"/>
      </object_component>
      <object_component id="oc-44">
         <name>.int08</name>
         <load_address>0xfff0</load_address>
         <run_address>0xfff0</run_address>
         <size>0x2</size>
         <input_file_ref idref="fl-2"/>
      </object_component>
      <object_component id="oc-45">
         <name>.int09</name>
         <load_address>0xfff2</load_address>
         <run_address>0xfff2</run_address>
         <size>0x2</size>
         <input_file_ref idref="fl-29"/>
      </object_component>
      <object_component id="oc-46">
         <name>.int10</name>
         <load_address>0xfff4</load_address>
         <run_address>0xfff4</run_address>
         <size>0x2</size>
         <input_file_ref idref="fl-8"/>
      </object_component>
      <object_component id="oc-47">
         <name>.int11</name>
         <load_address>0xfff6</load_address>
         <run_address>0xfff6</run_address>
         <size>0x2</size>
         <input_file_ref idref="fl-8"/>
      </object_component>
      <object_component id="oc-48">
         <name>.int12</name>
         <load_address>0xfff8</load_address>
         <run_address>0xfff8</run_address>
         <size>0x2</size>
         <input_file_ref idref="fl-8"/>
      </object_component>
      <object_component id="oc-49">
         <name>.int13</name>
         <load_address>0xfffa</load_address>
         <run_address>0xfffa</run_address>
         <size>0x2</size>
         <input_file_ref idref="fl-8"/>
      </object_component>
      <object_component id="oc-4a">
         <name>.int14</name>
         <load_address>0xfffc</load_address>
         <run_address>0xfffc</run_address>
         <size>0x2</size>
         <input_file_ref idref="fl-8"/>
      </object_component>
      <object_component id="oc-f5">
         <name>.reset</name>
         <load_address>0xfffe</load_address>
         <run_address>0xfffe</run_address>
         <size>0x2</size>
         <input_file_ref idref="fl-33"/>
      </object_component>
      <object_component id="oc-12c">
         <name>.debug_info</name>
         <load_address>0x0</load_address>
         <run_address>0x0</run_address>
         <size>0xfe</size>
         <input_file_ref idref="fl-2"/>
      </object_component>
      <object_component id="oc-10b">
         <name>.debug_info</name>
         <load_address>0xfe</load_address>
         <run_address>0xfe</run_address>
         <size>0x84</size>
         <input_file_ref idref="fl-2"/>
      </object_component>
      <object_component id="oc-1c6">
         <name>.debug_info</name>
         <load_address>0x182</load_address>
         <run_address>0x182</run_address>
         <size>0x39</size>
         <input_file_ref idref="fl-2"/>
      </object_component>
      <object_component id="oc-201">
         <name>.debug_info</name>
         <load_address>0x1bb</load_address>
         <run_address>0x1bb</run_address>
         <size>0x1a2</size>
         <input_file_ref idref="fl-3"/>
      </object_component>
      <object_component id="oc-277">
         <name>.debug_info</name>
         <load_address>0x35d</load_address>
         <run_address>0x35d</run_address>
         <size>0x14a</size>
         <input_file_ref idref="fl-3"/>
      </object_component>
      <object_component id="oc-126">
         <name>.debug_info</name>
         <load_address>0x4a7</load_address>
         <run_address>0x4a7</run_address>
         <size>0x120</size>
         <input_file_ref idref="fl-3"/>
      </object_component>
      <object_component id="oc-25f">
         <name>.debug_info</name>
         <load_address>0x5c7</load_address>
         <run_address>0x5c7</run_address>
         <size>0x241</size>
         <input_file_ref idref="fl-5"/>
      </object_component>
      <object_component id="oc-2d9">
         <name>.debug_info</name>
         <load_address>0x808</load_address>
         <run_address>0x808</run_address>
         <size>0xd9</size>
         <input_file_ref idref="fl-5"/>
      </object_component>
      <object_component id="oc-1e0">
         <name>.debug_info</name>
         <load_address>0x8e1</load_address>
         <run_address>0x8e1</run_address>
         <size>0x198</size>
         <input_file_ref idref="fl-5"/>
      </object_component>
      <object_component id="oc-1f0">
         <name>.debug_info</name>
         <load_address>0xa79</load_address>
         <run_address>0xa79</run_address>
         <size>0x16d</size>
         <input_file_ref idref="fl-5"/>
      </object_component>
      <object_component id="oc-1fc">
         <name>.debug_info</name>
         <load_address>0xbe6</load_address>
         <run_address>0xbe6</run_address>
         <size>0x118</size>
         <input_file_ref idref="fl-5"/>
      </object_component>
      <object_component id="oc-1ec">
         <name>.debug_info</name>
         <load_address>0xcfe</load_address>
         <run_address>0xcfe</run_address>
         <size>0x170</size>
         <input_file_ref idref="fl-5"/>
      </object_component>
      <object_component id="oc-258">
         <name>.debug_info</name>
         <load_address>0xe6e</load_address>
         <run_address>0xe6e</run_address>
         <size>0x146</size>
         <input_file_ref idref="fl-5"/>
      </object_component>
      <object_component id="oc-26b">
         <name>.debug_info</name>
         <load_address>0xfb4</load_address>
         <run_address>0xfb4</run_address>
         <size>0x140</size>
         <input_file_ref idref="fl-5"/>
      </object_component>
      <object_component id="oc-2d2">
         <name>.debug_info</name>
         <load_address>0x10f4</load_address>
         <run_address>0x10f4</run_address>
         <size>0x14f</size>
         <input_file_ref idref="fl-5"/>
      </object_component>
      <object_component id="oc-267">
         <name>.debug_info</name>
         <load_address>0x1243</load_address>
         <run_address>0x1243</run_address>
         <size>0x11e</size>
         <input_file_ref idref="fl-5"/>
      </object_component>
      <object_component id="oc-18c">
         <name>.debug_info</name>
         <load_address>0x1361</load_address>
         <run_address>0x1361</run_address>
         <size>0x3ce</size>
         <input_file_ref idref="fl-7"/>
      </object_component>
      <object_component id="oc-1e6">
         <name>.debug_info</name>
         <load_address>0x172f</load_address>
         <run_address>0x172f</run_address>
         <size>0xd5</size>
         <input_file_ref idref="fl-7"/>
      </object_component>
      <object_component id="oc-1a2">
         <name>.debug_info</name>
         <load_address>0x1804</load_address>
         <run_address>0x1804</run_address>
         <size>0x1f7</size>
         <input_file_ref idref="fl-7"/>
      </object_component>
      <object_component id="oc-1cb">
         <name>.debug_info</name>
         <load_address>0x19fb</load_address>
         <run_address>0x19fb</run_address>
         <size>0x26b</size>
         <input_file_ref idref="fl-7"/>
      </object_component>
      <object_component id="oc-24d">
         <name>.debug_info</name>
         <load_address>0x1c66</load_address>
         <run_address>0x1c66</run_address>
         <size>0x275</size>
         <input_file_ref idref="fl-7"/>
      </object_component>
      <object_component id="oc-307">
         <name>.debug_info</name>
         <load_address>0x1edb</load_address>
         <run_address>0x1edb</run_address>
         <size>0x2c</size>
         <input_file_ref idref="fl-7"/>
      </object_component>
      <object_component id="oc-11e">
         <name>.debug_info</name>
         <load_address>0x1f07</load_address>
         <run_address>0x1f07</run_address>
         <size>0x178</size>
         <input_file_ref idref="fl-8"/>
      </object_component>
      <object_component id="oc-253">
         <name>.debug_info</name>
         <load_address>0x207f</load_address>
         <run_address>0x207f</run_address>
         <size>0x1de</size>
         <input_file_ref idref="fl-9"/>
      </object_component>
      <object_component id="oc-1dc">
         <name>.debug_info</name>
         <load_address>0x225d</load_address>
         <run_address>0x225d</run_address>
         <size>0x111</size>
         <input_file_ref idref="fl-9"/>
      </object_component>
      <object_component id="oc-1d4">
         <name>.debug_info</name>
         <load_address>0x236e</load_address>
         <run_address>0x236e</run_address>
         <size>0x129</size>
         <input_file_ref idref="fl-9"/>
      </object_component>
      <object_component id="oc-1f5">
         <name>.debug_info</name>
         <load_address>0x2497</load_address>
         <run_address>0x2497</run_address>
         <size>0x12a</size>
         <input_file_ref idref="fl-9"/>
      </object_component>
      <object_component id="oc-299">
         <name>.debug_info</name>
         <load_address>0x25c1</load_address>
         <run_address>0x25c1</run_address>
         <size>0x20c</size>
         <input_file_ref idref="fl-25"/>
      </object_component>
      <object_component id="oc-20a">
         <name>.debug_info</name>
         <load_address>0x27cd</load_address>
         <run_address>0x27cd</run_address>
         <size>0x1c3</size>
         <input_file_ref idref="fl-25"/>
      </object_component>
      <object_component id="oc-287">
         <name>.debug_info</name>
         <load_address>0x2990</load_address>
         <run_address>0x2990</run_address>
         <size>0x199</size>
         <input_file_ref idref="fl-25"/>
      </object_component>
      <object_component id="oc-28e">
         <name>.debug_info</name>
         <load_address>0x2b29</load_address>
         <run_address>0x2b29</run_address>
         <size>0x16e</size>
         <input_file_ref idref="fl-25"/>
      </object_component>
      <object_component id="oc-374">
         <name>.debug_info</name>
         <load_address>0x2c97</load_address>
         <run_address>0x2c97</run_address>
         <size>0x2c</size>
         <input_file_ref idref="fl-25"/>
      </object_component>
      <object_component id="oc-282">
         <name>.debug_info</name>
         <load_address>0x2cc3</load_address>
         <run_address>0x2cc3</run_address>
         <size>0x139</size>
         <input_file_ref idref="fl-26"/>
      </object_component>
      <object_component id="oc-2e2">
         <name>.debug_info</name>
         <load_address>0x2dfc</load_address>
         <run_address>0x2dfc</run_address>
         <size>0x124</size>
         <input_file_ref idref="fl-27"/>
      </object_component>
      <object_component id="oc-101">
         <name>.debug_info</name>
         <load_address>0x2f20</load_address>
         <run_address>0x2f20</run_address>
         <size>0x12f</size>
         <input_file_ref idref="fl-28"/>
      </object_component>
      <object_component id="oc-130">
         <name>.debug_info</name>
         <load_address>0x304f</load_address>
         <run_address>0x304f</run_address>
         <size>0x110</size>
         <input_file_ref idref="fl-2a"/>
      </object_component>
      <object_component id="oc-f7">
         <name>.debug_info</name>
         <load_address>0x315f</load_address>
         <run_address>0x315f</run_address>
         <size>0x121</size>
         <input_file_ref idref="fl-2b"/>
      </object_component>
      <object_component id="oc-336">
         <name>.debug_info</name>
         <load_address>0x3280</load_address>
         <run_address>0x3280</run_address>
         <size>0x120</size>
         <input_file_ref idref="fl-2d"/>
      </object_component>
      <object_component id="oc-27d">
         <name>.debug_info</name>
         <load_address>0x33a0</load_address>
         <run_address>0x33a0</run_address>
         <size>0x120</size>
         <input_file_ref idref="fl-30"/>
      </object_component>
      <object_component id="oc-f3">
         <name>.debug_info</name>
         <load_address>0x34c0</load_address>
         <run_address>0x34c0</run_address>
         <size>0x101</size>
         <input_file_ref idref="fl-33"/>
      </object_component>
      <object_component id="oc-147">
         <name>.debug_info</name>
         <load_address>0x35c1</load_address>
         <run_address>0x35c1</run_address>
         <size>0x17b</size>
         <input_file_ref idref="fl-33"/>
      </object_component>
      <object_component id="oc-2b3">
         <name>.debug_info</name>
         <load_address>0x373c</load_address>
         <run_address>0x373c</run_address>
         <size>0x3df</size>
         <input_file_ref idref="fl-34"/>
      </object_component>
      <object_component id="oc-234">
         <name>.debug_info</name>
         <load_address>0x3b1b</load_address>
         <run_address>0x3b1b</run_address>
         <size>0x212</size>
         <input_file_ref idref="fl-34"/>
      </object_component>
      <object_component id="oc-32a">
         <name>.debug_info</name>
         <load_address>0x3d2d</load_address>
         <run_address>0x3d2d</run_address>
         <size>0x39</size>
         <input_file_ref idref="fl-34"/>
      </object_component>
      <object_component id="oc-33b">
         <name>.debug_info</name>
         <load_address>0x3d66</load_address>
         <run_address>0x3d66</run_address>
         <size>0x2c</size>
         <input_file_ref idref="fl-34"/>
      </object_component>
      <object_component id="oc-2be">
         <name>.debug_info</name>
         <load_address>0x3d92</load_address>
         <run_address>0x3d92</run_address>
         <size>0x2c</size>
         <input_file_ref idref="fl-34"/>
      </object_component>
      <object_component id="oc-32f">
         <name>.debug_info</name>
         <load_address>0x3dbe</load_address>
         <run_address>0x3dbe</run_address>
         <size>0xcd</size>
         <input_file_ref idref="fl-34"/>
      </object_component>
      <object_component id="oc-197">
         <name>.debug_info</name>
         <load_address>0x3e8b</load_address>
         <run_address>0x3e8b</run_address>
         <size>0x176</size>
         <input_file_ref idref="fl-35"/>
      </object_component>
      <object_component id="oc-136">
         <name>.debug_info</name>
         <load_address>0x4001</load_address>
         <run_address>0x4001</run_address>
         <size>0x1d3</size>
         <input_file_ref idref="fl-35"/>
      </object_component>
      <object_component id="oc-192">
         <name>.debug_info</name>
         <load_address>0x41d4</load_address>
         <run_address>0x41d4</run_address>
         <size>0x46</size>
         <input_file_ref idref="fl-35"/>
      </object_component>
      <object_component id="oc-17d">
         <name>.debug_info</name>
         <load_address>0x421a</load_address>
         <run_address>0x421a</run_address>
         <size>0x2c</size>
         <input_file_ref idref="fl-35"/>
      </object_component>
      <object_component id="oc-19a">
         <name>.debug_info</name>
         <load_address>0x4246</load_address>
         <run_address>0x4246</run_address>
         <size>0x154</size>
         <input_file_ref idref="fl-38"/>
      </object_component>
      <object_component id="oc-2ad">
         <name>.debug_info</name>
         <load_address>0x439a</load_address>
         <run_address>0x439a</run_address>
         <size>0x151</size>
         <input_file_ref idref="fl-39"/>
      </object_component>
      <object_component id="oc-11c">
         <name>.debug_info</name>
         <load_address>0x44eb</load_address>
         <run_address>0x44eb</run_address>
         <size>0x181</size>
         <input_file_ref idref="fl-3a"/>
      </object_component>
      <object_component id="oc-39">
         <name>.debug_info</name>
         <load_address>0x466c</load_address>
         <run_address>0x466c</run_address>
         <size>0x1eb</size>
         <input_file_ref idref="fl-3a"/>
      </object_component>
      <object_component id="oc-117">
         <name>.debug_info</name>
         <load_address>0x4857</load_address>
         <run_address>0x4857</run_address>
         <size>0x46</size>
         <input_file_ref idref="fl-3a"/>
      </object_component>
      <object_component id="oc-182">
         <name>.debug_info</name>
         <load_address>0x489d</load_address>
         <run_address>0x489d</run_address>
         <size>0x2c</size>
         <input_file_ref idref="fl-3a"/>
      </object_component>
      <object_component id="oc-17a">
         <name>.debug_info</name>
         <load_address>0x48c9</load_address>
         <run_address>0x48c9</run_address>
         <size>0x177</size>
         <input_file_ref idref="fl-3b"/>
      </object_component>
      <object_component id="oc-34">
         <name>.debug_info</name>
         <load_address>0x4a40</load_address>
         <run_address>0x4a40</run_address>
         <size>0x293</size>
         <input_file_ref idref="fl-3b"/>
      </object_component>
      <object_component id="oc-106">
         <name>.debug_info</name>
         <load_address>0x4cd3</load_address>
         <run_address>0x4cd3</run_address>
         <size>0x60</size>
         <input_file_ref idref="fl-3b"/>
      </object_component>
      <object_component id="oc-1bb">
         <name>.debug_info</name>
         <load_address>0x4d33</load_address>
         <run_address>0x4d33</run_address>
         <size>0x46</size>
         <input_file_ref idref="fl-3b"/>
      </object_component>
      <object_component id="oc-175">
         <name>.debug_info</name>
         <load_address>0x4d79</load_address>
         <run_address>0x4d79</run_address>
         <size>0x39</size>
         <input_file_ref idref="fl-3b"/>
      </object_component>
      <object_component id="oc-49c">
         <name>.debug_info</name>
         <load_address>0x4db2</load_address>
         <run_address>0x4db2</run_address>
         <size>0x1a3</size>
         <input_file_ref idref="fl-3e"/>
      </object_component>
      <object_component id="oc-425">
         <name>.debug_info</name>
         <load_address>0x4f55</load_address>
         <run_address>0x4f55</run_address>
         <size>0x28b</size>
         <input_file_ref idref="fl-3e"/>
      </object_component>
      <object_component id="oc-439">
         <name>.debug_info</name>
         <load_address>0x51e0</load_address>
         <run_address>0x51e0</run_address>
         <size>0x94</size>
         <input_file_ref idref="fl-3e"/>
      </object_component>
      <object_component id="oc-4de">
         <name>.debug_info</name>
         <load_address>0x5274</load_address>
         <run_address>0x5274</run_address>
         <size>0x173</size>
         <input_file_ref idref="fl-41"/>
      </object_component>
      <object_component id="oc-496">
         <name>.debug_info</name>
         <load_address>0x53e7</load_address>
         <run_address>0x53e7</run_address>
         <size>0x5d0</size>
         <input_file_ref idref="fl-41"/>
      </object_component>
      <object_component id="oc-494">
         <name>.debug_info</name>
         <load_address>0x59b7</load_address>
         <run_address>0x59b7</run_address>
         <size>0x1a3</size>
         <input_file_ref idref="fl-42"/>
      </object_component>
      <object_component id="oc-41f">
         <name>.debug_info</name>
         <load_address>0x5b5a</load_address>
         <run_address>0x5b5a</run_address>
         <size>0x2e1</size>
         <input_file_ref idref="fl-42"/>
      </object_component>
      <object_component id="oc-477">
         <name>.debug_info</name>
         <load_address>0x5e3b</load_address>
         <run_address>0x5e3b</run_address>
         <size>0x18e</size>
         <input_file_ref idref="fl-43"/>
      </object_component>
      <object_component id="oc-20f">
         <name>.debug_info</name>
         <load_address>0x5fc9</load_address>
         <run_address>0x5fc9</run_address>
         <size>0x123</size>
         <input_file_ref idref="fl-44"/>
      </object_component>
      <object_component id="oc-17c">
         <name>.debug_info</name>
         <load_address>0x60ec</load_address>
         <run_address>0x60ec</run_address>
         <size>0x182</size>
         <input_file_ref idref="fl-47"/>
      </object_component>
      <object_component id="oc-113">
         <name>.debug_info</name>
         <load_address>0x626e</load_address>
         <run_address>0x626e</run_address>
         <size>0x17b</size>
         <input_file_ref idref="fl-47"/>
      </object_component>
      <object_component id="oc-306">
         <name>.debug_info</name>
         <load_address>0x63e9</load_address>
         <run_address>0x63e9</run_address>
         <size>0x425</size>
         <input_file_ref idref="fl-48"/>
      </object_component>
      <object_component id="oc-2ef">
         <name>.debug_info</name>
         <load_address>0x680e</load_address>
         <run_address>0x680e</run_address>
         <size>0x22f</size>
         <input_file_ref idref="fl-48"/>
      </object_component>
      <object_component id="oc-396">
         <name>.debug_info</name>
         <load_address>0x6a3d</load_address>
         <run_address>0x6a3d</run_address>
         <size>0x1b4</size>
         <input_file_ref idref="fl-48"/>
      </object_component>
      <object_component id="oc-39c">
         <name>.debug_info</name>
         <load_address>0x6bf1</load_address>
         <run_address>0x6bf1</run_address>
         <size>0x288</size>
         <input_file_ref idref="fl-48"/>
      </object_component>
      <object_component id="oc-356">
         <name>.debug_info</name>
         <load_address>0x6e79</load_address>
         <run_address>0x6e79</run_address>
         <size>0x24c</size>
         <input_file_ref idref="fl-48"/>
      </object_component>
      <object_component id="oc-400">
         <name>.debug_info</name>
         <load_address>0x70c5</load_address>
         <run_address>0x70c5</run_address>
         <size>0x3cc</size>
         <input_file_ref idref="fl-48"/>
      </object_component>
      <object_component id="oc-406">
         <name>.debug_info</name>
         <load_address>0x7491</load_address>
         <run_address>0x7491</run_address>
         <size>0x1be</size>
         <input_file_ref idref="fl-48"/>
      </object_component>
      <object_component id="oc-40b">
         <name>.debug_info</name>
         <load_address>0x764f</load_address>
         <run_address>0x764f</run_address>
         <size>0x21c</size>
         <input_file_ref idref="fl-48"/>
      </object_component>
      <object_component id="oc-3b3">
         <name>.debug_info</name>
         <load_address>0x786b</load_address>
         <run_address>0x786b</run_address>
         <size>0x26e</size>
         <input_file_ref idref="fl-48"/>
      </object_component>
      <object_component id="oc-412">
         <name>.debug_info</name>
         <load_address>0x7ad9</load_address>
         <run_address>0x7ad9</run_address>
         <size>0x3e3</size>
         <input_file_ref idref="fl-48"/>
      </object_component>
      <object_component id="oc-418">
         <name>.debug_info</name>
         <load_address>0x7ebc</load_address>
         <run_address>0x7ebc</run_address>
         <size>0x207</size>
         <input_file_ref idref="fl-48"/>
      </object_component>
      <object_component id="oc-3b9">
         <name>.debug_info</name>
         <load_address>0x80c3</load_address>
         <run_address>0x80c3</run_address>
         <size>0x233</size>
         <input_file_ref idref="fl-48"/>
      </object_component>
      <object_component id="oc-3bf">
         <name>.debug_info</name>
         <load_address>0x82f6</load_address>
         <run_address>0x82f6</run_address>
         <size>0x377</size>
         <input_file_ref idref="fl-48"/>
      </object_component>
      <object_component id="oc-432">
         <name>.debug_info</name>
         <load_address>0x866d</load_address>
         <run_address>0x866d</run_address>
         <size>0x45a</size>
         <input_file_ref idref="fl-48"/>
      </object_component>
      <object_component id="oc-3c5">
         <name>.debug_info</name>
         <load_address>0x8ac7</load_address>
         <run_address>0x8ac7</run_address>
         <size>0x281</size>
         <input_file_ref idref="fl-48"/>
      </object_component>
      <object_component id="oc-35b">
         <name>.debug_info</name>
         <load_address>0x8d48</load_address>
         <run_address>0x8d48</run_address>
         <size>0x396</size>
         <input_file_ref idref="fl-48"/>
      </object_component>
      <object_component id="oc-2f4">
         <name>.debug_info</name>
         <load_address>0x90de</load_address>
         <run_address>0x90de</run_address>
         <size>0x306</size>
         <input_file_ref idref="fl-48"/>
      </object_component>
      <object_component id="oc-2fa">
         <name>.debug_info</name>
         <load_address>0x93e4</load_address>
         <run_address>0x93e4</run_address>
         <size>0x26e</size>
         <input_file_ref idref="fl-48"/>
      </object_component>
      <object_component id="oc-300">
         <name>.debug_info</name>
         <load_address>0x9652</load_address>
         <run_address>0x9652</run_address>
         <size>0x26b</size>
         <input_file_ref idref="fl-48"/>
      </object_component>
      <object_component id="oc-293">
         <name>.debug_info</name>
         <load_address>0x98bd</load_address>
         <run_address>0x98bd</run_address>
         <size>0x348</size>
         <input_file_ref idref="fl-48"/>
      </object_component>
      <object_component id="oc-30c">
         <name>.debug_info</name>
         <load_address>0x9c05</load_address>
         <run_address>0x9c05</run_address>
         <size>0x86</size>
         <input_file_ref idref="fl-48"/>
      </object_component>
      <object_component id="oc-379">
         <name>.debug_info</name>
         <load_address>0x9c8b</load_address>
         <run_address>0x9c8b</run_address>
         <size>0x39</size>
         <input_file_ref idref="fl-48"/>
      </object_component>
      <object_component id="oc-45d">
         <name>.debug_info</name>
         <load_address>0x9cc4</load_address>
         <run_address>0x9cc4</run_address>
         <size>0x94</size>
         <input_file_ref idref="fl-48"/>
      </object_component>
      <object_component id="oc-3f6">
         <name>.debug_info</name>
         <load_address>0x9d58</load_address>
         <run_address>0x9d58</run_address>
         <size>0x46</size>
         <input_file_ref idref="fl-48"/>
      </object_component>
      <object_component id="oc-3a1">
         <name>.debug_info</name>
         <load_address>0x9d9e</load_address>
         <run_address>0x9d9e</run_address>
         <size>0x46</size>
         <input_file_ref idref="fl-48"/>
      </object_component>
      <object_component id="oc-49e">
         <name>.debug_info</name>
         <load_address>0x9de4</load_address>
         <run_address>0x9de4</run_address>
         <size>0x173</size>
         <input_file_ref idref="fl-49"/>
      </object_component>
      <object_component id="oc-42c">
         <name>.debug_info</name>
         <load_address>0x9f57</load_address>
         <run_address>0x9f57</run_address>
         <size>0x1c8</size>
         <input_file_ref idref="fl-49"/>
      </object_component>
      <object_component id="oc-4e3">
         <name>.debug_info</name>
         <load_address>0xa11f</load_address>
         <run_address>0xa11f</run_address>
         <size>0x46</size>
         <input_file_ref idref="fl-49"/>
      </object_component>
      <object_component id="oc-49f">
         <name>.debug_info</name>
         <load_address>0xa165</load_address>
         <run_address>0xa165</run_address>
         <size>0x2c</size>
         <input_file_ref idref="fl-49"/>
      </object_component>
      <object_component id="oc-4ef">
         <name>.debug_info</name>
         <load_address>0xa191</load_address>
         <run_address>0xa191</run_address>
         <size>0x1b1</size>
         <input_file_ref idref="fl-4a"/>
      </object_component>
      <object_component id="oc-4a5">
         <name>.debug_info</name>
         <load_address>0xa342</load_address>
         <run_address>0xa342</run_address>
         <size>0x23c</size>
         <input_file_ref idref="fl-4a"/>
      </object_component>
      <object_component id="oc-4e9">
         <name>.debug_info</name>
         <load_address>0xa57e</load_address>
         <run_address>0xa57e</run_address>
         <size>0x161</size>
         <input_file_ref idref="fl-4b"/>
      </object_component>
      <object_component id="oc-45a">
         <name>.debug_info</name>
         <load_address>0xa6df</load_address>
         <run_address>0xa6df</run_address>
         <size>0x121</size>
         <input_file_ref idref="fl-4c"/>
      </object_component>
      <object_component id="oc-512">
         <name>.debug_info</name>
         <load_address>0xa800</load_address>
         <run_address>0xa800</run_address>
         <size>0x121</size>
         <input_file_ref idref="fl-4d"/>
      </object_component>
      <object_component id="oc-4d7">
         <name>.debug_info</name>
         <load_address>0xa921</load_address>
         <run_address>0xa921</run_address>
         <size>0x127</size>
         <input_file_ref idref="fl-4d"/>
      </object_component>
      <object_component id="oc-3ed">
         <name>.debug_info</name>
         <load_address>0xaa48</load_address>
         <run_address>0xaa48</run_address>
         <size>0x122</size>
         <input_file_ref idref="fl-4e"/>
      </object_component>
      <object_component id="oc-50e">
         <name>.debug_info</name>
         <load_address>0xab6a</load_address>
         <run_address>0xab6a</run_address>
         <size>0x121</size>
         <input_file_ref idref="fl-4f"/>
      </object_component>
      <object_component id="oc-4be">
         <name>.debug_info</name>
         <load_address>0xac8b</load_address>
         <run_address>0xac8b</run_address>
         <size>0x127</size>
         <input_file_ref idref="fl-4f"/>
      </object_component>
      <object_component id="oc-fd">
         <name>.debug_info</name>
         <load_address>0xadb2</load_address>
         <run_address>0xadb2</run_address>
         <size>0x121</size>
         <input_file_ref idref="fl-50"/>
      </object_component>
      <object_component id="oc-450">
         <name>.debug_info</name>
         <load_address>0xaed3</load_address>
         <run_address>0xaed3</run_address>
         <size>0x121</size>
         <input_file_ref idref="fl-51"/>
      </object_component>
      <object_component id="oc-4c5">
         <name>.debug_info</name>
[...]
         <name>_system_pre_init</name>
         <value>0x7dd0</value>
         <object_component_ref idref="oc-199"/>
      </symbol>
      <symbol id="sm-2b7">
         <name>_system_post_cinit</name>
         <value>0x7dd4</value>
         <object_component_ref idref="oc-2ac"/>
      </symbol>
      <symbol id="sm-2cd">
         <name>__TI_decompress_none</name>
         <value>0x7cde</value>
         <object_component_ref idref="oc-36"/>
      </symbol>
      <symbol id="sm-2f0">
         <name>__TI_decompress_lzss</name>
         <value>0x72ec</value>
         <object_component_ref idref="oc-30"/>
      </symbol>
      <symbol id="sm-318">
         <name>__mspabi_divd</name>
         <value>0x5bb2</value>
         <object_component_ref idref="oc-424"/>
      </symbol>
      <symbol id="sm-335">
         <name>__TI_frcdivd</name>
         <value>0x4000</value>
         <object_component_ref idref="oc-495"/>
      </symbol>
      <symbol id="sm-357">
         <name>__mspabi_mpyd</name>
         <value>0x4fe0</value>
         <object_component_ref idref="oc-41e"/>
      </symbol>
      <symbol id="sm-360">
         <name>__mspabi_subd</name>
         <value>0x7aac</value>
         <object_component_ref idref="oc-476"/>
      </symbol>
      <symbol id="sm-36a">
         <name>C$$EXIT</name>
         <value>0x7dca</value>
         <object_component_ref idref="oc-20e"/>
      </symbol>
      <symbol id="sm-36b">
         <name>abort</name>
         <value>0x7dca</value>
         <object_component_ref idref="oc-20e"/>
      </symbol>
      <symbol id="sm-37b">
         <name>memcpy</name>
         <value>0x7d02</value>
         <object_component_ref idref="oc-110"/>
      </symbol>
      <symbol id="sm-54c">
         <name>__TI_printfi</name>
         <value>0x4ad2</value>
         <object_component_ref idref="oc-292"/>
      </symbol>
      <symbol id="sm-568">
         <name>frexpl</name>
         <value>0x6eac</value>
         <object_component_ref idref="oc-42b"/>
      </symbol>
      <symbol id="sm-569">
         <name>frexp</name>
         <value>0x6eac</value>
         <object_component_ref idref="oc-42b"/>
      </symbol>
      <symbol id="sm-581">
         <name>scalbn</name>
         <value>0x6692</value>
         <object_component_ref idref="oc-4a4"/>
      </symbol>
      <symbol id="sm-582">
         <name>scalbnl</name>
         <value>0x6692</value>
         <object_component_ref idref="oc-4a4"/>
      </symbol>
      <symbol id="sm-583">
         <name>ldexpl</name>
         <value>0x6692</value>
         <object_component_ref idref="oc-4a4"/>
      </symbol>
      <symbol id="sm-584">
         <name>ldexp</name>
         <value>0x6692</value>
         <object_component_ref idref="oc-4a4"/>
      </symbol>
      <symbol id="sm-58d">
         <name>copysign</name>
         <value>0x7ada</value>
         <object_component_ref idref="oc-4e8"/>
      </symbol>
      <symbol id="sm-58e">
         <name>copysignl</name>
         <value>0x7ada</value>
         <object_component_ref idref="oc-4e8"/>
      </symbol>
      <symbol id="sm-596">
         <name>__mspabi_srai</name>
         <value>0x7b36</value>
         <object_component_ref idref="oc-457"/>
      </symbol>
      <symbol id="sm-597">
         <name>__mspabi_srai_8</name>
         <value>0x7b50</value>
         <object_component_ref idref="oc-457"/>
      </symbol>
      <symbol id="sm-598">
         <name>__mspabi_srai_9</name>
         <value>0x7b4e</value>
         <object_component_ref idref="oc-457"/>
      </symbol>
      <symbol id="sm-599">
         <name>__mspabi_srai_6</name>
         <value>0x7b54</value>
         <object_component_ref idref="oc-457"/>
      </symbol>
      <symbol id="sm-59a">
         <name>__mspabi_srai_7</name>
         <value>0x7b52</value>
         <object_component_ref idref="oc-457"/>
      </symbol>
      <symbol id="sm-59b">
         <name>__mspabi_srai_4</name>
         <value>0x7b58</value>
         <object_component_ref idref="oc-457"/>
      </symbol>
      <symbol id="sm-59c">
         <name>__mspabi_srai_5</name>
         <value>0x7b56</value>
         <object_component_ref idref="oc-457"/>
      </symbol>
      <symbol id="sm-59d">
         <name>__mspabi_srai_2</name>
         <value>0x7b5c</value>
         <object_component_ref idref="oc-457"/>
      </symbol>
      <symbol id="sm-59e">
         <name>__mspabi_srai_3</name>
         <value>0x7b5a</value>
         <object_component_ref idref="oc-457"/>
      </symbol>
      <symbol id="sm-59f">
         <name>__mspabi_srai_1</name>
         <value>0x7b5e</value>
         <object_component_ref idref="oc-457"/>
      </symbol>
      <symbol id="sm-5a0">
         <name>__mspabi_srai_15</name>
         <value>0x7b42</value>
         <object_component_ref idref="oc-457"/>
      </symbol>
      <symbol id="sm-5a1">
         <name>__mspabi_srai_14</name>
         <value>0x7b44</value>
         <object_component_ref idref="oc-457"/>
      </symbol>
      <symbol id="sm-5a2">
         <name>__mspabi_srai_13</name>
         <value>0x7b46</value>
         <object_component_ref idref="oc-457"/>
      </symbol>
      <symbol id="sm-5a3">
         <name>__mspabi_srai_12</name>
         <value>0x7b48</value>
         <object_component_ref idref="oc-457"/>
      </symbol>
      <symbol id="sm-5a4">
         <name>__mspabi_srai_11</name>
         <value>0x7b4a</value>
         <object_component_ref idref="oc-457"/>
      </symbol>
      <symbol id="sm-5a5">
         <name>__mspabi_srai_10</name>
         <value>0x7b4c</value>
         <object_component_ref idref="oc-457"/>
      </symbol>
      <symbol id="sm-5b5">
         <name>__mspabi_sral</name>
         <value>0x7d44</value>
         <object_component_ref idref="oc-510"/>
      </symbol>
      <symbol id="sm-5b6">
         <name>__mspabi_sral_15</name>
         <value>0x7956</value>
         <object_component_ref idref="oc-4d4"/>
      </symbol>
      <symbol id="sm-5b7">
         <name>__mspabi_sral_14</name>
         <value>0x795a</value>
         <object_component_ref idref="oc-4d4"/>
      </symbol>
      <symbol id="sm-5b8">
         <name>__mspabi_sral_13</name>
         <value>0x795e</value>
         <object_component_ref idref="oc-4d4"/>
      </symbol>
      <symbol id="sm-5b9">
         <name>__mspabi_sral_12</name>
         <value>0x7962</value>
         <object_component_ref idref="oc-4d4"/>
      </symbol>
      <symbol id="sm-5ba">
         <name>__mspabi_sral_11</name>
         <value>0x7966</value>
         <object_component_ref idref="oc-4d4"/>
      </symbol>
      <symbol id="sm-5bb">
         <name>__mspabi_sral_10</name>
         <value>0x796a</value>
         <object_component_ref idref="oc-4d4"/>
      </symbol>
      <symbol id="sm-5bc">
         <name>__mspabi_sral_8</name>
         <value>0x7972</value>
         <object_component_ref idref="oc-4d4"/>
      </symbol>
      <symbol id="sm-5bd">
         <name>__mspabi_sral_9</name>
         <value>0x796e</value>
         <object_component_ref idref="oc-4d4"/>
      </symbol>
      <symbol id="sm-5be">
         <name>__mspabi_sral_6</name>
         <value>0x797a</value>
         <object_component_ref idref="oc-4d4"/>
      </symbol>
      <symbol id="sm-5bf">
         <name>__mspabi_sral_7</name>
         <value>0x7976</value>
         <object_component_ref idref="oc-4d4"/>
      </symbol>
      <symbol id="sm-5c0">
         <name>__mspabi_sral_4</name>
         <value>0x7982</value>
         <object_component_ref idref="oc-4d4"/>
      </symbol>
      <symbol id="sm-5c1">
         <name>__mspabi_sral_5</name>
         <value>0x797e</value>
         <object_component_ref idref="oc-4d4"/>
      </symbol>
      <symbol id="sm-5c2">
         <name>__mspabi_sral_2</name>
         <value>0x798a</value>
         <object_component_ref idref="oc-4d4"/>
      </symbol>
      <symbol id="sm-5c3">
         <name>__mspabi_sral_3</name>
         <value>0x7986</value>
         <object_component_ref idref="oc-4d4"/>
      </symbol>
      <symbol id="sm-5c4">
         <name>__mspabi_sral_1</name>
         <value>0x798e</value>
         <object_component_ref idref="oc-4d4"/>
      </symbol>
      <symbol id="sm-5ce">
         <name>__mspabi_remu</name>
         <value>0x7c66</value>
         <object_component_ref idref="oc-3ea"/>
      </symbol>
      <symbol id="sm-5cf">
         <name>__mspabi_divu</name>
         <value>0x7c66</value>
         <object_component_ref idref="oc-3ea"/>
      </symbol>
      <symbol id="sm-5df">
         <name>__mspabi_slll_9</name>
         <value>0x79ac</value>
         <object_component_ref idref="oc-4bc"/>
      </symbol>
      <symbol id="sm-5e0">
         <name>__mspabi_slll_8</name>
         <value>0x79b0</value>
         <object_component_ref idref="oc-4bc"/>
      </symbol>
      <symbol id="sm-5e1">
         <name>__mspabi_slll_7</name>
         <value>0x79b4</value>
         <object_component_ref idref="oc-4bc"/>
      </symbol>
      <symbol id="sm-5e2">
         <name>__mspabi_slll_6</name>
         <value>0x79b8</value>
         <object_component_ref idref="oc-4bc"/>
      </symbol>
      <symbol id="sm-5e3">
         <name>__mspabi_slll_5</name>
         <value>0x79bc</value>
         <object_component_ref idref="oc-4bc"/>
      </symbol>
      <symbol id="sm-5e4">
         <name>__mspabi_slll_4</name>
         <value>0x79c0</value>
         <object_component_ref idref="oc-4bc"/>
      </symbol>
      <symbol id="sm-5e5">
         <name>__mspabi_slll_3</name>
         <value>0x79c4</value>
         <object_component_ref idref="oc-4bc"/>
      </symbol>
      <symbol id="sm-5e6">
         <name>__mspabi_slll_2</name>
         <value>0x79c8</value>
         <object_component_ref idref="oc-4bc"/>
      </symbol>
      <symbol id="sm-5e7">
         <name>__mspabi_slll_1</name>
         <value>0x79cc</value>
         <object_component_ref idref="oc-4bc"/>
      </symbol>
      <symbol id="sm-5e8">
         <name>__mspabi_slll</name>
         <value>0x7d54</value>
         <object_component_ref idref="oc-50b"/>
      </symbol>
      <symbol id="sm-5e9">
         <name>__mspabi_slll_15</name>
         <value>0x7994</value>
         <object_component_ref idref="oc-4bc"/>
      </symbol>
      <symbol id="sm-5ea">
         <name>__mspabi_slll_14</name>
         <value>0x7998</value>
         <object_component_ref idref="oc-4bc"/>
      </symbol>
      <symbol id="sm-5eb">
         <name>__mspabi_slll_13</name>
         <value>0x799c</value>
         <object_component_ref idref="oc-4bc"/>
      </symbol>
      <symbol id="sm-5ec">
         <name>__mspabi_slll_12</name>
         <value>0x79a0</value>
         <object_component_ref idref="oc-4bc"/>
      </symbol>
      <symbol id="sm-5ed">
         <name>__mspabi_slll_11</name>
         <value>0x79a4</value>
         <object_component_ref idref="oc-4bc"/>
      </symbol>
      <symbol id="sm-5ee">
         <name>__mspabi_slll_10</name>
         <value>0x79a8</value>
         <object_component_ref idref="oc-4bc"/>
      </symbol>
      <symbol id="sm-5f6">
         <name>__mspabi_srli_8</name>
         <value>0x77e0</value>
         <object_component_ref idref="oc-fb"/>
      </symbol>
      <symbol id="sm-5f7">
         <name>__mspabi_srli_9</name>
         <value>0x77dc</value>
         <object_component_ref idref="oc-fb"/>
      </symbol>
      <symbol id="sm-5f8">
         <name>__mspabi_srli_6</name>
         <value>0x77e8</value>
         <object_component_ref idref="oc-fb"/>
      </symbol>
      <symbol id="sm-5f9">
         <name>__mspabi_srli_7</name>
         <value>0x77e4</value>
         <object_component_ref idref="oc-fb"/>
      </symbol>
      <symbol id="sm-5fa">
         <name>__mspabi_srli_4</name>
         <value>0x77f0</value>
         <object_component_ref idref="oc-fb"/>
      </symbol>
      <symbol id="sm-5fb">
         <name>__mspabi_srli_5</name>
         <value>0x77ec</value>
         <object_component_ref idref="oc-fb"/>
      </symbol>
      <symbol id="sm-5fc">
         <name>__mspabi_srli_2</name>
         <value>0x77f8</value>
         <object_component_ref idref="oc-fb"/>
      </symbol>
      <symbol id="sm-5fd">
         <name>__mspabi_srli_3</name>
         <value>0x77f4</value>
         <object_component_ref idref="oc-fb"/>
      </symbol>
      <symbol id="sm-5fe">
         <name>__mspabi_srli_1</name>
         <value>0x77fc</value>
         <object_component_ref idref="oc-fb"/>
      </symbol>
      <symbol id="sm-5ff">
         <name>__mspabi_srli</name>
         <value>0x77b6</value>
         <object_component_ref idref="oc-fb"/>
      </symbol>
      <symbol id="sm-600">
         <name>__mspabi_srli_15</name>
         <value>0x77c4</value>
         <object_component_ref idref="oc-fb"/>
      </symbol>
      <symbol id="sm-601">
         <name>__mspabi_srli_14</name>
         <value>0x77c8</value>
         <object_component_ref idref="oc-fb"/>
      </symbol>
      <symbol id="sm-602">
         <name>__mspabi_srli_13</name>
         <value>0x77cc</value>
         <object_component_ref idref="oc-fb"/>
      </symbol>
      <symbol id="sm-603">
         <name>__mspabi_srli_12</name>
         <value>0x77d0</value>
         <object_component_ref idref="oc-fb"/>
      </symbol>
      <symbol id="sm-604">
         <name>__mspabi_srli_11</name>
         <value>0x77d4</value>
         <object_component_ref idref="oc-fb"/>
      </symbol>
      <symbol id="sm-605">
         <name>__mspabi_srli_10</name>
         <value>0x77d8</value>
         <object_component_ref idref="oc-fb"/>
      </symbol>
      <symbol id="sm-615">
         <name>__mspabi_srll_8</name>
         <value>0x7634</value>
         <object_component_ref idref="oc-4c4"/>
      </symbol>
      <symbol id="sm-616">
         <name>__mspabi_srll_9</name>
         <value>0x762e</value>
         <object_component_ref idref="oc-4c4"/>
      </symbol>
      <symbol id="sm-617">
         <name>__mspabi_srll_6</name>
         <value>0x7640</value>
         <object_component_ref idref="oc-4c4"/>
      </symbol>
      <symbol id="sm-618">
         <name>__mspabi_srll_7</name>
         <value>0x763a</value>
         <object_component_ref idref="oc-4c4"/>
      </symbol>
      <symbol id="sm-619">
         <name>__mspabi_srll_4</name>
         <value>0x764c</value>
         <object_component_ref idref="oc-4c4"/>
      </symbol>
      <symbol id="sm-61a">
         <name>__mspabi_srll_5</name>
         <value>0x7646</value>
         <object_component_ref idref="oc-4c4"/>
      </symbol>
      <symbol id="sm-61b">
         <name>__mspabi_srll_2</name>
         <value>0x7658</value>
         <object_component_ref idref="oc-4c4"/>
      </symbol>
      <symbol id="sm-61c">
         <name>__mspabi_srll_3</name>
         <value>0x7652</value>
         <object_component_ref idref="oc-4c4"/>
      </symbol>
      <symbol id="sm-61d">
         <name>__mspabi_srll_1</name>
         <value>0x765e</value>
         <object_component_ref idref="oc-4c4"/>
      </symbol>
      <symbol id="sm-61e">
         <name>__mspabi_srll_15</name>
         <value>0x760a</value>
         <object_component_ref idref="oc-4c4"/>
      </symbol>
      <symbol id="sm-61f">
         <name>__mspabi_srll_14</name>
         <value>0x7610</value>
         <object_component_ref idref="oc-4c4"/>
      </symbol>
      <symbol id="sm-620">
         <name>__mspabi_srll_13</name>
         <value>0x7616</value>
         <object_component_ref idref="oc-4c4"/>
      </symbol>
      <symbol id="sm-621">
         <name>__mspabi_srll_12</name>
         <value>0x761c</value>
         <object_component_ref idref="oc-4c4"/>
      </symbol>
      <symbol id="sm-622">
         <name>__mspabi_srll_11</name>
         <value>0x7622</value>
         <object_component_ref idref="oc-4c4"/>
      </symbol>
      <symbol id="sm-623">
         <name>__mspabi_srll_10</name>
         <value>0x7628</value>
         <object_component_ref idref="oc-4c4"/>
      </symbol>
      <symbol id="sm-624">
         <name>__mspabi_srll</name>
         <value>0x7cf0</value>
         <object_component_ref idref="oc-44f"/>
      </symbol>
      <symbol id="sm-632">
         <name>__mspabi_srlll</name>
         <value>0x7848</value>
         <object_component_ref idref="oc-3ef"/>
      </symbol>
      <symbol id="sm-665">
         <name>__mspabi_divull</name>
         <value>0x4478</value>
         <object_component_ref idref="oc-3e4"/>
      </symbol>
      <symbol id="sm-687">
         <name>__mspabi_addd</name>
         <value>0x47d8</value>
         <object_component_ref idref="oc-4cb"/>
      </symbol>
      <symbol id="sm-6a1">
         <name>__mspabi_cmpd</name>
         <value>0x6c4e</value>
         <object_component_ref idref="oc-3ca"/>
      </symbol>
      <symbol id="sm-6ae">
         <name>__mspabi_fixdi</name>
         <value>0x7bb8</value>
         <object_component_ref idref="oc-47c"/>
      </symbol>
      <symbol id="sm-6bd">
         <name>__mspabi_fixdli</name>
         <value>0x74d6</value>
         <object_component_ref idref="oc-464"/>
      </symbol>
      <symbol id="sm-6c6">
         <name>__mspabi_fltid</name>
         <value>0x7d8e</value>
         <object_component_ref idref="oc-4b0"/>
      </symbol>
      <symbol id="sm-6dd">
         <name>__mspabi_fltlid</name>
         <value>0x6f5c</value>
         <object_component_ref idref="oc-470"/>
      </symbol>
      <symbol id="sm-6fe">
         <name>__TI_frcaddd</name>
         <value>0x54bc</value>
         <object_component_ref idref="oc-4f9"/>
      </symbol>
      <symbol id="sm-70e">
         <name>__TI_frcmpyd</name>
         <value>0x4d5a</value>
         <object_component_ref idref="oc-48d"/>
      </symbol>
      <symbol id="sm-717">
         <name>__mspabi_negd</name>
         <value>0x7b8e</value>
         <object_component_ref idref="oc-3ac"/>
      </symbol>
      <symbol id="sm-72a">
         <name>__TI_renormd</name>
         <value>0x6dee</value>
         <object_component_ref idref="oc-515"/>
      </symbol>
      <symbol id="sm-73d">
         <name>atoi</name>
         <value>0x7716</value>
         <object_component_ref idref="oc-346"/>
      </symbol>
      <symbol id="sm-747">
         <name>_ctypes_</name>
         <value>0x7dd6</value>
         <object_component_ref idref="oc-38d"/>
      </symbol>
      <symbol id="sm-756">
         <name>ltoa</name>
         <value>0x7268</value>
         <object_component_ref idref="oc-46a"/>
      </symbol>
      <symbol id="sm-765">
         <name>memccpy</name>
         <value>0x7c32</value>
         <object_component_ref idref="oc-360"/>
      </symbol>
      <symbol id="sm-773">
         <name>memset</name>
         <value>0x7c90</value>
         <object_component_ref idref="oc-34d"/>
      </symbol>
      <symbol id="sm-782">
         <name>strchr</name>
         <value>0x7c4c</value>
         <object_component_ref idref="oc-4aa"/>
      </symbol>
      <symbol id="sm-78f">
         <name>strlen</name>
         <value>0x7d74</value>
         <object_component_ref idref="oc-2e7"/>
      </symbol>
      <symbol id="sm-79c">
         <name>toupper</name>
         <value>0x7da6</value>
         <object_component_ref idref="oc-3a6"/>
      </symbol>
      <symbol id="sm-7a3">
         <name>errno</name>
         <value>0x1140</value>
         <object_component_ref idref="oc-36e"/>
      </symbol>
      <symbol id="sm-7ad">
         <name>abs</name>
         <value>0x7db2</value>
         <object_component_ref idref="oc-483"/>
      </symbol>
      <symbol id="sm-7c5">
         <name>wcslen</name>
         <value>0x7cb8</value>
         <object_component_ref idref="oc-368"/>
      </symbol>
      <symbol id="sm-7d2">
         <name>__mspabi_sllll</name>
         <value>0x78d2</value>
         <object_component_ref idref="oc-449"/>
      </symbol>
   </symbol_table>
   <title>Link successful</title>
</link_info>
