******************************************************************************
                  MSP430 Linker PC v18.12.4                    
******************************************************************************
>> Linked Sat May 30 09:11:00 2020

OUTPUT FILE NAME:   <MSP430-ADC+CURRENT.out>
ENTRY POINT SYMBOL: "_c_int00_noargs"  address: 00007ec0


MEMORY CONFIGURATION

         name            origin    length      used     unused   attr    fill
----------------------  --------  ---------  --------  --------  ----  --------
  SFR                   00000000   00000010  00000000  00000010  RWIX
  PERIPHERALS_8BIT      00000010   000000f0  00000000  000000f0  RWIX
  PERIPHERALS_16BIT     00000100   00000100  00000000  00000100  RWIX
  INFOB                 00001000   00000080  00000000  00000080  RWIX
  INFOA                 00001080   00000080  00000000  00000080  RWIX
  RAM                   00001100   00002800  00000248  000025b8  RWIX
  FLASH                 00004000   0000bfe0  0000424c  00007d94  RWIX
  INT00                 0000ffe0   00000002  00000002  00000000  RWIX
  INT01                 0000ffe2   00000002  00000002  00000000  RWIX
  INT02                 0000ffe4   00000002  00000002  00000000  RWIX
  INT03                 0000ffe6   00000002  00000002  00000000  RWIX
  INT04                 0000ffe8   00000002  00000002  00000000  RWIX
  INT05                 0000ffea   00000002  00000002  00000000  RWIX
  INT06                 0000ffec   00000002  00000002  00000000  RWIX
  INT07                 0000ffee   00000002  00000002  00000000  RWIX
  INT08                 0000fff0   00000002  00000002  00000000  RWIX
  INT09                 0000fff2   00000002  00000002  00000000  RWIX
  INT10                 0000fff4   00000002  00000002  00000000  RWIX
  INT11                 0000fff6   00000002  00000002  00000000  RWIX
  INT12                 0000fff8   00000002  00000002  00000000  RWIX
  INT13                 0000fffa   00000002  00000002  00000000  RWIX
  INT14                 0000fffc   00000002  00000002  00000000  RWIX
  RESET                 0000fffe   00000002  00000002  00000000  RWIX


SECTION ALLOCATION MAP

 output                                  attributes/
section   page    origin      length       input sections
--------  ----  ----------  ----------   ----------------
.data      0    00001100    00000047     UNINITIALIZED
                  00001100    00000040     lcd.obj (.data:LCD_table)
                  00001140    00000004     main.obj (.data)
                  00001144    00000002     rts430_eabi.lib : errno.c.obj (.data)
                  00001146    00000001     leds.obj (.data)

.bss       0    00001148    0000000d     UNINITIALIZED
                  00001148    00000002     (.common:BufRptr)
                  0000114a    00000002     (.common:BufTptr)
                  0000114c    00000002     (.common:Tx_Data)
                  0000114e    00000002     (.common:wait_i)
                  00001150    00000002     (.common:wait_j)
                  00001152    00000001     (.common:LCD_col)
                  00001153    00000001     (.common:LCD_row)
                  00001154    00000001     (.common:n)

.stack     0    0000370c    000001f4     UNINITIALIZED
                  0000370c    00000002     rts430_eabi.lib : boot.c.obj (.stack)
                  0000370e    000001f2     --HOLE--

.text      0    00004000    000040ae     
                  00004000    00000478     rts430_eabi.lib : frcdivd.c.obj (.text:__TI_frcdivd)
                  00004478    00000360                     : div64u.c.obj (.text:__mspabi_divull)
                  000047d8    000002fa                     : addd.c.obj (.text:__mspabi_addd)
                  00004ad2    00000288                     : _printfi.c.obj (.text:__TI_printfi)
                  00004d5a    00000286                     : frcmpyd.c.obj (.text:__TI_frcmpyd)
                  00004fe0    0000026e                     : mpyd.c.obj (.text:__mspabi_mpyd)
                  0000524e    0000026e                     : _printfi.c.obj (.text:_pproc_fgea)
                  000054bc    00000260                     : frcaddd.c.obj (.text:__TI_frcaddd)
                  0000571c    00000252                     : _printfi.c.obj (.text:_setfield)
                  0000596e    00000244                     : _printfi.c.obj (.text:acvt)
                  00005bb2    00000238                     : divd.c.obj (.text:__mspabi_divd)
                  00005dea    000001ec                     : _printfi.c.obj (.text:_getarg_diouxp)
                  00005fd6    000001de                     : _printfi.c.obj (.text:ecvt)
                  000061b4    000001c4                     : _printfi.c.obj (.text:fcvt)
                  00006378    000001a6                     : _printfi.c.obj (.text:_pconv_e)
                  0000651e    00000174                     : _printfi.c.obj (.text:_pconv_a)
                  00006692    0000016a                     : s_scalbn.c.obj (.text:scalbn)
                  000067fc    0000014c                     : _printfi.c.obj (.text:_pproc_diouxp)
                  00006948    0000012e                     : _printfi.c.obj (.text:_ltostr)
                  00006a76    000000f8                     : _printfi.c.obj (.text:_pconv_g)
                  00006b6e    000000e0                     : _printfi.c.obj (.text:_pproc_fwp)
                  00006c4e    000000dc                     : cmpd.c.obj (.text:__mspabi_cmpd)
                  00006d2a    000000c4                     : _printfi.c.obj (.text:_pproc_wstr)
                  00006dee    000000c2     main.obj (.text:ADC_interrupt)
                  00006eb0    000000be     rts430_eabi.lib : renormd.c.obj (.text:__TI_renormd)
                  00006f6e    000000b0                     : s_frexp.c.obj (.text:frexp)
                  0000701e    000000ac                     : fltlid.c.obj (.text:__mspabi_fltlid)
                  000070ca    000000ac                     : _printfi.c.obj (.text:_pproc_str)
                  00007176    00000094     lcd.obj (.text:LCD_WriteByte)
                  0000720a    00000092     rts430_eabi.lib : _printfi.c.obj (.text:_mcpy)
                  0000729c    0000008e                     : _printfi.c.obj (.text:_ecpy)
                  0000732a    0000008c                     : cvtdf.c.obj (.text:__mspabi_cvtdf)
                  000073b6    0000008a                     : fltuld.c.obj (.text:__mspabi_fltuld)
                  00007440    00000086     main.obj (.text:main)
                  000074c6    00000084     rts430_eabi.lib : ltoa.c.obj (.text:ltoa)
                  0000754a    0000007c                     : copy_decompress_lzss.c.obj (.text:decompress:lzss:__TI_decompress_lzss)
                  000075c6    0000007a                     : _printfi.c.obj (.text:_pconv_f)
                  00007640    00000072                     : fixdli.c.obj (.text:__mspabi_fixdli)
                  000076b2    00000070                     : cvtfd.c.obj (.text:__mspabi_cvtfd)
                  00007722    00000062     I2C.obj (.text:I2C_ISR)
                  00007784    00000060     lcd.obj (.text:LCD_message)
                  000077e4    0000005c     rts430_eabi.lib : lsr32.asm.obj (.text:l_lsr_const)
                  00007840    00000058                     : autoinit.c.obj (.text:__TI_auto_init_nobinit_nopinit_hold_wdt:__TI_auto_init_nobinit_nopinit_hold_wdt)
                  00007898    00000058                     : div32u.asm.obj (.text)
                  000078f0    00000052                     : atoi.c.obj (.text:atoi)
                  00007942    0000004e                     : _printfi.c.obj (.text:_fcpy)
                  00007990    0000004c                     : lsr16.asm.obj (.text)
                  000079dc    0000004a     I2C.obj (.text:Send_I2C)
                  00007a26    00000046     I2C.obj (.text:Init_I2C)
                  00007a6c    00000046     lcd.obj (.text:LCD_init)
                  00007ab2    00000046     rts430_eabi.lib : lsr64.c.obj (.text:__mspabi_srlll)
                  00007af8    00000046     main.obj (.text:init)
                  00007b3e    00000044     lcd.obj (.text:LCD_set_pos)
                  00007b82    00000044     rts430_eabi.lib : lsl64.c.obj (.text:__mspabi_sllll)
                  00007bc6    00000040                     : div32s.asm.obj (.text)
                  00007c06    0000003e                     : asr32.asm.obj (.text:l_asr_const)
                  00007c44    0000003e                     : lsl32.asm.obj (.text:l_lsl_const)
                  00007c82    00000038                     : sprintf.c.obj (.text:sprintf)
                  00007cba    00000036     sysfunc.obj (.text:wait_1ms)
                  00007cf0    00000030     sysfunc.obj (.text:Init_System_Clock)
                  00007d20    0000002e     rts430_eabi.lib : subd.c.obj (.text:__mspabi_subd)
                  00007d4e    0000002e                     : s_copysign.c.obj (.text:copysign)
                  00007d7c    0000002e                     : mult32_hw.asm.obj (.text)
                  00007daa    0000002c                     : asr16.asm.obj (.text)
                  00007dd6    0000002c                     : lsl16.asm.obj (.text)
                  00007e02    0000002a                     : negd.c.obj (.text:__mspabi_negd)
                  00007e2c    00000028     I2C.obj (.text:I2C_WriteByte)
                  00007e54    00000028     leds.obj (.text:LED_out)
                  00007e7c    00000028     rts430_eabi.lib : fixdi.c.obj (.text:__mspabi_fixdi)
                  00007ea4    0000001c     lcd.obj (.text:LCD_recode)
                  00007ec0    0000001c     rts430_eabi.lib : boot.c.obj (.text:_c_int00_noargs)
                  00007edc    0000001a                     : sprintf.c.obj (.text:_outs)
                  00007ef6    0000001a                     : memccpy.c.obj (.text:memccpy)
                  00007f10    0000001a                     : strchr.c.obj (.text:strchr)
                  00007f2a    00000016                     : div16u.asm.obj (.text)
                  00007f40    00000014                     : copy_zero_init.c.obj (.text:decompress:ZI:__TI_zero_init_nomemset:__TI_zero_init_nomemset)
                  00007f54    00000014                     : memset.c.obj (.text:memset)
                  00007f68    00000014                     : mult16_hw.asm.obj (.text)
                  00007f7c    00000014                     : wcslen.c.obj (.text:wcslen)
                  00007f90    00000012                     : sprintf.c.obj (.text:_outc)
                  00007fa2    00000012                     : copy_decompress_none.c.obj (.text:decompress:none:__TI_decompress_none)
                  00007fb4    00000012                     : lsr32.asm.obj (.text:l_lsr)
                  00007fc6    00000012                     : memcpy.c.obj (.text:memcpy)
                  00007fd8    00000010     lcd.obj (.text:LCD_WriteCommand)
                  00007fe8    00000010     lcd.obj (.text:LCD_WriteData)
                  00007ff8    00000010     lcd.obj (.text:LCD_clear)
                  00008008    00000010     rts430_eabi.lib : asr32.asm.obj (.text:l_asr)
                  00008018    00000010                     : lsl32.asm.obj (.text:l_lsl)
                  00008028    00000010                     : epilog.asm.obj (.text)
                  00008038    0000000e     leds.obj (.text:LED_invert)
                  00008046    0000000e     rts430_eabi.lib : strlen.c.obj (.text:strlen)
                  00008054    0000000c     sysfunc.obj (.text:Init_System)
                  00008060    0000000c     rts430_eabi.lib : fltid.c.obj (.text:__mspabi_fltid)
                  0000806c    0000000c     analogsensors.obj (.text:isrTIMERA)
                  00008078    0000000c     rts430_eabi.lib : toupper.c.obj (.text:toupper)
                  00008084    0000000a                     : abs.c.obj (.text:abs)
                  0000808e    00000008                     : isr_trap.asm.obj (.text:_isr:__TI_ISR_TRAP)
                  00008096    00000006     msp430_initialize_unused_interrrupt_vectors.obj (.text:ISR_trap)
                  0000809c    00000006     rts430_eabi.lib : fltud.c.obj (.text:__mspabi_fltud)
                  000080a2    00000006                     : exit.c.obj (.text:abort)
                  000080a8    00000004                     : pre_init.c.obj (.text:_system_pre_init)
                  000080ac    00000002                     : startup.c.obj (.text:_system_post_cinit)

.const     0    000080ae    00000140     
                  000080ae    00000101     rts430_eabi.lib : ctype.c.obj (.const:.string:_ctypes_)
                  000081af    00000001     --HOLE-- [fill = 0]
                  000081b0    00000026                     : _printfi.c.obj (.const:.string)
                  000081d6    00000010     main.obj (.const:.string)
                  000081e6    00000008     main.obj (.const)

.cinit     0    000081ee    0000005e     
                  000081ee    0000004b     (.cinit..data.load) [load image]
                  00008239    00000001     --HOLE-- [fill = 0]
                  0000823a    00000006     (__TI_handler_table)
                  00008240    00000004     (.cinit..bss.load) [load image, compression = zero_init]
                  00008244    00000008     (__TI_cinit_table)

.init_array 
*          0    00004000    00000000     UNINITIALIZED

DACDMA     0    0000ffe0    00000002     
                  0000ffe0    00000002     msp430_initialize_unused_interrrupt_vectors.obj (.int00)

PORT2      0    0000ffe2    00000002     
                  0000ffe2    00000002     msp430_initialize_unused_interrrupt_vectors.obj (.int01)

USART1TX   0    0000ffe4    00000002     
                  0000ffe4    00000002     msp430_initialize_unused_interrrupt_vectors.obj (.int02)

USART1RX   0    0000ffe6    00000002     
                  0000ffe6    00000002     msp430_initialize_unused_interrrupt_vectors.obj (.int03)

PORT1      0    0000ffe8    00000002     
                  0000ffe8    00000002     msp430_initialize_unused_interrrupt_vectors.obj (.int04)

TIMERA1    0    0000ffea    00000002     
                  0000ffea    00000002     analogsensors.obj (.int05)

TIMERA0    0    0000ffec    00000002     
                  0000ffec    00000002     msp430_initialize_unused_interrrupt_vectors.obj (.int06)

ADC12      0    0000ffee    00000002     
                  0000ffee    00000002     main.obj (.int07)

USART0TX   0    0000fff0    00000002     
                  0000fff0    00000002     I2C.obj (.int08)

USART0RX   0    0000fff2    00000002     
                  0000fff2    00000002     rts430_eabi.lib : int09.asm.obj (.int09)

WDT        0    0000fff4    00000002     
                  0000fff4    00000002     msp430_initialize_unused_interrrupt_vectors.obj (.int10)

COMPARATORA 
*          0    0000fff6    00000002     
                  0000fff6    00000002     msp430_initialize_unused_interrrupt_vectors.obj (.int11)

TIMERB1    0    0000fff8    00000002     
                  0000fff8    00000002     msp430_initialize_unused_interrrupt_vectors.obj (.int12)

TIMERB0    0    0000fffa    00000002     
                  0000fffa    00000002     msp430_initialize_unused_interrrupt_vectors.obj (.int13)

NMI        0    0000fffc    00000002     
                  0000fffc    00000002     msp430_initialize_unused_interrrupt_vectors.obj (.int14)

.reset     0    0000fffe    00000002     
                  0000fffe    00000002     rts430_eabi.lib : boot.c.obj (.reset)

MODULE SUMMARY

       Module                                            code    ro data   rw data
       ------                                            ----    -------   -------
    .\
       lcd.obj                                           458     0         67     
       main.obj                                          398     26        14     
       I2C.obj                                           282     2         0      
       sysfunc.obj                                       114     0         0      
       leds.obj                                          54      0         1      
       msp430_initialize_unused_interrrupt_vectors.obj   6       22        0      
       analogsensors.obj                                 12      2         0      
    +--+-------------------------------------------------+-------+---------+---------+
       Total:                                            1324    52        82     
                                                                                  
    C:\ti\ccs930\ccs\tools\compiler\ti-cgt-msp430_18.12.4.LTS\lib\rts430_eabi.lib
       _printfi.c.obj                                    6622    38        0      
       frcdivd.c.obj                                     1144    0         0      
       div64u.c.obj                                      864     0         0      
       addd.c.obj                                        762     0         0      
       frcmpyd.c.obj                                     646     0         0      
       mpyd.c.obj                                        622     0         0      
       frcaddd.c.obj                                     608     0         0      
       divd.c.obj                                        568     0         0      
       s_scalbn.c.obj                                    362     0         0      
       ctype.c.obj                                       0       257       0      
       cmpd.c.obj                                        220     0         0      
       renormd.c.obj                                     190     0         0      
       s_frexp.c.obj                                     176     0         0      
       fltlid.c.obj                                      172     0         0      
       cvtdf.c.obj                                       140     0         0      
       fltuld.c.obj                                      138     0         0      
       ltoa.c.obj                                        132     0         0      
       copy_decompress_lzss.c.obj                        124     0         0      
       fixdli.c.obj                                      114     0         0      
       cvtfd.c.obj                                       112     0         0      
       lsr32.asm.obj                                     110     0         0      
       sprintf.c.obj                                     100     0         0      
       autoinit.c.obj                                    88      0         0      
       div32u.asm.obj                                    88      0         0      
       atoi.c.obj                                        82      0         0      
       asr32.asm.obj                                     78      0         0      
       lsl32.asm.obj                                     78      0         0      
       lsr16.asm.obj                                     76      0         0      
       lsr64.c.obj                                       70      0         0      
       lsl64.c.obj                                       68      0         0      
       div32s.asm.obj                                    64      0         0      
       mult32_hw.asm.obj                                 46      0         0      
       s_copysign.c.obj                                  46      0         0      
       subd.c.obj                                        46      0         0      
       asr16.asm.obj                                     44      0         0      
       lsl16.asm.obj                                     44      0         0      
       negd.c.obj                                        42      0         0      
       fixdi.c.obj                                       40      0         0      
       boot.c.obj                                        28      2         0      
       memccpy.c.obj                                     26      0         0      
       strchr.c.obj                                      26      0         0      
       div16u.asm.obj                                    22      0         0      
       copy_zero_init.c.obj                              20      0         0      
       memset.c.obj                                      20      0         0      
       mult16_hw.asm.obj                                 20      0         0      
       wcslen.c.obj                                      20      0         0      
       copy_decompress_none.c.obj                        18      0         0      
       memcpy.c.obj                                      18      0         0      
       epilog.asm.obj                                    16      0         0      
       strlen.c.obj                                      14      0         0      
       fltid.c.obj                                       12      0         0      
       toupper.c.obj                                     12      0         0      
       abs.c.obj                                         10      0         0      
       isr_trap.asm.obj                                  8       0         0      
       exit.c.obj                                        6       0         0      
       fltud.c.obj                                       6       0         0      
       pre_init.c.obj                                    4       0         0      
       errno.c.obj                                       0       0         2      
       int09.asm.obj                                     0       2         0      
       startup.c.obj                                     2       0         0      
    +--+-------------------------------------------------+-------+---------+---------+
       Total:                                            15234   299       2      
                                                                                  
       Stack:                                            0       0         500    
       Linker Generated:                                 0       93        0      
    +--+-------------------------------------------------+-------+---------+---------+
       Grand Total:                                      16558   444       584    


LINKER GENERATED COPY TABLES

__TI_cinit_table @ 00008244 records: 2, size/record: 4, table size: 8
	.data: load addr=000081ee, load size=0000004b bytes, run addr=00001100, run size=00000047 bytes, compression=copy
	.bss: load addr=00008240, load size=00000004 bytes, run addr=00001148, run size=0000000d bytes, compression=zero_init


LINKER GENERATED HANDLER TABLE

__TI_handler_table @ 0000823a records: 3, size/record: 2, table size: 6
	index: 0, handler: __TI_zero_init
	index: 1, handler: __TI_decompress_lzss
	index: 2, handler: __TI_decompress_none


GLOBAL SYMBOLS: SORTED ALPHABETICALLY BY Name 

address   name                                   
-------   ----                                   
000001a0  ADC12CTL0                              
000001a2  ADC12CTL1                              
000001a6  ADC12IE                                
000001a4  ADC12IFG                               
000001a8  ADC12IV                                
00000080  ADC12MCTL0                             
00000081  ADC12MCTL1                             
0000008a  ADC12MCTL10                            
0000008b  ADC12MCTL11                            
0000008c  ADC12MCTL12                            
0000008d  ADC12MCTL13                            
0000008e  ADC12MCTL14                            
0000008f  ADC12MCTL15                            
00000082  ADC12MCTL2                             
00000083  ADC12MCTL3                             
00000084  ADC12MCTL4                             
00000085  ADC12MCTL5                             
00000086  ADC12MCTL6                             
00000087  ADC12MCTL7                             
00000088  ADC12MCTL8                             
00000089  ADC12MCTL9                             
00000140  ADC12MEM0                              
00000142  ADC12MEM1                              
00000154  ADC12MEM10                             
00000156  ADC12MEM11                             
00000158  ADC12MEM12                             
0000015a  ADC12MEM13                             
0000015c  ADC12MEM14                             
0000015e  ADC12MEM15                             
00000144  ADC12MEM2                              
00000146  ADC12MEM3                              
00000148  ADC12MEM4                              
0000014a  ADC12MEM5                              
0000014c  ADC12MEM6                              
0000014e  ADC12MEM7                              
00000150  ADC12MEM8                              
00000152  ADC12MEM9                              
00006dee  ADC_interrupt                          
00000057  BCSCTL1                                
00000058  BCSCTL2                                
00001148  BufRptr                                
0000114a  BufTptr                                
000080a2  C$$EXIT                                
00000059  CACTL1                                 
0000005a  CACTL2                                 
0000005b  CAPD                                   
000001c0  DAC12_0CTL                             
000001c8  DAC12_0DAT                             
000001c2  DAC12_1CTL                             
000001ca  DAC12_1DAT                             
00000056  DCOCTL                                 
000001e0  DMA0CTL                                
000001e4  DMA0DA                                 
000001e2  DMA0SA                                 
000001e6  DMA0SZ                                 
000001e8  DMA1CTL                                
000001ec  DMA1DA                                 
000001ea  DMA1SA                                 
000001ee  DMA1SZ                                 
000001f0  DMA2CTL                                
000001f4  DMA2DA                                 
000001f2  DMA2SA                                 
000001f6  DMA2SZ                                 
00000122  DMACTL0                                
00000124  DMACTL1                                
00000128  FCTL1                                  
0000012a  FCTL2                                  
0000012c  FCTL3                                  
00000072  I2CDCTL                                
00000076  I2CDRB                                 
00000076  I2CDRW                                 
00000050  I2CIE                                  
00000051  I2CIFG                                 
0000011c  I2CIV                                  
00000052  I2CNDAT                                
00000118  I2COA                                  
00000073  I2CPSC                                 
0000011a  I2CSA                                  
00000074  I2CSCLH                                
00000075  I2CSCLL                                
00000071  I2CTCTL                                
00007722  I2C_ISR                                
00007e2c  I2C_WriteByte                          
00000000  IE1                                    
00000001  IE2                                    
00000002  IFG1                                   
00000003  IFG2                                   
000081ea  INA_RL1                                
000081e6  INA_RS1                                
00008096  ISR_trap                               
00007a26  Init_I2C                               
00008054  Init_System                            
00007cf0  Init_System_Clock                      
00007176  LCD_WriteByte                          
00007fd8  LCD_WriteCommand                       
00007fe8  LCD_WriteData                          
00007ff8  LCD_clear                              
00001152  LCD_col                                
00007a6c  LCD_init                               
00007784  LCD_message                            
00007ea4  LCD_recode                             
00001153  LCD_row                                
00007b3e  LCD_set_pos                            
00001100  LCD_table                              
00001146  LED_config                             
00008038  LED_invert                             
00007e54  LED_out                                
00000134  MAC                                    
00000136  MACS                                   
00000004  ME1                                    
00000005  ME2                                    
00000130  MPY                                    
00000132  MPYS                                   
00000138  OP2                                    
00000022  P1DIR                                  
00000025  P1IE                                   
00000024  P1IES                                  
00000023  P1IFG                                  
00000020  P1IN                                   
00000021  P1OUT                                  
00000026  P1SEL                                  
0000002a  P2DIR                                  
0000002d  P2IE                                   
0000002c  P2IES                                  
0000002b  P2IFG                                  
00000028  P2IN                                   
00000029  P2OUT                                  
0000002e  P2SEL                                  
0000001a  P3DIR                                  
00000018  P3IN                                   
00000019  P3OUT                                  
0000001b  P3SEL                                  
0000001e  P4DIR                                  
0000001c  P4IN                                   
0000001d  P4OUT                                  
0000001f  P4SEL                                  
00000032  P5DIR                                  
00000030  P5IN                                   
00000031  P5OUT                                  
00000033  P5SEL                                  
00000036  P6DIR                                  
00000034  P6IN                                   
00000035  P6OUT                                  
00000037  P6SEL                                  
0000013c  RESHI                                  
0000013a  RESLO                                  
0000013e  SUMEXT                                 
00000055  SVSCTL                                 
000079dc  Send_I2C                               
00000172  TACCR0                                 
00000174  TACCR1                                 
00000176  TACCR2                                 
00000162  TACCTL0                                
00000164  TACCTL1                                
00000166  TACCTL2                                
00000160  TACTL                                  
0000012e  TAIV                                   
00000170  TAR                                    
00000192  TBCCR0                                 
00000194  TBCCR1                                 
00000196  TBCCR2                                 
00000198  TBCCR3                                 
0000019a  TBCCR4                                 
0000019c  TBCCR5                                 
0000019e  TBCCR6                                 
00000182  TBCCTL0                                
00000184  TBCCTL1                                
00000186  TBCCTL2                                
00000188  TBCCTL3                                
0000018a  TBCCTL4                                
0000018c  TBCCTL5                                
0000018e  TBCCTL6                                
00000180  TBCTL                                  
0000011e  TBIV                                   
00000190  TBR                                    
0000114c  Tx_Data                                
00000074  U0BR0                                  
00000075  U0BR1                                  
00000070  U0CTL                                  
00000073  U0MCTL                                 
00000072  U0RCTL                                 
00000076  U0RXBUF                                
00000071  U0TCTL                                 
00000077  U0TXBUF                                
0000007c  U1BR0                                  
0000007d  U1BR1                                  
00000078  U1CTL                                  
0000007b  U1MCTL                                 
0000007a  U1RCTL                                 
0000007e  U1RXBUF                                
00000079  U1TCTL                                 
0000007f  U1TXBUF                                
00000120  WDTCTL                                 
00003900  __STACK_END                            
000001f4  __STACK_SIZE                           
00008244  __TI_CINIT_Base                        
0000824c  __TI_CINIT_Limit                       
0000823a  __TI_Handler_Table_Base                
00008240  __TI_Handler_Table_Limit               
0000808e  __TI_ISR_TRAP                          
00007840  __TI_auto_init_nobinit_nopinit_hold_wdt
0000754a  __TI_decompress_lzss                   
00007fa2  __TI_decompress_none                   
000054bc  __TI_frcaddd                           
00004000  __TI_frcdivd                           
00004d5a  __TI_frcmpyd                           
0000ffe0  __TI_int00                             
0000ffe2  __TI_int01                             
0000ffe4  __TI_int02                             
0000ffe6  __TI_int03                             
0000ffe8  __TI_int04                             
0000ffea  __TI_int05                             
0000ffec  __TI_int06                             
0000ffee  __TI_int07                             
0000fff0  __TI_int08                             
0000fff2  __TI_int09                             
0000fff4  __TI_int10                             
0000fff6  __TI_int11                             
0000fff8  __TI_int12                             
0000fffa  __TI_int13                             
0000fffc  __TI_int14                             
ffffffff  __TI_pprof_out_hndl                    
00004ad2  __TI_printfi                           
ffffffff  __TI_prof_data_size                    
ffffffff  __TI_prof_data_start                   
00006eb0  __TI_renormd                           
00007f40  __TI_zero_init_nomemset                
ffffffff  __c_args__                             
000047d8  __mspabi_addd                          
00006c4e  __mspabi_cmpd                          
0000732a  __mspabi_cvtdf                         
000076b2  __mspabi_cvtfd                         
00005bb2  __mspabi_divd                          
00007bc6  __mspabi_divli                         
00007f2a  __mspabi_divu                          
00007898  __mspabi_divul                         
00004478  __mspabi_divull                        
00007e7c  __mspabi_fixdi                         
00007640  __mspabi_fixdli                        
00008060  __mspabi_fltid                         
0000701e  __mspabi_fltlid                        
0000809c  __mspabi_fltud                         
000073b6  __mspabi_fltuld                        
00008034  __mspabi_func_epilog_1                 
00008032  __mspabi_func_epilog_2                 
00008030  __mspabi_func_epilog_3                 
0000802e  __mspabi_func_epilog_4                 
0000802c  __mspabi_func_epilog_5                 
0000802a  __mspabi_func_epilog_6                 
00008028  __mspabi_func_epilog_7                 
00004fe0  __mspabi_mpyd                          
00007f68  __mspabi_mpyi_hw                       
00007d7c  __mspabi_mpyl_hw                       
00007e02  __mspabi_negd                          
00007bc6  __mspabi_remli                         
00007f2a  __mspabi_remu                          
00007898  __mspabi_remul                         
00007dd6  __mspabi_slli                          
00007dfe  __mspabi_slli_1                        
00007dec  __mspabi_slli_10                       
00007dea  __mspabi_slli_11                       
00007de8  __mspabi_slli_12                       
00007de6  __mspabi_slli_13                       
00007de4  __mspabi_slli_14                       
00007de2  __mspabi_slli_15                       
00007dfc  __mspabi_slli_2                        
00007dfa  __mspabi_slli_3                        
00007df8  __mspabi_slli_4                        
00007df6  __mspabi_slli_5                        
00007df4  __mspabi_slli_6                        
00007df2  __mspabi_slli_7                        
00007df0  __mspabi_slli_8                        
00007dee  __mspabi_slli_9                        
00008018  __mspabi_slll                          
00007c7c  __mspabi_slll_1                        
00007c58  __mspabi_slll_10                       
00007c54  __mspabi_slll_11                       
00007c50  __mspabi_slll_12                       
00007c4c  __mspabi_slll_13                       
00007c48  __mspabi_slll_14                       
00007c44  __mspabi_slll_15                       
00007c78  __mspabi_slll_2                        
00007c74  __mspabi_slll_3                        
00007c70  __mspabi_slll_4                        
00007c6c  __mspabi_slll_5                        
00007c68  __mspabi_slll_6                        
00007c64  __mspabi_slll_7                        
00007c60  __mspabi_slll_8                        
00007c5c  __mspabi_slll_9                        
00007b82  __mspabi_sllll                         
00007daa  __mspabi_srai                          
00007dd2  __mspabi_srai_1                        
00007dc0  __mspabi_srai_10                       
00007dbe  __mspabi_srai_11                       
00007dbc  __mspabi_srai_12                       
00007dba  __mspabi_srai_13                       
00007db8  __mspabi_srai_14                       
00007db6  __mspabi_srai_15                       
00007dd0  __mspabi_srai_2                        
00007dce  __mspabi_srai_3                        
00007dcc  __mspabi_srai_4                        
00007dca  __mspabi_srai_5                        
00007dc8  __mspabi_srai_6                        
00007dc6  __mspabi_srai_7                        
00007dc4  __mspabi_srai_8                        
00007dc2  __mspabi_srai_9                        
00008008  __mspabi_sral                          
00007c3e  __mspabi_sral_1                        
00007c1a  __mspabi_sral_10                       
00007c16  __mspabi_sral_11                       
00007c12  __mspabi_sral_12                       
00007c0e  __mspabi_sral_13                       
00007c0a  __mspabi_sral_14                       
00007c06  __mspabi_sral_15                       
00007c3a  __mspabi_sral_2                        
00007c36  __mspabi_sral_3                        
00007c32  __mspabi_sral_4                        
00007c2e  __mspabi_sral_5                        
00007c2a  __mspabi_sral_6                        
00007c26  __mspabi_sral_7                        
00007c22  __mspabi_sral_8                        
00007c1e  __mspabi_sral_9                        
00007990  __mspabi_srli                          
000079d6  __mspabi_srli_1                        
000079b2  __mspabi_srli_10                       
000079ae  __mspabi_srli_11                       
000079aa  __mspabi_srli_12                       
000079a6  __mspabi_srli_13                       
000079a2  __mspabi_srli_14                       
0000799e  __mspabi_srli_15                       
000079d2  __mspabi_srli_2                        
000079ce  __mspabi_srli_3                        
000079ca  __mspabi_srli_4                        
000079c6  __mspabi_srli_5                        
000079c2  __mspabi_srli_6                        
000079be  __mspabi_srli_7                        
000079ba  __mspabi_srli_8                        
000079b6  __mspabi_srli_9                        
00007fb4  __mspabi_srll                          
00007838  __mspabi_srll_1                        
00007802  __mspabi_srll_10                       
000077fc  __mspabi_srll_11                       
000077f6  __mspabi_srll_12                       
000077f0  __mspabi_srll_13                       
000077ea  __mspabi_srll_14                       
000077e4  __mspabi_srll_15                       
00007832  __mspabi_srll_2                        
0000782c  __mspabi_srll_3                        
00007826  __mspabi_srll_4                        
00007820  __mspabi_srll_5                        
0000781a  __mspabi_srll_6                        
00007814  __mspabi_srll_7                        
0000780e  __mspabi_srll_8                        
00007808  __mspabi_srll_9                        
00007ab2  __mspabi_srlll                         
00007d20  __mspabi_subd                          
00007ec0  _c_int00_noargs                        
000080ae  _ctypes_                               
0000fffe  _reset_vector                          
0000370c  _stack                                 
000080ac  _system_post_cinit                     
000080a8  _system_pre_init                       
000080a2  abort                                  
00008084  abs                                    
000078f0  atoi                                   
00007d4e  copysign                               
00007d4e  copysignl                              
00001140  curr                                   
00001144  errno                                  
00006f6e  frexp                                  
00006f6e  frexpl                                 
00007af8  init                                   
0000806c  isrTIMERA                              
00006692  ldexp                                  
00006692  ldexpl                                 
000074c6  ltoa                                   
00007440  main                                   
00007ef6  memccpy                                
00007fc6  memcpy                                 
00007f54  memset                                 
00001154  n                                      
00006692  scalbn                                 
00006692  scalbnl                                
00007c82  sprintf                                
00007f10  strchr                                 
00008046  strlen                                 
00008078  toupper                                
00007cba  wait_1ms                               
0000114e  wait_i                                 
00001150  wait_j                                 
00007f7c  wcslen                                 


GLOBAL SYMBOLS: SORTED BY Symbol Address 

address   name                                   
-------   ----                                   
00000000  IE1                                    
00000001  IE2                                    
00000002  IFG1                                   
00000003  IFG2                                   
00000004  ME1                                    
00000005  ME2                                    
00000018  P3IN                                   
00000019  P3OUT                                  
0000001a  P3DIR                                  
0000001b  P3SEL                                  
0000001c  P4IN                                   
0000001d  P4OUT                                  
0000001e  P4DIR                                  
0000001f  P4SEL                                  
00000020  P1IN                                   
00000021  P1OUT                                  
00000022  P1DIR                                  
00000023  P1IFG                                  
00000024  P1IES                                  
00000025  P1IE                                   
00000026  P1SEL                                  
00000028  P2IN                                   
00000029  P2OUT                                  
0000002a  P2DIR                                  
0000002b  P2IFG                                  
0000002c  P2IES                                  
0000002d  P2IE                                   
0000002e  P2SEL                                  
00000030  P5IN                                   
00000031  P5OUT                                  
00000032  P5DIR                                  
00000033  P5SEL                                  
00000034  P6IN                                   
00000035  P6OUT                                  
00000036  P6DIR                                  
00000037  P6SEL                                  
00000050  I2CIE                                  
00000051  I2CIFG                                 
00000052  I2CNDAT                                
00000055  SVSCTL                                 
00000056  DCOCTL                                 
00000057  BCSCTL1                                
00000058  BCSCTL2                                
00000059  CACTL1                                 
0000005a  CACTL2                                 
0000005b  CAPD                                   
00000070  U0CTL                                  
00000071  I2CTCTL                                
00000071  U0TCTL                                 
00000072  I2CDCTL                                
00000072  U0RCTL                                 
00000073  I2CPSC                                 
00000073  U0MCTL                                 
00000074  I2CSCLH                                
00000074  U0BR0                                  
00000075  I2CSCLL                                
00000075  U0BR1                                  
00000076  I2CDRB                                 
00000076  I2CDRW                                 
00000076  U0RXBUF                                
00000077  U0TXBUF                                
00000078  U1CTL                                  
00000079  U1TCTL                                 
0000007a  U1RCTL                                 
0000007b  U1MCTL                                 
0000007c  U1BR0                                  
0000007d  U1BR1                                  
0000007e  U1RXBUF                                
0000007f  U1TXBUF                                
00000080  ADC12MCTL0                             
00000081  ADC12MCTL1                             
00000082  ADC12MCTL2                             
00000083  ADC12MCTL3                             
00000084  ADC12MCTL4                             
00000085  ADC12MCTL5                             
00000086  ADC12MCTL6                             
00000087  ADC12MCTL7                             
00000088  ADC12MCTL8                             
00000089  ADC12MCTL9                             
0000008a  ADC12MCTL10                            
0000008b  ADC12MCTL11                            
0000008c  ADC12MCTL12                            
0000008d  ADC12MCTL13                            
0000008e  ADC12MCTL14                            
0000008f  ADC12MCTL15                            
00000118  I2COA                                  
0000011a  I2CSA                                  
0000011c  I2CIV                                  
0000011e  TBIV                                   
00000120  WDTCTL                                 
00000122  DMACTL0                                
00000124  DMACTL1                                
00000128  FCTL1                                  
0000012a  FCTL2                                  
0000012c  FCTL3                                  
0000012e  TAIV                                   
00000130  MPY                                    
00000132  MPYS                                   
00000134  MAC                                    
00000136  MACS                                   
00000138  OP2                                    
0000013a  RESLO                                  
0000013c  RESHI                                  
0000013e  SUMEXT                                 
00000140  ADC12MEM0                              
00000142  ADC12MEM1                              
00000144  ADC12MEM2                              
00000146  ADC12MEM3                              
00000148  ADC12MEM4                              
0000014a  ADC12MEM5                              
0000014c  ADC12MEM6                              
0000014e  ADC12MEM7                              
00000150  ADC12MEM8                              
00000152  ADC12MEM9                              
00000154  ADC12MEM10                             
00000156  ADC12MEM11                             
00000158  ADC12MEM12                             
0000015a  ADC12MEM13                             
0000015c  ADC12MEM14                             
0000015e  ADC12MEM15                             
00000160  TACTL                                  
00000162  TACCTL0                                
00000164  TACCTL1                                
00000166  TACCTL2                                
00000170  TAR                                    
00000172  TACCR0                                 
00000174  TACCR1                                 
00000176  TACCR2                                 
00000180  TBCTL                                  
00000182  TBCCTL0                                
00000184  TBCCTL1                                
00000186  TBCCTL2                                
00000188  TBCCTL3                                
0000018a  TBCCTL4                                
0000018c  TBCCTL5                                
0000018e  TBCCTL6                                
00000190  TBR                                    
00000192  TBCCR0                                 
00000194  TBCCR1                                 
00000196  TBCCR2                                 
00000198  TBCCR3                                 
0000019a  TBCCR4                                 
0000019c  TBCCR5                                 
0000019e  TBCCR6                                 
000001a0  ADC12CTL0                              
000001a2  ADC12CTL1                              
000001a4  ADC12IFG                               
000001a6  ADC12IE                                
000001a8  ADC12IV                                
000001c0  DAC12_0CTL                             
000001c2  DAC12_1CTL                             
000001c8  DAC12_0DAT                             
000001ca  DAC12_1DAT                             
000001e0  DMA0CTL                                
000001e2  DMA0SA                                 
000001e4  DMA0DA                                 
000001e6  DMA0SZ                                 
000001e8  DMA1CTL                                
000001ea  DMA1SA                                 
000001ec  DMA1DA                                 
000001ee  DMA1SZ                                 
000001f0  DMA2CTL                                
000001f2  DMA2SA                                 
000001f4  DMA2DA                                 
000001f4  __STACK_SIZE                           
000001f6  DMA2SZ                                 
00001100  LCD_table                              
00001140  curr                                   
00001144  errno                                  
00001146  LED_config                             
00001148  BufRptr                                
0000114a  BufTptr                                
0000114c  Tx_Data                                
0000114e  wait_i                                 
00001150  wait_j                                 
00001152  LCD_col                                
00001153  LCD_row                                
00001154  n                                      
0000370c  _stack                                 
00003900  __STACK_END                            
00004000  __TI_frcdivd                           
00004478  __mspabi_divull                        
000047d8  __mspabi_addd                          
00004ad2  __TI_printfi                           
00004d5a  __TI_frcmpyd                           
00004fe0  __mspabi_mpyd                          
000054bc  __TI_frcaddd                           
00005bb2  __mspabi_divd                          
00006692  ldexp                                  
00006692  ldexpl                                 
00006692  scalbn                                 
00006692  scalbnl                                
00006c4e  __mspabi_cmpd                          
00006dee  ADC_interrupt                          
00006eb0  __TI_renormd                           
00006f6e  frexp                                  
00006f6e  frexpl                                 
0000701e  __mspabi_fltlid                        
00007176  LCD_WriteByte                          
0000732a  __mspabi_cvtdf                         
000073b6  __mspabi_fltuld                        
00007440  main                                   
000074c6  ltoa                                   
0000754a  __TI_decompress_lzss                   
00007640  __mspabi_fixdli                        
000076b2  __mspabi_cvtfd                         
00007722  I2C_ISR                                
00007784  LCD_message                            
000077e4  __mspabi_srll_15                       
000077ea  __mspabi_srll_14                       
000077f0  __mspabi_srll_13                       
000077f6  __mspabi_srll_12                       
000077fc  __mspabi_srll_11                       
00007802  __mspabi_srll_10                       
00007808  __mspabi_srll_9                        
0000780e  __mspabi_srll_8                        
00007814  __mspabi_srll_7                        
0000781a  __mspabi_srll_6                        
00007820  __mspabi_srll_5                        
00007826  __mspabi_srll_4                        
0000782c  __mspabi_srll_3                        
00007832  __mspabi_srll_2                        
00007838  __mspabi_srll_1                        
00007840  __TI_auto_init_nobinit_nopinit_hold_wdt
00007898  __mspabi_divul                         
00007898  __mspabi_remul                         
000078f0  atoi                                   
00007990  __mspabi_srli                          
0000799e  __mspabi_srli_15                       
000079a2  __mspabi_srli_14                       
000079a6  __mspabi_srli_13                       
000079aa  __mspabi_srli_12                       
000079ae  __mspabi_srli_11                       
000079b2  __mspabi_srli_10                       
000079b6  __mspabi_srli_9                        
000079ba  __mspabi_srli_8                        
000079be  __mspabi_srli_7                        
000079c2  __mspabi_srli_6                        
000079c6  __mspabi_srli_5                        
000079ca  __mspabi_srli_4                        
000079ce  __mspabi_srli_3                        
000079d2  __mspabi_srli_2                        
000079d6  __mspabi_srli_1                        
000079dc  Send_I2C                               
00007a26  Init_I2C                               
00007a6c  LCD_init                               
00007ab2  __mspabi_srlll                         
00007af8  init                                   
00007b3e  LCD_set_pos                            
00007b82  __mspabi_sllll                         
00007bc6  __mspabi_divli                         
00007bc6  __mspabi_remli                         
00007c06  __mspabi_sral_15                       
00007c0a  __mspabi_sral_14                       
00007c0e  __mspabi_sral_13                       
00007c12  __mspabi_sral_12                       
00007c16  __mspabi_sral_11                       
00007c1a  __mspabi_sral_10                       
00007c1e  __mspabi_sral_9                        
00007c22  __mspabi_sral_8                        
00007c26  __mspabi_sral_7                        
00007c2a  __mspabi_sral_6                        
00007c2e  __mspabi_sral_5                        
00007c32  __mspabi_sral_4                        
00007c36  __mspabi_sral_3                        
00007c3a  __mspabi_sral_2                        
00007c3e  __mspabi_sral_1                        
00007c44  __mspabi_slll_15                       
00007c48  __mspabi_slll_14                       
00007c4c  __mspabi_slll_13                       
00007c50  __mspabi_slll_12                       
00007c54  __mspabi_slll_11                       
00007c58  __mspabi_slll_10                       
00007c5c  __mspabi_slll_9                        
00007c60  __mspabi_slll_8                        
00007c64  __mspabi_slll_7                        
00007c68  __mspabi_slll_6                        
00007c6c  __mspabi_slll_5                        
00007c70  __mspabi_slll_4                        
00007c74  __mspabi_slll_3                        
00007c78  __mspabi_slll_2                        
00007c7c  __mspabi_slll_1                        
00007c82  sprintf                                
00007cba  wait_1ms                               
00007cf0  Init_System_Clock                      
00007d20  __mspabi_subd                          
00007d4e  copysign                               
00007d4e  copysignl                              
00007d7c  __mspabi_mpyl_hw                       
00007daa  __mspabi_srai                          
00007db6  __mspabi_srai_15                       
00007db8  __mspabi_srai_14                       
00007dba  __mspabi_srai_13                       
00007dbc  __mspabi_srai_12                       
00007dbe  __mspabi_srai_11                       
00007dc0  __mspabi_srai_10                       
00007dc2  __mspabi_srai_9                        
00007dc4  __mspabi_srai_8                        
00007dc6  __mspabi_srai_7                        
00007dc8  __mspabi_srai_6                        
00007dca  __mspabi_srai_5                        
00007dcc  __mspabi_srai_4                        
00007dce  __mspabi_srai_3                        
00007dd0  __mspabi_srai_2                        
00007dd2  __mspabi_srai_1                        
00007dd6  __mspabi_slli                          
00007de2  __mspabi_slli_15                       
00007de4  __mspabi_slli_14                       
00007de6  __mspabi_slli_13                       
00007de8  __mspabi_slli_12                       
00007dea  __mspabi_slli_11                       
00007dec  __mspabi_slli_10                       
00007dee  __mspabi_slli_9                        
00007df0  __mspabi_slli_8                        
00007df2  __mspabi_slli_7                        
00007df4  __mspabi_slli_6                        
00007df6  __mspabi_slli_5                        
00007df8  __mspabi_slli_4                        
00007dfa  __mspabi_slli_3                        
00007dfc  __mspabi_slli_2                        
00007dfe  __mspabi_slli_1                        
00007e02  __mspabi_negd                          
00007e2c  I2C_WriteByte                          
00007e54  LED_out                                
00007e7c  __mspabi_fixdi                         
00007ea4  LCD_recode                             
00007ec0  _c_int00_noargs                        
00007ef6  memccpy                                
00007f10  strchr                                 
00007f2a  __mspabi_divu                          
00007f2a  __mspabi_remu                          
00007f40  __TI_zero_init_nomemset                
00007f54  memset                                 
00007f68  __mspabi_mpyi_hw                       
00007f7c  wcslen                                 
00007fa2  __TI_decompress_none                   
00007fb4  __mspabi_srll                          
00007fc6  memcpy                                 
00007fd8  LCD_WriteCommand                       
00007fe8  LCD_WriteData                          
00007ff8  LCD_clear                              
00008008  __mspabi_sral                          
00008018  __mspabi_slll                          
00008028  __mspabi_func_epilog_7                 
0000802a  __mspabi_func_epilog_6                 
0000802c  __mspabi_func_epilog_5                 
0000802e  __mspabi_func_epilog_4                 
00008030  __mspabi_func_epilog_3                 
00008032  __mspabi_func_epilog_2                 
00008034  __mspabi_func_epilog_1                 
00008038  LED_invert                             
00008046  strlen                                 
00008054  Init_System                            
00008060  __mspabi_fltid                         
0000806c  isrTIMERA                              
00008078  toupper                                
00008084  abs                                    
0000808e  __TI_ISR_TRAP                          
00008096  ISR_trap                               
0000809c  __mspabi_fltud                         
000080a2  C$$EXIT                                
000080a2  abort                                  
000080a8  _system_pre_init                       
000080ac  _system_post_cinit                     
000080ae  _ctypes_                               
000081e6  INA_RS1                                
000081ea  INA_RL1                                
0000823a  __TI_Handler_Table_Base                
00008240  __TI_Handler_Table_Limit               
00008244  __TI_CINIT_Base                        
0000824c  __TI_CINIT_Limit                       
0000ffe0  __TI_int00                             
0000ffe2  __TI_int01                             
0000ffe4  __TI_int02                             
0000ffe6  __TI_int03                             
0000ffe8  __TI_int04                             
0000ffea  __TI_int05                             
0000ffec  __TI_int06                             
0000ffee  __TI_int07                             
0000fff0  __TI_int08                             
0000fff2  __TI_int09                             
0000fff4  __TI_int10                             
0000fff6  __TI_int11                             
0000fff8  __TI_int12                             
0000fffa  __TI_int13                             
0000fffc  __TI_int14                             
0000fffe  _reset_vector                          
ffffffff  __TI_pprof_out_hndl                    
ffffffff  __TI_prof_data_size                    
ffffffff  __TI_prof_data_start                   
ffffffff  __c_args__                             

[391 symbols]
