<?xml version="1.0" encoding="ISO-8859-1" ?>
<link_info>
   <banner>MSP430 Linker PC v18.12.4.LTS</banner>
   <copyright>Copyright (c) 2003-2018 Texas Instruments Incorporated</copyright>
   <link_time>0x5ed1f8f4</link_time>
   <link_errors>0x0</link_errors>
   <output_file>MSP430-ADC+CURRENT.out</output_file>
   <entry_point>
      <name>_c_int00_noargs</name>
      <address>0x7ec0</address>
   </entry_point>
   <input_file_list>
      <input_file id="fl-2">
         <path>.\</path>
         <kind>object</kind>
         <file>I2C.obj</file>
         <name>I2C.obj</name>
      </input_file>
      <input_file id="fl-3">
         <path>.\</path>
         <kind>object</kind>
         <file>analogsensors.obj</file>
         <name>analogsensors.obj</name>
      </input_file>
      <input_file id="fl-4">
         <path>.\</path>
         <kind>object</kind>
         <file>keys.obj</file>
         <name>keys.obj</name>
      </input_file>
      <input_file id="fl-5">
         <path>.\</path>
         <kind>object</kind>
         <file>lcd.obj</file>
         <name>lcd.obj</name>
      </input_file>
      <input_file id="fl-6">
         <path>.\</path>
         <kind>object</kind>
         <file>leds.obj</file>
         <name>leds.obj</name>
      </input_file>
      <input_file id="fl-7">
         <path>.\</path>
         <kind>object</kind>
         <file>main.obj</file>
         <name>main.obj</name>
      </input_file>
      <input_file id="fl-8">
         <path>.\</path>
         <kind>object</kind>
         <file>msp430_initialize_unused_interrrupt_vectors.obj</file>
         <name>msp430_initialize_unused_interrrupt_vectors.obj</name>
      </input_file>
      <input_file id="fl-9">
         <path>.\</path>
         <kind>object</kind>
         <file>sysfunc.obj</file>
         <name>sysfunc.obj</name>
      </input_file>
      <input_file id="fl-a">
         <path>.\</path>
         <kind>object</kind>
         <file>uart.obj</file>
         <name>uart.obj</name>
      </input_file>
      <input_file id="fl-f">
         <kind>object</kind>
         <file>&lt;internal&gt;</file>
         <name>&lt;internal&gt;</name>
      </input_file>
      <input_file id="fl-25">
         <path>C:\ti\ccs930\ccs\tools\compiler\ti-cgt-msp430_18.12.4.LTS\lib\</path>
         <kind>archive</kind>
         <file>rts430_eabi.lib</file>
         <name>sprintf.c.obj</name>
      </input_file>
      <input_file id="fl-26">
         <path>C:\ti\ccs930\ccs\tools\compiler\ti-cgt-msp430_18.12.4.LTS\lib\</path>
         <kind>archive</kind>
         <file>rts430_eabi.lib</file>
         <name>div32s.asm.obj</name>
      </input_file>
      <input_file id="fl-27">
         <path>C:\ti\ccs930\ccs\tools\compiler\ti-cgt-msp430_18.12.4.LTS\lib\</path>
         <kind>archive</kind>
         <file>rts430_eabi.lib</file>
         <name>div32u.asm.obj</name>
      </input_file>
      <input_file id="fl-28">
         <path>C:\ti\ccs930\ccs\tools\compiler\ti-cgt-msp430_18.12.4.LTS\lib\</path>
         <kind>archive</kind>
         <file>rts430_eabi.lib</file>
         <name>epilog.asm.obj</name>
      </input_file>
      <input_file id="fl-29">
         <path>C:\ti\ccs930\ccs\tools\compiler\ti-cgt-msp430_18.12.4.LTS\lib\</path>
         <kind>archive</kind>
         <file>rts430_eabi.lib</file>
         <name>int09.asm.obj</name>
      </input_file>
      <input_file id="fl-2a">
         <path>C:\ti\ccs930\ccs\tools\compiler\ti-cgt-msp430_18.12.4.LTS\lib\</path>
         <kind>archive</kind>
         <file>rts430_eabi.lib</file>
         <name>isr_trap.asm.obj</name>
      </input_file>
      <input_file id="fl-2b">
         <path>C:\ti\ccs930\ccs\tools\compiler\ti-cgt-msp430_18.12.4.LTS\lib\</path>
         <kind>archive</kind>
         <file>rts430_eabi.lib</file>
         <name>lsl16.asm.obj</name>
      </input_file>
      <input_file id="fl-2c">
         <path>C:\ti\ccs930\ccs\tools\compiler\ti-cgt-msp430_18.12.4.LTS\lib\</path>
         <kind>archive</kind>
         <file>rts430_eabi.lib</file>
         <name>mult16.asm.obj</name>
      </input_file>
      <input_file id="fl-2d">
         <path>C:\ti\ccs930\ccs\tools\compiler\ti-cgt-msp430_18.12.4.LTS\lib\</path>
         <kind>archive</kind>
         <file>rts430_eabi.lib</file>
         <name>mult16_hw.asm.obj</name>
      </input_file>
      <input_file id="fl-2e">
         <path>C:\ti\ccs930\ccs\tools\compiler\ti-cgt-msp430_18.12.4.LTS\lib\</path>
         <kind>archive</kind>
         <file>rts430_eabi.lib</file>
         <name>mult1632_hw.asm.obj</name>
      </input_file>
      <input_file id="fl-2f">
         <path>C:\ti\ccs930\ccs\tools\compiler\ti-cgt-msp430_18.12.4.LTS\lib\</path>
         <kind>archive</kind>
         <file>rts430_eabi.lib</file>
         <name>mult32.asm.obj</name>
      </input_file>
      <input_file id="fl-30">
         <path>C:\ti\ccs930\ccs\tools\compiler\ti-cgt-msp430_18.12.4.LTS\lib\</path>
         <kind>archive</kind>
         <file>rts430_eabi.lib</file>
         <name>mult32_hw.asm.obj</name>
      </input_file>
      <input_file id="fl-31">
         <path>C:\ti\ccs930\ccs\tools\compiler\ti-cgt-msp430_18.12.4.LTS\lib\</path>
         <kind>archive</kind>
         <file>rts430_eabi.lib</file>
         <name>mult3264_hw.asm.obj</name>
      </input_file>
      <input_file id="fl-32">
         <path>C:\ti\ccs930\ccs\tools\compiler\ti-cgt-msp430_18.12.4.LTS\lib\</path>
         <kind>archive</kind>
         <file>rts430_eabi.lib</file>
         <name>mult64_hw.asm.obj</name>
      </input_file>
      <input_file id="fl-33">
         <path>C:\ti\ccs930\ccs\tools\compiler\ti-cgt-msp430_18.12.4.LTS\lib\</path>
         <kind>archive</kind>
         <file>rts430_eabi.lib</file>
         <name>boot.c.obj</name>
      </input_file>
      <input_file id="fl-34">
         <path>C:\ti\ccs930\ccs\tools\compiler\ti-cgt-msp430_18.12.4.LTS\lib\</path>
         <kind>archive</kind>
         <file>rts430_eabi.lib</file>
         <name>autoinit.c.obj</name>
      </input_file>
      <input_file id="fl-35">
         <path>C:\ti\ccs930\ccs\tools\compiler\ti-cgt-msp430_18.12.4.LTS\lib\</path>
         <kind>archive</kind>
         <file>rts430_eabi.lib</file>
         <name>copy_zero_init.c.obj</name>
      </input_file>
      <input_file id="fl-36">
         <path>C:\ti\ccs930\ccs\tools\compiler\ti-cgt-msp430_18.12.4.LTS\lib\</path>
         <kind>archive</kind>
         <file>rts430_eabi.lib</file>
         <name>cpy_tbl.c.obj</name>
      </input_file>
      <input_file id="fl-37">
         <path>C:\ti\ccs930\ccs\tools\compiler\ti-cgt-msp430_18.12.4.LTS\lib\</path>
         <kind>archive</kind>
         <file>rts430_eabi.lib</file>
         <name>mpu_init.c.obj</name>
      </input_file>
      <input_file id="fl-38">
         <path>C:\ti\ccs930\ccs\tools\compiler\ti-cgt-msp430_18.12.4.LTS\lib\</path>
         <kind>archive</kind>
         <file>rts430_eabi.lib</file>
         <name>pre_init.c.obj</name>
      </input_file>
      <input_file id="fl-39">
         <path>C:\ti\ccs930\ccs\tools\compiler\ti-cgt-msp430_18.12.4.LTS\lib\</path>
         <kind>archive</kind>
         <file>rts430_eabi.lib</file>
         <name>startup.c.obj</name>
      </input_file>
      <input_file id="fl-3a">
         <path>C:\ti\ccs930\ccs\tools\compiler\ti-cgt-msp430_18.12.4.LTS\lib\</path>
         <kind>archive</kind>
         <file>rts430_eabi.lib</file>
         <name>copy_decompress_none.c.obj</name>
      </input_file>
      <input_file id="fl-3b">
         <path>C:\ti\ccs930\ccs\tools\compiler\ti-cgt-msp430_18.12.4.LTS\lib\</path>
         <kind>archive</kind>
         <file>rts430_eabi.lib</file>
         <name>copy_decompress_lzss.c.obj</name>
      </input_file>
      <input_file id="fl-3c">
         <path>C:\ti\ccs930\ccs\tools\compiler\ti-cgt-msp430_18.12.4.LTS\lib\</path>
         <kind>archive</kind>
         <file>rts430_eabi.lib</file>
         <name>cvtdf.c.obj</name>
      </input_file>
      <input_file id="fl-3d">
         <path>C:\ti\ccs930\ccs\tools\compiler\ti-cgt-msp430_18.12.4.LTS\lib\</path>
         <kind>archive</kind>
         <file>rts430_eabi.lib</file>
         <name>cvtfd.c.obj</name>
      </input_file>
      <input_file id="fl-3e">
         <path>C:\ti\ccs930\ccs\tools\compiler\ti-cgt-msp430_18.12.4.LTS\lib\</path>
         <kind>archive</kind>
         <file>rts430_eabi.lib</file>
         <name>divd.c.obj</name>
      </input_file>
      <input_file id="fl-3f">
         <path>C:\ti\ccs930\ccs\tools\compiler\ti-cgt-msp430_18.12.4.LTS\lib\</path>
         <kind>archive</kind>
         <file>rts430_eabi.lib</file>
         <name>fltud.c.obj</name>
      </input_file>
      <input_file id="fl-40">
         <path>C:\ti\ccs930\ccs\tools\compiler\ti-cgt-msp430_18.12.4.LTS\lib\</path>
         <kind>archive</kind>
         <file>rts430_eabi.lib</file>
         <name>fltuld.c.obj</name>
      </input_file>
      <input_file id="fl-41">
         <path>C:\ti\ccs930\ccs\tools\compiler\ti-cgt-msp430_18.12.4.LTS\lib\</path>
         <kind>archive</kind>
         <file>rts430_eabi.lib</file>
         <name>frcdivd.c.obj</name>
      </input_file>
      <input_file id="fl-42">
         <path>C:\ti\ccs930\ccs\tools\compiler\ti-cgt-msp430_18.12.4.LTS\lib\</path>
         <kind>archive</kind>
         <file>rts430_eabi.lib</file>
         <name>mpyd.c.obj</name>
      </input_file>
      <input_file id="fl-43">
         <path>C:\ti\ccs930\ccs\tools\compiler\ti-cgt-msp430_18.12.4.LTS\lib\</path>
         <kind>archive</kind>
         <file>rts430_eabi.lib</file>
         <name>subd.c.obj</name>
      </input_file>
      <input_file id="fl-44">
         <path>C:\ti\ccs930\ccs\tools\compiler\ti-cgt-msp430_18.12.4.LTS\lib\</path>
         <kind>archive</kind>
         <file>rts430_eabi.lib</file>
         <name>exit.c.obj</name>
      </input_file>
      <input_file id="fl-45">
         <path>C:\ti\ccs930\ccs\tools\compiler\ti-cgt-msp430_18.12.4.LTS\lib\</path>
         <kind>archive</kind>
         <file>rts430_eabi.lib</file>
         <name>_lock.c.obj</name>
      </input_file>
      <input_file id="fl-46">
         <path>C:\ti\ccs930\ccs\tools\compiler\ti-cgt-msp430_18.12.4.LTS\lib\</path>
         <kind>archive</kind>
         <file>rts430_eabi.lib</file>
         <name>args_main.c.obj</name>
      </input_file>
      <input_file id="fl-47">
         <path>C:\ti\ccs930\ccs\tools\compiler\ti-cgt-msp430_18.12.4.LTS\lib\</path>
         <kind>archive</kind>
         <file>rts430_eabi.lib</file>
         <name>memcpy.c.obj</name>
      </input_file>
      <input_file id="fl-48">
         <path>C:\ti\ccs930\ccs\tools\compiler\ti-cgt-msp430_18.12.4.LTS\lib\</path>
         <kind>archive</kind>
         <file>rts430_eabi.lib</file>
         <name>memset.c.obj</name>
      </input_file>
      <input_file id="fl-49">
         <path>C:\ti\ccs930\ccs\tools\compiler\ti-cgt-msp430_18.12.4.LTS\lib\</path>
         <kind>archive</kind>
         <file>rts430_eabi.lib</file>
         <name>_printfi.c.obj</name>
      </input_file>
      <input_file id="fl-4a">
         <path>C:\ti\ccs930\ccs\tools\compiler\ti-cgt-msp430_18.12.4.LTS\lib\</path>
         <kind>archive</kind>
         <file>rts430_eabi.lib</file>
         <name>s_frexp.c.obj</name>
      </input_file>
      <input_file id="fl-4b">
         <path>C:\ti\ccs930\ccs\tools\compiler\ti-cgt-msp430_18.12.4.LTS\lib\</path>
         <kind>archive</kind>
         <file>rts430_eabi.lib</file>
         <name>s_scalbn.c.obj</name>
      </input_file>
      <input_file id="fl-4c">
         <path>C:\ti\ccs930\ccs\tools\compiler\ti-cgt-msp430_18.12.4.LTS\lib\</path>
         <kind>archive</kind>
         <file>rts430_eabi.lib</file>
         <name>s_copysign.c.obj</name>
      </input_file>
      <input_file id="fl-4d">
         <path>C:\ti\ccs930\ccs\tools\compiler\ti-cgt-msp430_18.12.4.LTS\lib\</path>
         <kind>archive</kind>
         <file>rts430_eabi.lib</file>
         <name>wcslen.c.obj</name>
      </input_file>
      <input_file id="fl-4e">
         <path>C:\ti\ccs930\ccs\tools\compiler\ti-cgt-msp430_18.12.4.LTS\lib\</path>
         <kind>archive</kind>
         <file>rts430_eabi.lib</file>
         <name>asr16.asm.obj</name>
      </input_file>
      <input_file id="fl-4f">
         <path>C:\ti\ccs930\ccs\tools\compiler\ti-cgt-msp430_18.12.4.LTS\lib\</path>
         <kind>archive</kind>
         <file>rts430_eabi.lib</file>
         <name>asr32.asm.obj</name>
      </input_file>
      <input_file id="fl-50">
         <path>C:\ti\ccs930\ccs\tools\compiler\ti-cgt-msp430_18.12.4.LTS\lib\</path>
         <kind>archive</kind>
         <file>rts430_eabi.lib</file>
         <name>div16u.asm.obj</name>
      </input_file>
      <input_file id="fl-51">
         <path>C:\ti\ccs930\ccs\tools\compiler\ti-cgt-msp430_18.12.4.LTS\lib\</path>
         <kind>archive</kind>
         <file>rts430_eabi.lib</file>
         <name>lsl32.asm.obj</name>
      </input_file>
      <input_file id="fl-52">
         <path>C:\ti\ccs930\ccs\tools\compiler\ti-cgt-msp430_18.12.4.LTS\lib\</path>
         <kind>archive</kind>
         <file>rts430_eabi.lib</file>
         <name>lsr16.asm.obj</name>
      </input_file>
      <input_file id="fl-53">
         <path>C:\ti\ccs930\ccs\tools\compiler\ti-cgt-msp430_18.12.4.LTS\lib\</path>
         <kind>archive</kind>
         <file>rts430_eabi.lib</file>
         <name>lsr32.asm.obj</name>
      </input_file>
      <input_file id="fl-54">
         <path>C:\ti\ccs930\ccs\tools\compiler\ti-cgt-msp430_18.12.4.LTS\lib\</path>
         <kind>archive</kind>
         <file>rts430_eabi.lib</file>
         <name>exit_gvars.c.obj</name>
      </input_file>
      <input_file id="fl-55">
         <path>C:\ti\ccs930\ccs\tools\compiler\ti-cgt-msp430_18.12.4.LTS\lib\</path>
         <kind>archive</kind>
         <file>rts430_eabi.lib</file>
         <name>lsr64.c.obj</name>
      </input_file>
      <input_file id="fl-56">
         <path>C:\ti\ccs930\ccs\tools\compiler\ti-cgt-msp430_18.12.4.LTS\lib\</path>
         <kind>archive</kind>
         <file>rts430_eabi.lib</file>
         <name>div64u.c.obj</name>
      </input_file>
      <input_file id="fl-57">
         <path>C:\ti\ccs930\ccs\tools\compiler\ti-cgt-msp430_18.12.4.LTS\lib\</path>
         <kind>archive</kind>
         <file>rts430_eabi.lib</file>
         <name>addd.c.obj</name>
      </input_file>
      <input_file id="fl-58">
         <path>C:\ti\ccs930\ccs\tools\compiler\ti-cgt-msp430_18.12.4.LTS\lib\</path>
         <kind>archive</kind>
         <file>rts430_eabi.lib</file>
         <name>cmpd.c.obj</name>
      </input_file>
      <input_file id="fl-59">
         <path>C:\ti\ccs930\ccs\tools\compiler\ti-cgt-msp430_18.12.4.LTS\lib\</path>
         <kind>archive</kind>
         <file>rts430_eabi.lib</file>
         <name>fixdi.c.obj</name>
      </input_file>
      <input_file id="fl-5a">
         <path>C:\ti\ccs930\ccs\tools\compiler\ti-cgt-msp430_18.12.4.LTS\lib\</path>
         <kind>archive</kind>
         <file>rts430_eabi.lib</file>
         <name>fixdli.c.obj</name>
      </input_file>
      <input_file id="fl-5b">
         <path>C:\ti\ccs930\ccs\tools\compiler\ti-cgt-msp430_18.12.4.LTS\lib\</path>
         <kind>archive</kind>
         <file>rts430_eabi.lib</file>
         <name>fltid.c.obj</name>
      </input_file>
      <input_file id="fl-5c">
         <path>C:\ti\ccs930\ccs\tools\compiler\ti-cgt-msp430_18.12.4.LTS\lib\</path>
         <kind>archive</kind>
         <file>rts430_eabi.lib</file>
         <name>fltlid.c.obj</name>
      </input_file>
      <input_file id="fl-5d">
         <path>C:\ti\ccs930\ccs\tools\compiler\ti-cgt-msp430_18.12.4.LTS\lib\</path>
         <kind>archive</kind>
         <file>rts430_eabi.lib</file>
         <name>frcaddd.c.obj</name>
      </input_file>
      <input_file id="fl-5e">
         <path>C:\ti\ccs930\ccs\tools\compiler\ti-cgt-msp430_18.12.4.LTS\lib\</path>
         <kind>archive</kind>
         <file>rts430_eabi.lib</file>
         <name>frcmpyd.c.obj</name>
      </input_file>
      <input_file id="fl-5f">
         <path>C:\ti\ccs930\ccs\tools\compiler\ti-cgt-msp430_18.12.4.LTS\lib\</path>
         <kind>archive</kind>
         <file>rts430_eabi.lib</file>
         <name>negd.c.obj</name>
      </input_file>
      <input_file id="fl-60">
         <path>C:\ti\ccs930\ccs\tools\compiler\ti-cgt-msp430_18.12.4.LTS\lib\</path>
         <kind>archive</kind>
         <file>rts430_eabi.lib</file>
         <name>renormd.c.obj</name>
      </input_file>
      <input_file id="fl-61">
         <path>C:\ti\ccs930\ccs\tools\compiler\ti-cgt-msp430_18.12.4.LTS\lib\</path>
         <kind>archive</kind>
         <file>rts430_eabi.lib</file>
         <name>atoi.c.obj</name>
      </input_file>
      <input_file id="fl-62">
         <path>C:\ti\ccs930\ccs\tools\compiler\ti-cgt-msp430_18.12.4.LTS\lib\</path>
         <kind>archive</kind>
         <file>rts430_eabi.lib</file>
         <name>ctype.c.obj</name>
      </input_file>
      <input_file id="fl-63">
         <path>C:\ti\ccs930\ccs\tools\compiler\ti-cgt-msp430_18.12.4.LTS\lib\</path>
         <kind>archive</kind>
         <file>rts430_eabi.lib</file>
         <name>ltoa.c.obj</name>
      </input_file>
      <input_file id="fl-64">
         <path>C:\ti\ccs930\ccs\tools\compiler\ti-cgt-msp430_18.12.4.LTS\lib\</path>
         <kind>archive</kind>
         <file>rts430_eabi.lib</file>
         <name>memccpy.c.obj</name>
      </input_file>
      <input_file id="fl-65">
         <path>C:\ti\ccs930\ccs\tools\compiler\ti-cgt-msp430_18.12.4.LTS\lib\</path>
         <kind>archive</kind>
         <file>rts430_eabi.lib</file>
         <name>strchr.c.obj</name>
      </input_file>
      <input_file id="fl-66">
         <path>C:\ti\ccs930\ccs\tools\compiler\ti-cgt-msp430_18.12.4.LTS\lib\</path>
         <kind>archive</kind>
         <file>rts430_eabi.lib</file>
         <name>strlen.c.obj</name>
      </input_file>
      <input_file id="fl-67">
         <path>C:\ti\ccs930\ccs\tools\compiler\ti-cgt-msp430_18.12.4.LTS\lib\</path>
         <kind>archive</kind>
         <file>rts430_eabi.lib</file>
         <name>toupper.c.obj</name>
      </input_file>
      <input_file id="fl-68">
         <path>C:\ti\ccs930\ccs\tools\compiler\ti-cgt-msp430_18.12.4.LTS\lib\</path>
         <kind>archive</kind>
         <file>rts430_eabi.lib</file>
         <name>abs.c.obj</name>
      </input_file>
      <input_file id="fl-69">
         <path>C:\ti\ccs930\ccs\tools\compiler\ti-cgt-msp430_18.12.4.LTS\lib\</path>
         <kind>archive</kind>
         <file>rts430_eabi.lib</file>
         <name>errno.c.obj</name>
      </input_file>
      <input_file id="fl-6a">
         <path>C:\ti\ccs930\ccs\tools\compiler\ti-cgt-msp430_18.12.4.LTS\lib\</path>
         <kind>archive</kind>
         <file>rts430_eabi.lib</file>
         <name>lsl64.c.obj</name>
      </input_file>
   </input_file_list>
   <object_component_list>
      <object_component id="oc-2ef">
         <name>.common:LCD_row</name>
         <uninitialized>true</uninitialized>
         <run_address>0x1153</run_address>
         <size>0x1</size>
      </object_component>
      <object_component id="oc-2f2">
         <name>.common:LCD_col</name>
         <uninitialized>true</uninitialized>
         <run_address>0x1152</run_address>
         <size>0x1</size>
      </object_component>
      <object_component id="oc-30b">
         <name>.common:n</name>
         <uninitialized>true</uninitialized>
         <run_address>0x1154</run_address>
         <size>0x1</size>
      </object_component>
      <object_component id="oc-1b9">
         <name>.common:BufTptr</name>
         <uninitialized>true</uninitialized>
         <run_address>0x114a</run_address>
         <size>0x2</size>
      </object_component>
      <object_component id="oc-1b6">
         <name>.common:BufRptr</name>
         <uninitialized>true</uninitialized>
         <run_address>0x1148</run_address>
         <size>0x2</size>
      </object_component>
      <object_component id="oc-40b">
         <name>.common:Tx_Data</name>
         <uninitialized>true</uninitialized>
         <run_address>0x114c</run_address>
         <size>0x2</size>
      </object_component>
      <object_component id="oc-323">
         <name>.common:wait_i</name>
         <uninitialized>true</uninitialized>
         <run_address>0x114e</run_address>
         <size>0x2</size>
      </object_component>
      <object_component id="oc-324">
         <name>.common:wait_j</name>
         <uninitialized>true</uninitialized>
         <run_address>0x1150</run_address>
         <size>0x2</size>
      </object_component>
      <object_component id="oc-39e">
         <name>.data:LCD_table</name>
         <load_address>0x1100</load_address>
         <run_address>0x1100</run_address>
         <size>0x40</size>
         <input_file_ref idref="fl-5"/>
      </object_component>
      <object_component id="oc-319">
         <name>.data</name>
         <load_address>0x1146</load_address>
         <run_address>0x1146</run_address>
         <size>0x1</size>
         <input_file_ref idref="fl-6"/>
      </object_component>
      <object_component id="oc-1b2">
         <name>.data</name>
         <load_address>0x1140</load_address>
         <run_address>0x1140</run_address>
         <size>0x4</size>
         <input_file_ref idref="fl-7"/>
      </object_component>
      <object_component id="oc-3f9">
         <name>.data</name>
         <load_address>0x1144</load_address>
         <run_address>0x1144</run_address>
         <size>0x2</size>
         <input_file_ref idref="fl-69"/>
      </object_component>
      <object_component id="oc-f2">
         <name>.stack</name>
         <uninitialized>true</uninitialized>
         <run_address>0x370c</run_address>
         <size>0x2</size>
         <input_file_ref idref="fl-33"/>
      </object_component>
      <object_component id="oc-5c0">
         <name>.stack</name>
         <uninitialized>true</uninitialized>
         <run_address>0x370c</run_address>
         <size>0x0</size>
      </object_component>
      <object_component id="oc-216">
         <name>.text:__TI_frcdivd</name>
         <load_address>0x4000</load_address>
         <run_address>0x4000</run_address>
         <size>0x478</size>
         <input_file_ref idref="fl-41"/>
      </object_component>
      <object_component id="oc-476">
         <name>.text:__mspabi_divull</name>
         <load_address>0x4478</load_address>
         <run_address>0x4478</run_address>
         <size>0x360</size>
         <input_file_ref idref="fl-56"/>
      </object_component>
      <object_component id="oc-539">
         <name>.text:__mspabi_addd</name>
         <load_address>0x47d8</load_address>
         <run_address>0x47d8</run_address>
         <size>0x2fa</size>
         <input_file_ref idref="fl-57"/>
      </object_component>
      <object_component id="oc-303">
         <name>.text:__TI_printfi</name>
         <load_address>0x4ad2</load_address>
         <run_address>0x4ad2</run_address>
         <size>0x288</size>
         <input_file_ref idref="fl-49"/>
      </object_component>
      <object_component id="oc-1fb">
         <name>.text:__TI_frcmpyd</name>
         <load_address>0x4d5a</load_address>
         <run_address>0x4d5a</run_address>
         <size>0x286</size>
         <input_file_ref idref="fl-5e"/>
      </object_component>
      <object_component id="oc-197">
         <name>.text:__mspabi_mpyd</name>
         <load_address>0x4fe0</load_address>
         <run_address>0x4fe0</run_address>
         <size>0x26e</size>
         <input_file_ref idref="fl-42"/>
      </object_component>
      <object_component id="oc-3e5">
         <name>.text:_pproc_fgea</name>
         <load_address>0x524e</load_address>
         <run_address>0x524e</run_address>
         <size>0x26e</size>
         <input_file_ref idref="fl-49"/>
      </object_component>
      <object_component id="oc-559">
         <name>.text:__TI_frcaddd</name>
         <load_address>0x54bc</load_address>
         <run_address>0x54bc</run_address>
         <size>0x260</size>
         <input_file_ref idref="fl-5d"/>
      </object_component>
      <object_component id="oc-37e">
         <name>.text:_setfield</name>
         <load_address>0x571c</load_address>
         <run_address>0x571c</run_address>
         <size>0x252</size>
         <input_file_ref idref="fl-49"/>
      </object_component>
      <object_component id="oc-4bc">
         <name>.text:acvt</name>
         <load_address>0x596e</load_address>
         <run_address>0x596e</run_address>
         <size>0x244</size>
         <input_file_ref idref="fl-49"/>
      </object_component>
      <object_component id="oc-1a6">
         <name>.text:__mspabi_divd</name>
         <load_address>0x5bb2</load_address>
         <run_address>0x5bb2</run_address>
         <size>0x238</size>
         <input_file_ref idref="fl-3e"/>
      </object_component>
      <object_component id="oc-426">
         <name>.text:_getarg_diouxp</name>
         <load_address>0x5dea</load_address>
         <run_address>0x5dea</run_address>
         <size>0x1ec</size>
         <input_file_ref idref="fl-49"/>
      </object_component>
      <object_component id="oc-495">
         <name>.text:ecvt</name>
         <load_address>0x5fd6</load_address>
         <run_address>0x5fd6</run_address>
         <size>0x1de</size>
         <input_file_ref idref="fl-49"/>
      </object_component>
      <object_component id="oc-4a8">
         <name>.text:fcvt</name>
         <load_address>0x61b4</load_address>
         <run_address>0x61b4</run_address>
         <size>0x1c4</size>
         <input_file_ref idref="fl-49"/>
      </object_component>
      <object_component id="oc-450">
         <name>.text:_pconv_e</name>
         <load_address>0x6378</load_address>
         <run_address>0x6378</run_address>
         <size>0x1a6</size>
         <input_file_ref idref="fl-49"/>
      </object_component>
      <object_component id="oc-456">
         <name>.text:_pconv_a</name>
         <load_address>0x651e</load_address>
         <run_address>0x651e</run_address>
         <size>0x174</size>
         <input_file_ref idref="fl-49"/>
      </object_component>
      <object_component id="oc-518">
         <name>.text:scalbn</name>
         <load_address>0x6692</load_address>
         <run_address>0x6692</run_address>
         <size>0x16a</size>
         <input_file_ref idref="fl-4b"/>
      </object_component>
      <object_component id="oc-3df">
         <name>.text:_pproc_diouxp</name>
         <load_address>0x67fc</load_address>
         <run_address>0x67fc</run_address>
         <size>0x14c</size>
         <input_file_ref idref="fl-49"/>
      </object_component>
      <object_component id="oc-42c">
         <name>.text:_ltostr</name>
         <load_address>0x6948</load_address>
         <run_address>0x6948</run_address>
         <size>0x12e</size>
         <input_file_ref idref="fl-49"/>
      </object_component>
      <object_component id="oc-444">
         <name>.text:_pconv_g</name>
         <load_address>0x6a76</load_address>
         <run_address>0x6a76</run_address>
         <size>0xf8</size>
         <input_file_ref idref="fl-49"/>
      </object_component>
      <object_component id="oc-378">
         <name>.text:_pproc_fwp</name>
         <load_address>0x6b6e</load_address>
         <run_address>0x6b6e</run_address>
         <size>0xe0</size>
         <input_file_ref idref="fl-49"/>
      </object_component>
      <object_component id="oc-45c">
         <name>.text:__mspabi_cmpd</name>
         <load_address>0x6c4e</load_address>
         <run_address>0x6c4e</run_address>
         <size>0xdc</size>
         <input_file_ref idref="fl-58"/>
      </object_component>
      <object_component id="oc-38a">
         <name>.text:_pproc_wstr</name>
         <load_address>0x6d2a</load_address>
         <run_address>0x6d2a</run_address>
         <size>0xc4</size>
         <input_file_ref idref="fl-49"/>
      </object_component>
      <object_component id="oc-129">
         <name>.text:ADC_interrupt</name>
         <load_address>0x6dee</load_address>
         <run_address>0x6dee</run_address>
         <size>0xc2</size>
         <input_file_ref idref="fl-7"/>
      </object_component>
      <object_component id="oc-570">
         <name>.text:__TI_renormd</name>
         <load_address>0x6eb0</load_address>
         <run_address>0x6eb0</run_address>
         <size>0xbe</size>
         <input_file_ref idref="fl-60"/>
      </object_component>
      <object_component id="oc-4b6">
         <name>.text:frexp</name>
         <load_address>0x6f6e</load_address>
         <run_address>0x6f6e</run_address>
         <size>0xb0</size>
         <input_file_ref idref="fl-4a"/>
      </object_component>
      <object_component id="oc-4f4">
         <name>.text:__mspabi_fltlid</name>
         <load_address>0x701e</load_address>
         <run_address>0x701e</run_address>
         <size>0xac</size>
         <input_file_ref idref="fl-5c"/>
      </object_component>
      <object_component id="oc-384">
         <name>.text:_pproc_str</name>
         <load_address>0x70ca</load_address>
         <run_address>0x70ca</run_address>
         <size>0xac</size>
         <input_file_ref idref="fl-49"/>
      </object_component>
      <object_component id="oc-364">
         <name>.text:LCD_WriteByte</name>
         <load_address>0x7176</load_address>
         <run_address>0x7176</run_address>
         <size>0x94</size>
         <input_file_ref idref="fl-5"/>
      </object_component>
      <object_component id="oc-4a1">
         <name>.text:_mcpy</name>
         <load_address>0x720a</load_address>
         <run_address>0x720a</run_address>
         <size>0x92</size>
         <input_file_ref idref="fl-49"/>
      </object_component>
      <object_component id="oc-49b">
         <name>.text:_ecpy</name>
         <load_address>0x729c</load_address>
         <run_address>0x729c</run_address>
         <size>0x8e</size>
         <input_file_ref idref="fl-49"/>
      </object_component>
      <object_component id="oc-1ac">
         <name>.text:__mspabi_cvtdf</name>
         <load_address>0x732a</load_address>
         <run_address>0x732a</run_address>
         <size>0x8c</size>
         <input_file_ref idref="fl-3c"/>
      </object_component>
      <object_component id="oc-1ef">
         <name>.text:__mspabi_fltuld</name>
         <load_address>0x73b6</load_address>
         <run_address>0x73b6</run_address>
         <size>0x8a</size>
         <input_file_ref idref="fl-40"/>
      </object_component>
      <object_component id="oc-1ca">
         <name>.text:main</name>
         <load_address>0x7440</load_address>
         <run_address>0x7440</run_address>
         <size>0x86</size>
         <input_file_ref idref="fl-7"/>
      </object_component>
      <object_component id="oc-4ee">
         <name>.text:ltoa</name>
         <load_address>0x74c6</load_address>
         <run_address>0x74c6</run_address>
         <size>0x84</size>
         <input_file_ref idref="fl-63"/>
      </object_component>
      <object_component id="oc-30">
         <name>.text:decompress:lzss:__TI_decompress_lzss</name>
         <load_address>0x754a</load_address>
         <run_address>0x754a</run_address>
         <size>0x7c</size>
         <input_file_ref idref="fl-3b"/>
      </object_component>
      <object_component id="oc-44a">
         <name>.text:_pconv_f</name>
         <load_address>0x75c6</load_address>
         <run_address>0x75c6</run_address>
         <size>0x7a</size>
         <input_file_ref idref="fl-49"/>
      </object_component>
      <object_component id="oc-4e8">
         <name>.text:__mspabi_fixdli</name>
         <load_address>0x7640</load_address>
         <run_address>0x7640</run_address>
         <size>0x72</size>
         <input_file_ref idref="fl-5a"/>
      </object_component>
      <object_component id="oc-1a0">
         <name>.text:__mspabi_cvtfd</name>
         <load_address>0x76b2</load_address>
         <run_address>0x76b2</run_address>
         <size>0x70</size>
         <input_file_ref idref="fl-3d"/>
      </object_component>
      <object_component id="oc-12f">
         <name>.text:I2C_ISR</name>
         <load_address>0x7722</load_address>
         <run_address>0x7722</run_address>
         <size>0x62</size>
         <input_file_ref idref="fl-2"/>
      </object_component>
      <object_component id="oc-267">
         <name>.text:LCD_message</name>
         <load_address>0x7784</load_address>
         <run_address>0x7784</run_address>
         <size>0x60</size>
         <input_file_ref idref="fl-5"/>
      </object_component>
      <object_component id="oc-2b9">
         <name>.text:l_lsr_const</name>
         <load_address>0x77e4</load_address>
         <run_address>0x77e4</run_address>
         <size>0x5c</size>
         <input_file_ref idref="fl-53"/>
      </object_component>
      <object_component id="oc-29e">
         <name>.text:__TI_auto_init_nobinit_nopinit_hold_wdt:__TI_auto_init_nobinit_nopinit_hold_wdt</name>
         <load_address>0x7840</load_address>
         <run_address>0x7840</run_address>
         <size>0x58</size>
         <input_file_ref idref="fl-34"/>
      </object_component>
      <object_component id="oc-47c">
         <name>.text</name>
         <load_address>0x7898</load_address>
         <run_address>0x7898</run_address>
         <size>0x58</size>
         <input_file_ref idref="fl-27"/>
      </object_component>
      <object_component id="oc-3d7">
         <name>.text:atoi</name>
         <load_address>0x78f0</load_address>
         <run_address>0x78f0</run_address>
         <size>0x52</size>
         <input_file_ref idref="fl-61"/>
      </object_component>
      <object_component id="oc-4ae">
         <name>.text:_fcpy</name>
         <load_address>0x7942</load_address>
         <run_address>0x7942</run_address>
         <size>0x4e</size>
         <input_file_ref idref="fl-49"/>
      </object_component>
      <object_component id="oc-fb">
         <name>.text</name>
         <load_address>0x7990</load_address>
         <run_address>0x7990</run_address>
         <size>0x4c</size>
         <input_file_ref idref="fl-52"/>
      </object_component>
      <object_component id="oc-40c">
         <name>.text:Send_I2C</name>
         <load_address>0x79dc</load_address>
         <run_address>0x79dc</run_address>
         <size>0x4a</size>
         <input_file_ref idref="fl-2"/>
      </object_component>
      <object_component id="oc-242">
         <name>.text:Init_I2C</name>
         <load_address>0x7a26</load_address>
         <run_address>0x7a26</run_address>
         <size>0x46</size>
         <input_file_ref idref="fl-2"/>
      </object_component>
      <object_component id="oc-248">
         <name>.text:LCD_init</name>
         <load_address>0x7a6c</load_address>
         <run_address>0x7a6c</run_address>
         <size>0x46</size>
         <input_file_ref idref="fl-5"/>
      </object_component>
      <object_component id="oc-486">
         <name>.text:__mspabi_srlll</name>
         <load_address>0x7ab2</load_address>
         <run_address>0x7ab2</run_address>
         <size>0x46</size>
         <input_file_ref idref="fl-55"/>
      </object_component>
      <object_component id="oc-254">
         <name>.text:init</name>
         <load_address>0x7af8</load_address>
         <run_address>0x7af8</run_address>
         <size>0x46</size>
         <input_file_ref idref="fl-7"/>
      </object_component>
      <object_component id="oc-24e">
         <name>.text:LCD_set_pos</name>
         <load_address>0x7b3e</load_address>
         <run_address>0x7b3e</run_address>
         <size>0x44</size>
         <input_file_ref idref="fl-5"/>
      </object_component>
      <object_component id="oc-4d1">
         <name>.text:__mspabi_sllll</name>
         <load_address>0x7b82</load_address>
         <run_address>0x7b82</run_address>
         <size>0x44</size>
         <input_file_ref idref="fl-6a"/>
      </object_component>
      <object_component id="oc-530">
         <name>.text</name>
         <load_address>0x7bc6</load_address>
         <run_address>0x7bc6</run_address>
         <size>0x40</size>
         <input_file_ref idref="fl-26"/>
      </object_component>
      <object_component id="oc-20a">
         <name>.text:l_asr_const</name>
         <load_address>0x7c06</load_address>
         <run_address>0x7c06</run_address>
         <size>0x3e</size>
         <input_file_ref idref="fl-4f"/>
      </object_component>
      <object_component id="oc-21e">
         <name>.text:l_lsl_const</name>
         <load_address>0x7c44</load_address>
         <run_address>0x7c44</run_address>
         <size>0x3e</size>
         <input_file_ref idref="fl-51"/>
      </object_component>
      <object_component id="oc-261">
         <name>.text:sprintf</name>
         <load_address>0x7c82</load_address>
         <run_address>0x7c82</run_address>
         <size>0x38</size>
         <input_file_ref idref="fl-25"/>
      </object_component>
      <object_component id="oc-273">
         <name>.text:wait_1ms</name>
         <load_address>0x7cba</load_address>
         <run_address>0x7cba</run_address>
         <size>0x36</size>
         <input_file_ref idref="fl-9"/>
      </object_component>
      <object_component id="oc-236">
         <name>.text:Init_System_Clock</name>
         <load_address>0x7cf0</load_address>
         <run_address>0x7cf0</run_address>
         <size>0x30</size>
         <input_file_ref idref="fl-9"/>
      </object_component>
      <object_component id="oc-4fa">
         <name>.text:__mspabi_subd</name>
         <load_address>0x7d20</load_address>
         <run_address>0x7d20</run_address>
         <size>0x2e</size>
         <input_file_ref idref="fl-43"/>
      </object_component>
      <object_component id="oc-549">
         <name>.text:copysign</name>
         <load_address>0x7d4e</load_address>
         <run_address>0x7d4e</run_address>
         <size>0x2e</size>
         <input_file_ref idref="fl-4c"/>
      </object_component>
      <object_component id="oc-2c1">
         <name>.text</name>
         <load_address>0x7d7c</load_address>
         <run_address>0x7d7c</run_address>
         <size>0x2e</size>
         <input_file_ref idref="fl-30"/>
      </object_component>
      <object_component id="oc-1f6">
         <name>.text</name>
         <load_address>0x7daa</load_address>
         <run_address>0x7daa</run_address>
         <size>0x2c</size>
         <input_file_ref idref="fl-4e"/>
      </object_component>
      <object_component id="oc-f6">
         <name>.text</name>
         <load_address>0x7dd6</load_address>
         <run_address>0x7dd6</run_address>
         <size>0x2c</size>
         <input_file_ref idref="fl-2b"/>
      </object_component>
      <object_component id="oc-43e">
         <name>.text:__mspabi_negd</name>
         <load_address>0x7e02</load_address>
         <run_address>0x7e02</run_address>
         <size>0x2a</size>
         <input_file_ref idref="fl-5f"/>
      </object_component>
      <object_component id="oc-3a5">
         <name>.text:I2C_WriteByte</name>
         <load_address>0x7e2c</load_address>
         <run_address>0x7e2c</run_address>
         <size>0x28</size>
         <input_file_ref idref="fl-2"/>
      </object_component>
      <object_component id="oc-31c">
         <name>.text:LED_out</name>
         <load_address>0x7e54</load_address>
         <run_address>0x7e54</run_address>
         <size>0x28</size>
         <input_file_ref idref="fl-6"/>
      </object_component>
      <object_component id="oc-500">
         <name>.text:__mspabi_fixdi</name>
         <load_address>0x7e7c</load_address>
         <run_address>0x7e7c</run_address>
         <size>0x28</size>
         <input_file_ref idref="fl-59"/>
      </object_component>
      <object_component id="oc-30c">
         <name>.text:LCD_recode</name>
         <load_address>0x7ea4</load_address>
         <run_address>0x7ea4</run_address>
         <size>0x1c</size>
         <input_file_ref idref="fl-5"/>
      </object_component>
      <object_component id="oc-14c">
         <name>.text:_c_int00_noargs</name>
         <load_address>0x7ec0</load_address>
         <run_address>0x7ec0</run_address>
         <size>0x1c</size>
         <input_file_ref idref="fl-33"/>
      </object_component>
      <object_component id="oc-2f7">
         <name>.text:_outs</name>
         <load_address>0x7edc</load_address>
         <run_address>0x7edc</run_address>
         <size>0x1a</size>
         <input_file_ref idref="fl-25"/>
      </object_component>
      <object_component id="oc-3eb">
         <name>.text:memccpy</name>
         <load_address>0x7ef6</load_address>
         <run_address>0x7ef6</run_address>
         <size>0x1a</size>
         <input_file_ref idref="fl-64"/>
      </object_component>
      <object_component id="oc-51e">
         <name>.text:strchr</name>
         <load_address>0x7f10</load_address>
         <run_address>0x7f10</run_address>
         <size>0x1a</size>
         <input_file_ref idref="fl-65"/>
      </object_component>
      <object_component id="oc-481">
         <name>.text</name>
         <load_address>0x7f2a</load_address>
         <run_address>0x7f2a</run_address>
         <size>0x16</size>
         <input_file_ref idref="fl-50"/>
      </object_component>
      <object_component id="oc-13a">
         <name>.text:decompress:ZI:__TI_zero_init_nomemset:__TI_zero_init_nomemset</name>
         <load_address>0x7f40</load_address>
         <run_address>0x7f40</run_address>
         <size>0x14</size>
         <input_file_ref idref="fl-35"/>
      </object_component>
      <object_component id="oc-25a">
         <name>.text:memset</name>
         <load_address>0x7f54</load_address>
         <run_address>0x7f54</run_address>
         <size>0x14</size>
         <input_file_ref idref="fl-48"/>
      </object_component>
      <object_component id="oc-2cd">
         <name>.text</name>
         <load_address>0x7f68</load_address>
         <run_address>0x7f68</run_address>
         <size>0x14</size>
         <input_file_ref idref="fl-2d"/>
      </object_component>
      <object_component id="oc-3f3">
         <name>.text:wcslen</name>
         <load_address>0x7f7c</load_address>
         <run_address>0x7f7c</run_address>
         <size>0x14</size>
         <input_file_ref idref="fl-4d"/>
      </object_component>
      <object_component id="oc-2fd">
         <name>.text:_outc</name>
         <load_address>0x7f90</load_address>
         <run_address>0x7f90</run_address>
         <size>0x12</size>
         <input_file_ref idref="fl-25"/>
      </object_component>
      <object_component id="oc-36">
         <name>.text:decompress:none:__TI_decompress_none</name>
         <load_address>0x7fa2</load_address>
         <run_address>0x7fa2</run_address>
         <size>0x12</size>
         <input_file_ref idref="fl-3a"/>
      </object_component>
      <object_component id="oc-4d7">
         <name>.text:l_lsr</name>
         <load_address>0x7fb4</load_address>
         <run_address>0x7fb4</run_address>
         <size>0x12</size>
         <input_file_ref idref="fl-53"/>
      </object_component>
      <object_component id="oc-110">
         <name>.text:memcpy</name>
         <load_address>0x7fc6</load_address>
         <run_address>0x7fc6</run_address>
         <size>0x12</size>
         <input_file_ref idref="fl-47"/>
      </object_component>
      <object_component id="oc-2e2">
         <name>.text:LCD_WriteCommand</name>
         <load_address>0x7fd8</load_address>
         <run_address>0x7fd8</run_address>
         <size>0x10</size>
         <input_file_ref idref="fl-5"/>
      </object_component>
      <object_component id="oc-312">
         <name>.text:LCD_WriteData</name>
         <load_address>0x7fe8</load_address>
         <run_address>0x7fe8</run_address>
         <size>0x10</size>
         <input_file_ref idref="fl-5"/>
      </object_component>
      <object_component id="oc-2e8">
         <name>.text:LCD_clear</name>
         <load_address>0x7ff8</load_address>
         <run_address>0x7ff8</run_address>
         <size>0x10</size>
         <input_file_ref idref="fl-5"/>
      </object_component>
      <object_component id="oc-56b">
         <name>.text:l_asr</name>
         <load_address>0x8008</load_address>
         <run_address>0x8008</run_address>
         <size>0x10</size>
         <input_file_ref idref="fl-4f"/>
      </object_component>
      <object_component id="oc-566">
         <name>.text:l_lsl</name>
         <load_address>0x8018</load_address>
         <run_address>0x8018</run_address>
         <size>0x10</size>
         <input_file_ref idref="fl-51"/>
      </object_component>
      <object_component id="oc-100">
         <name>.text</name>
         <load_address>0x8028</load_address>
         <run_address>0x8028</run_address>
         <size>0x10</size>
         <input_file_ref idref="fl-28"/>
      </object_component>
      <object_component id="oc-26d">
         <name>.text:LED_invert</name>
         <load_address>0x8038</load_address>
         <run_address>0x8038</run_address>
         <size>0xe</size>
         <input_file_ref idref="fl-6"/>
      </object_component>
      <object_component id="oc-372">
         <name>.text:strlen</name>
         <load_address>0x8046</load_address>
         <run_address>0x8046</run_address>
         <size>0xe</size>
         <input_file_ref idref="fl-66"/>
      </object_component>
      <object_component id="oc-23c">
         <name>.text:Init_System</name>
         <load_address>0x8054</load_address>
         <run_address>0x8054</run_address>
         <size>0xc</size>
         <input_file_ref idref="fl-9"/>
      </object_component>
      <object_component id="oc-524">
         <name>.text:__mspabi_fltid</name>
         <load_address>0x8060</load_address>
         <run_address>0x8060</run_address>
         <size>0xc</size>
         <input_file_ref idref="fl-5b"/>
      </object_component>
      <object_component id="oc-123">
         <name>.text:isrTIMERA</name>
         <load_address>0x806c</load_address>
         <run_address>0x806c</run_address>
         <size>0xc</size>
         <input_file_ref idref="fl-3"/>
      </object_component>
      <object_component id="oc-438">
         <name>.text:toupper</name>
         <load_address>0x8078</load_address>
         <run_address>0x8078</run_address>
         <size>0xc</size>
         <input_file_ref idref="fl-67"/>
      </object_component>
      <object_component id="oc-507">
         <name>.text:abs</name>
         <load_address>0x8084</load_address>
         <run_address>0x8084</run_address>
         <size>0xa</size>
         <input_file_ref idref="fl-68"/>
      </object_component>
      <object_component id="oc-135">
         <name>.text:_isr:__TI_ISR_TRAP</name>
         <load_address>0x808e</load_address>
         <run_address>0x808e</run_address>
         <size>0x8</size>
         <input_file_ref idref="fl-2a"/>
      </object_component>
      <object_component id="oc-11d">
         <name>.text:ISR_trap</name>
         <load_address>0x8096</load_address>
         <run_address>0x8096</run_address>
         <size>0x6</size>
         <input_file_ref idref="fl-8"/>
      </object_component>
      <object_component id="oc-191">
         <name>.text:__mspabi_fltud</name>
         <load_address>0x809c</load_address>
         <run_address>0x809c</run_address>
         <size>0x6</size>
         <input_file_ref idref="fl-3f"/>
      </object_component>
      <object_component id="oc-27a">
         <name>.text:abort</name>
         <load_address>0x80a2</load_address>
         <run_address>0x80a2</run_address>
         <size>0x6</size>
         <input_file_ref idref="fl-44"/>
      </object_component>
      <object_component id="oc-1c4">
         <name>.text:_system_pre_init</name>
         <load_address>0x80a8</load_address>
         <run_address>0x80a8</run_address>
         <size>0x4</size>
         <input_file_ref idref="fl-38"/>
      </object_component>
      <object_component id="oc-338">
         <name>.text:_system_post_cinit</name>
         <load_address>0x80ac</load_address>
         <run_address>0x80ac</run_address>
         <size>0x2</size>
         <input_file_ref idref="fl-39"/>
      </object_component>
      <object_component id="oc-5bf">
         <name>.cinit..data.load</name>
         <load_address>0x81ee</load_address>
         <run_address>0x81ee</run_address>
         <size>0x4b</size>
      </object_component>
      <object_component id="oc-5bc">
         <name>__TI_handler_table</name>
         <load_address>0x823a</load_address>
         <run_address>0x823a</run_address>
         <size>0x6</size>
      </object_component>
      <object_component id="oc-5be">
         <name>.cinit..bss.load</name>
         <load_address>0x8240</load_address>
         <run_address>0x8240</run_address>
         <size>0x4</size>
      </object_component>
      <object_component id="oc-5bd">
         <name>__TI_cinit_table</name>
         <load_address>0x8244</load_address>
         <run_address>0x8244</run_address>
         <size>0x8</size>
      </object_component>
      <object_component id="oc-421">
         <name>.const:.string:_ctypes_</name>
         <load_address>0x80ae</load_address>
         <run_address>0x80ae</run_address>
         <size>0x101</size>
         <input_file_ref idref="fl-62"/>
      </object_component>
      <object_component id="oc-3de">
         <name>.const:.string</name>
         <load_address>0x81b0</load_address>
         <run_address>0x81b0</run_address>
         <size>0x26</size>
         <input_file_ref idref="fl-49"/>
      </object_component>
      <object_component id="oc-260">
         <name>.const:.string</name>
         <load_address>0x81d6</load_address>
         <run_address>0x81d6</run_address>
         <size>0x10</size>
         <input_file_ref idref="fl-7"/>
      </object_component>
      <object_component id="oc-19d">
         <name>.const</name>
         <load_address>0x81e6</load_address>
         <run_address>0x81e6</run_address>
         <size>0x8</size>
         <input_file_ref idref="fl-7"/>
      </object_component>
      <object_component id="oc-3c">
         <name>.int00</name>
         <load_address>0xffe0</load_address>
         <run_address>0xffe0</run_address>
         <size>0x2</size>
         <input_file_ref idref="fl-8"/>
      </object_component>
      <object_component id="oc-3d">
         <name>.int01</name>
         <load_address>0xffe2</load_address>
         <run_address>0xffe2</run_address>
         <size>0x2</size>
         <input_file_ref idref="fl-8"/>
      </object_component>
      <object_component id="oc-3e">
         <name>.int02</name>
         <load_address>0xffe4</load_address>
         <run_address>0xffe4</run_address>
         <size>0x2</size>
         <input_file_ref idref="fl-8"/>
      </object_component>
      <object_component id="oc-3f">
         <name>.int03</name>
         <load_address>0xffe6</load_address>
         <run_address>0xffe6</run_address>
         <size>0x2</size>
         <input_file_ref idref="fl-8"/>
      </object_component>
      <object_component id="oc-40">
         <name>.int04</name>
         <load_address>0xffe8</load_address>
         <run_address>0xffe8</run_address>
         <size>0x2</size>
         <input_file_ref idref="fl-8"/>
      </object_component>
      <object_component id="oc-41">
         <name>.int05</name>
         <load_address>0xffea</load_address>
         <run_address>0xffea</run_address>
         <size>0x2</size>
         <input_file_ref idref="fl-3"/>
      </object_component>
      <object_component id="oc-42">
         <name>.int06</name>
         <load_address>0xffec</load_address>
         <run_address>0xffec</run_address>
         <size>0x2</size>
         <input_file_ref idref="fl-8"/>
      </object_component>
      <object_component id="oc-43">
         <name>.int07</name>
         <load_address>0xffee</load_address>
         <run_address>0xffee</run_address>
         <size>0x2</size>
         <input_file_ref idref="fl-7"/>
      </object_component>
      <object_component id="oc-44">
         <name>.int08</name>
         <load_address>0xfff0</load_address>
         <run_address>0xfff0</run_address>
         <size>0x2</size>
         <input_file_ref idref="fl-2"/>
      </object_component>
      <object_component id="oc-45">
         <name>.int09</name>
         <load_address>0xfff2</load_address>
         <run_address>0xfff2</run_address>
         <size>0x2</size>
         <input_file_ref idref="fl-29"/>
      </object_component>
      <object_component id="oc-46">
         <name>.int10</name>
         <load_address>0xfff4</load_address>
         <run_address>0xfff4</run_address>
         <size>0x2</size>
         <input_file_ref idref="fl-8"/>
      </object_component>
      <object_component id="oc-47">
         <name>.int11</name>
         <load_address>0xfff6</load_address>
         <run_address>0xfff6</run_address>
         <size>0x2</size>
         <input_file_ref idref="fl-8"/>
      </object_component>
      <object_component id="oc-48">
         <name>.int12</name>
         <load_address>0xfff8</load_address>
         <run_address>0xfff8</run_address>
         <size>0x2</size>
         <input_file_ref idref="fl-8"/>
      </object_component>
      <object_component id="oc-49">
         <name>.int13</name>
         <load_address>0xfffa</load_address>
         <run_address>0xfffa</run_address>
         <size>0x2</size>
         <input_file_ref idref="fl-8"/>
      </object_component>
      <object_component id="oc-4a">
         <name>.int14</name>
         <load_address>0xfffc</load_address>
         <run_address>0xfffc</run_address>
         <size>0x2</size>
         <input_file_ref idref="fl-8"/>
      </object_component>
      <object_component id="oc-f5">
         <name>.reset</name>
         <load_address>0xfffe</load_address>
         <run_address>0xfffe</run_address>
         <size>0x2</size>
         <input_file_ref idref="fl-33"/>
      </object_component>
      <object_component id="oc-46f">
         <name>.debug_info</name>
         <load_address>0x0</load_address>
         <run_address>0x0</run_address>
         <size>0x310</size>
         <input_file_ref idref="fl-2"/>
      </object_component>
      <object_component id="oc-243">
         <name>.debug_info</name>
         <load_address>0x310</load_address>
         <run_address>0x310</run_address>
         <size>0x109</size>
         <input_file_ref idref="fl-2"/>
      </object_component>
      <object_component id="oc-40d">
         <name>.debug_info</name>
         <load_address>0x419</load_address>
         <run_address>0x419</run_address>
         <size>0x173</size>
         <input_file_ref idref="fl-2"/>
      </object_component>
      <object_component id="oc-3a7">
         <name>.debug_info</name>
         <load_address>0x58c</load_address>
         <run_address>0x58c</run_address>
         <size>0x188</size>
         <input_file_ref idref="fl-2"/>
      </object_component>
      <object_component id="oc-132">
         <name>.debug_info</name>
         <load_address>0x714</load_address>
         <run_address>0x714</run_address>
         <size>0xf9</size>
         <input_file_ref idref="fl-2"/>
      </object_component>
      <object_component id="oc-10b">
         <name>.debug_info</name>
         <load_address>0x80d</load_address>
         <run_address>0x80d</run_address>
         <size>0x84</size>
         <input_file_ref idref="fl-2"/>
      </object_component>
      <object_component id="oc-229">
         <name>.debug_info</name>
         <load_address>0x891</load_address>
         <run_address>0x891</run_address>
         <size>0x39</size>
         <input_file_ref idref="fl-2"/>
      </object_component>
      <object_component id="oc-124">
         <name>.debug_info</name>
         <load_address>0x8ca</load_address>
         <run_address>0x8ca</run_address>
         <size>0x11b</size>
         <input_file_ref idref="fl-3"/>
      </object_component>
      <object_component id="oc-2f0">
         <name>.debug_info</name>
         <load_address>0x9e5</load_address>
         <run_address>0x9e5</run_address>
         <size>0x23c</size>
         <input_file_ref idref="fl-5"/>
      </object_component>
      <object_component id="oc-39f">
         <name>.debug_info</name>
         <load_address>0xc21</load_address>
         <run_address>0xc21</run_address>
         <size>0xd4</size>
         <input_file_ref idref="fl-5"/>
      </object_component>
      <object_component id="oc-249">
         <name>.debug_info</name>
         <load_address>0xcf5</load_address>
         <run_address>0xcf5</run_address>
         <size>0x193</size>
         <input_file_ref idref="fl-5"/>
      </object_component>
      <object_component id="oc-26a">
         <name>.debug_info</name>
         <load_address>0xe88</load_address>
         <run_address>0xe88</run_address>
         <size>0x168</size>
         <input_file_ref idref="fl-5"/>
      </object_component>
      <object_component id="oc-2e9">
         <name>.debug_info</name>
         <load_address>0xff0</load_address>
         <run_address>0xff0</run_address>
         <size>0x113</size>
         <input_file_ref idref="fl-5"/>
      </object_component>
      <object_component id="oc-250">
         <name>.debug_info</name>
         <load_address>0x1103</load_address>
         <run_address>0x1103</run_address>
         <size>0x16b</size>
         <input_file_ref idref="fl-5"/>
      </object_component>
      <object_component id="oc-2e4">
         <name>.debug_info</name>
         <load_address>0x126e</load_address>
         <run_address>0x126e</run_address>
         <size>0x141</size>
         <input_file_ref idref="fl-5"/>
      </object_component>
      <object_component id="oc-315">
         <name>.debug_info</name>
         <load_address>0x13af</load_address>
         <run_address>0x13af</run_address>
         <size>0x13b</size>
         <input_file_ref idref="fl-5"/>
      </object_component>
      <object_component id="oc-365">
         <name>.debug_info</name>
         <load_address>0x14ea</load_address>
         <run_address>0x14ea</run_address>
         <size>0x14a</size>
         <input_file_ref idref="fl-5"/>
      </object_component>
      <object_component id="oc-30f">
         <name>.debug_info</name>
         <load_address>0x1634</load_address>
         <run_address>0x1634</run_address>
         <size>0x119</size>
         <input_file_ref idref="fl-5"/>
      </object_component>
      <object_component id="oc-31a">
         <name>.debug_info</name>
         <load_address>0x174d</load_address>
         <run_address>0x174d</run_address>
         <size>0xd7</size>
         <input_file_ref idref="fl-6"/>
      </object_component>
      <object_component id="oc-31d">
         <name>.debug_info</name>
         <load_address>0x1824</load_address>
         <run_address>0x1824</run_address>
         <size>0x146</size>
         <input_file_ref idref="fl-6"/>
      </object_component>
      <object_component id="oc-26e">
         <name>.debug_info</name>
         <load_address>0x196a</load_address>
         <run_address>0x196a</run_address>
         <size>0x10f</size>
         <input_file_ref idref="fl-6"/>
      </object_component>
      <object_component id="oc-1b7">
         <name>.debug_info</name>
         <load_address>0x1a79</load_address>
         <run_address>0x1a79</run_address>
         <size>0x4ff</size>
         <input_file_ref idref="fl-7"/>
      </object_component>
      <object_component id="oc-19e">
         <name>.debug_info</name>
         <load_address>0x1f78</load_address>
         <run_address>0x1f78</run_address>
         <size>0xf0</size>
         <input_file_ref idref="fl-7"/>
      </object_component>
      <object_component id="oc-1b3">
         <name>.debug_info</name>
         <load_address>0x2068</load_address>
         <run_address>0x2068</run_address>
         <size>0xcb</size>
         <input_file_ref idref="fl-7"/>
      </object_component>
      <object_component id="oc-255">
         <name>.debug_info</name>
         <load_address>0x2133</load_address>
         <run_address>0x2133</run_address>
         <size>0xf5</size>
         <input_file_ref idref="fl-7"/>
      </object_component>
      <object_component id="oc-1cb">
         <name>.debug_info</name>
         <load_address>0x2228</load_address>
         <run_address>0x2228</run_address>
         <size>0x1da</size>
         <input_file_ref idref="fl-7"/>
      </object_component>
      <object_component id="oc-12a">
         <name>.debug_info</name>
         <load_address>0x2402</load_address>
         <run_address>0x2402</run_address>
         <size>0x1ac</size>
         <input_file_ref idref="fl-7"/>
      </object_component>
      <object_component id="oc-22e">
         <name>.debug_info</name>
         <load_address>0x25ae</load_address>
         <run_address>0x25ae</run_address>
         <size>0x26b</size>
         <input_file_ref idref="fl-7"/>
      </object_component>
      <object_component id="oc-2d9">
         <name>.debug_info</name>
         <load_address>0x2819</load_address>
         <run_address>0x2819</run_address>
         <size>0x275</size>
         <input_file_ref idref="fl-7"/>
      </object_component>
      <object_component id="oc-392">
         <name>.debug_info</name>
         <load_address>0x2a8e</load_address>
         <run_address>0x2a8e</run_address>
         <size>0x2c</size>
         <input_file_ref idref="fl-7"/>
      </object_component>
      <object_component id="oc-11f">
         <name>.debug_info</name>
         <load_address>0x2aba</load_address>
         <run_address>0x2aba</run_address>
         <size>0x173</size>
         <input_file_ref idref="fl-8"/>
      </object_component>
      <object_component id="oc-2df">
         <name>.debug_info</name>
         <load_address>0x2c2d</load_address>
         <run_address>0x2c2d</run_address>
         <size>0x1d9</size>
         <input_file_ref idref="fl-9"/>
      </object_component>
      <object_component id="oc-23e">
         <name>.debug_info</name>
         <load_address>0x2e06</load_address>
         <run_address>0x2e06</run_address>
         <size>0x10c</size>
         <input_file_ref idref="fl-9"/>
      </object_component>
      <object_component id="oc-237">
         <name>.debug_info</name>
         <load_address>0x2f12</load_address>
         <run_address>0x2f12</run_address>
         <size>0x124</size>
         <input_file_ref idref="fl-9"/>
      </object_component>
      <object_component id="oc-274">
         <name>.debug_info</name>
         <load_address>0x3036</load_address>
         <run_address>0x3036</run_address>
         <size>0x125</size>
         <input_file_ref idref="fl-9"/>
      </object_component>
      <object_component id="oc-30a">
         <name>.debug_info</name>
         <load_address>0x315b</load_address>
         <run_address>0x315b</run_address>
         <size>0x20a</size>
         <input_file_ref idref="fl-25"/>
      </object_component>
      <object_component id="oc-265">
         <name>.debug_info</name>
         <load_address>0x3365</load_address>
         <run_address>0x3365</run_address>
         <size>0x1c1</size>
         <input_file_ref idref="fl-25"/>
      </object_component>
      <object_component id="oc-2fb">
         <name>.debug_info</name>
         <load_address>0x3526</load_address>
         <run_address>0x3526</run_address>
         <size>0x197</size>
         <input_file_ref idref="fl-25"/>
      </object_component>
      <object_component id="oc-301">
         <name>.debug_info</name>
         <load_address>0x36bd</load_address>
         <run_address>0x36bd</run_address>
         <size>0x16c</size>
         <input_file_ref idref="fl-25"/>
      </object_component>
      <object_component id="oc-3ff">
         <name>.debug_info</name>
         <load_address>0x3829</load_address>
         <run_address>0x3829</run_address>
         <size>0x2c</size>
         <input_file_ref idref="fl-25"/>
      </object_component>
      <object_component id="oc-531">
         <name>.debug_info</name>
         <load_address>0x3855</load_address>
         <run_address>0x3855</run_address>
         <size>0x137</size>
         <input_file_ref idref="fl-26"/>
      </object_component>
      <object_component id="oc-47d">
         <name>.debug_info</name>
         <load_address>0x398c</load_address>
         <run_address>0x398c</run_address>
         <size>0x122</size>
         <input_file_ref idref="fl-27"/>
      </object_component>
      <object_component id="oc-103">
         <name>.debug_info</name>
         <load_address>0x3aae</load_address>
         <run_address>0x3aae</run_address>
         <size>0x12d</size>
         <input_file_ref idref="fl-28"/>
      </object_component>
      <object_component id="oc-136">
         <name>.debug_info</name>
         <load_address>0x3bdb</load_address>
         <run_address>0x3bdb</run_address>
         <size>0x10e</size>
         <input_file_ref idref="fl-2a"/>
      </object_component>
      <object_component id="oc-f9">
         <name>.debug_info</name>
         <load_address>0x3ce9</load_address>
         <run_address>0x3ce9</run_address>
         <size>0x11f</size>
         <input_file_ref idref="fl-2b"/>
      </object_component>
      <object_component id="oc-2d0">
         <name>.debug_info</name>
         <load_address>0x3e08</load_address>
         <run_address>0x3e08</run_address>
         <size>0x11e</size>
         <input_file_ref idref="fl-2d"/>
      </object_component>
      <object_component id="oc-2c4">
         <name>.debug_info</name>
         <load_address>0x3f26</load_address>
         <run_address>0x3f26</run_address>
         <size>0x11e</size>
         <input_file_ref idref="fl-30"/>
      </object_component>
      <object_component id="oc-f3">
         <name>.debug_info</name>
         <load_address>0x4044</load_address>
         <run_address>0x4044</run_address>
         <size>0xff</size>
         <input_file_ref idref="fl-33"/>
      </object_component>
      <object_component id="oc-14e">
         <name>.debug_info</name>
         <load_address>0x4143</load_address>
         <run_address>0x4143</run_address>
         <size>0x179</size>
         <input_file_ref idref="fl-33"/>
      </object_component>
      <object_component id="oc-33f">
         <name>.debug_info</name>
         <load_address>0x42bc</load_address>
         <run_address>0x42bc</run_address>
         <size>0x3dd</size>
         <input_file_ref idref="fl-34"/>
      </object_component>
      <object_component id="oc-2a0">
         <name>.debug_info</name>
         <load_address>0x4699</load_address>
         <run_address>0x4699</run_address>
         <size>0x210</size>
         <input_file_ref idref="fl-34"/>
      </object_component>
      <object_component id="oc-3c3">
         <name>.debug_info</name>
         <load_address>0x48a9</load_address>
         <run_address>0x48a9</run_address>
         <size>0x39</size>
         <input_file_ref idref="fl-34"/>
      </object_component>
      <object_component id="oc-3cf">
         <name>.debug_info</name>
         <load_address>0x48e2</load_address>
         <run_address>0x48e2</run_address>
         <size>0x2c</size>
         <input_file_ref idref="fl-34"/>
      </object_component>
      <object_component id="oc-34a">
         <name>.debug_info</name>
         <load_address>0x490e</load_address>
         <run_address>0x490e</run_address>
         <size>0x2c</size>
         <input_file_ref idref="fl-34"/>
      </object_component>
      <object_component id="oc-3c8">
         <name>.debug_info</name>
         <load_address>0x493a</load_address>
         <run_address>0x493a</run_address>
         <size>0xcd</size>
         <input_file_ref idref="fl-34"/>
      </object_component>
      <object_component id="oc-1c2">
         <name>.debug_info</name>
         <load_address>0x4a07</load_address>
         <run_address>0x4a07</run_address>
         <size>0x174</size>
         <input_file_ref idref="fl-35"/>
      </object_component>
      <object_component id="oc-13c">
         <name>.debug_info</name>
         <load_address>0x4b7b</load_address>
         <run_address>0x4b7b</run_address>
         <size>0x1d1</size>
         <input_file_ref idref="fl-35"/>
      </object_component>
      <object_component id="oc-1bd">
         <name>.debug_info</name>
         <load_address>0x4d4c</load_address>
         <run_address>0x4d4c</run_address>
         <size>0x46</size>
         <input_file_ref idref="fl-35"/>
      </object_component>
      <object_component id="oc-183">
         <name>.debug_info</name>
         <load_address>0x4d92</load_address>
         <run_address>0x4d92</run_address>
         <size>0x2c</size>
         <input_file_ref idref="fl-35"/>
      </object_component>
      <object_component id="oc-1c7">
         <name>.debug_info</name>
         <load_address>0x4dbe</load_address>
         <run_address>0x4dbe</run_address>
         <size>0x152</size>
         <input_file_ref idref="fl-38"/>
      </object_component>
      <object_component id="oc-33b">
         <name>.debug_info</name>
         <load_address>0x4f10</load_address>
         <run_address>0x4f10</run_address>
         <size>0x14f</size>
         <input_file_ref idref="fl-39"/>
      </object_component>
      <object_component id="oc-11c">
         <name>.debug_info</name>
         <load_address>0x505f</load_address>
         <run_address>0x505f</run_address>
         <size>0x17f</size>
         <input_file_ref idref="fl-3a"/>
      </object_component>
      <object_component id="oc-38">
         <name>.debug_info</name>
         <load_address>0x51de</load_address>
         <run_address>0x51de</run_address>
         <size>0x1e9</size>
         <input_file_ref idref="fl-3a"/>
      </object_component>
      <object_component id="oc-117">
         <name>.debug_info</name>
         <load_address>0x53c7</load_address>
         <run_address>0x53c7</run_address>
         <size>0x46</size>
         <input_file_ref idref="fl-3a"/>
      </object_component>
      <object_component id="oc-188">
         <name>.debug_info</name>
         <load_address>0x540d</load_address>
         <run_address>0x540d</run_address>
         <size>0x2c</size>
         <input_file_ref idref="fl-3a"/>
      </object_component>
      <object_component id="oc-180">
         <name>.debug_info</name>
         <load_address>0x5439</load_address>
         <run_address>0x5439</run_address>
         <size>0x175</size>
         <input_file_ref idref="fl-3b"/>
      </object_component>
      <object_component id="oc-34">
         <name>.debug_info</name>
         <load_address>0x55ae</load_address>
         <run_address>0x55ae</run_address>
         <size>0x291</size>
         <input_file_ref idref="fl-3b"/>
      </object_component>
      <object_component id="oc-106">
         <name>.debug_info</name>
         <load_address>0x583f</load_address>
         <run_address>0x583f</run_address>
         <size>0x60</size>
         <input_file_ref idref="fl-3b"/>
      </object_component>
      <object_component id="oc-1e6">
         <name>.debug_info</name>
         <load_address>0x589f</load_address>
         <run_address>0x589f</run_address>
         <size>0x46</size>
         <input_file_ref idref="fl-3b"/>
      </object_component>
      <object_component id="oc-17b">
         <name>.debug_info</name>
         <load_address>0x58e5</load_address>
         <run_address>0x58e5</run_address>
         <size>0x39</size>
         <input_file_ref idref="fl-3b"/>
      </object_component>
      <object_component id="oc-224">
         <name>.debug_info</name>
         <load_address>0x591e</load_address>
         <run_address>0x591e</run_address>
         <size>0x164</size>
         <input_file_ref idref="fl-3c"/>
      </object_component>
      <object_component id="oc-1af">
         <name>.debug_info</name>
         <load_address>0x5a82</load_address>
         <run_address>0x5a82</run_address>
         <size>0x1d7</size>
         <input_file_ref idref="fl-3c"/>
      </object_component>
      <object_component id="oc-211">
         <name>.debug_info</name>
         <load_address>0x5c59</load_address>
         <run_address>0x5c59</run_address>
         <size>0xdb</size>
         <input_file_ref idref="fl-3c"/>
      </object_component>
      <object_component id="oc-210">
         <name>.debug_info</name>
         <load_address>0x5d34</load_address>
         <run_address>0x5d34</run_address>
         <size>0x164</size>
         <input_file_ref idref="fl-3d"/>
      </object_component>
      <object_component id="oc-1a2">
         <name>.debug_info</name>
         <load_address>0x5e98</load_address>
         <run_address>0x5e98</run_address>
         <size>0x1d3</size>
         <input_file_ref idref="fl-3d"/>
      </object_component>
      <object_component id="oc-21d">
         <name>.debug_info</name>
         <load_address>0x606b</load_address>
         <run_address>0x606b</run_address>
         <size>0x1a1</size>
         <input_file_ref idref="fl-3e"/>
      </object_component>
      <object_component id="oc-1a7">
         <name>.debug_info</name>
         <load_address>0x620c</load_address>
         <run_address>0x620c</run_address>
         <size>0x289</size>
         <input_file_ref idref="fl-3e"/>
      </object_component>
      <object_component id="oc-202">
         <name>.debug_info</name>
         <load_address>0x6495</load_address>
         <run_address>0x6495</run_address>
         <size>0x94</size>
         <input_file_ref idref="fl-3e"/>
      </object_component>
      <object_component id="oc-192">
         <name>.debug_info</name>
         <load_address>0x6529</load_address>
         <run_address>0x6529</run_address>
         <size>0x165</size>
         <input_file_ref idref="fl-3f"/>
      </object_component>
      <object_component id="oc-2bf">
         <name>.debug_info</name>
         <load_address>0x668e</load_address>
         <run_address>0x668e</run_address>
         <size>0x16a</size>
         <input_file_ref idref="fl-40"/>
      </object_component>
      <object_component id="oc-1f0">
         <name>.debug_info</name>
         <load_address>0x67f8</load_address>
         <run_address>0x67f8</run_address>
         <size>0x1e2</size>
         <input_file_ref idref="fl-40"/>
      </object_component>
      <object_component id="oc-2d3">
         <name>.debug_info</name>
         <load_address>0x69da</load_address>
         <run_address>0x69da</run_address>
         <size>0x171</size>
         <input_file_ref idref="fl-41"/>
      </object_component>
      <object_component id="oc-217">
         <name>.debug_info</name>
         <load_address>0x6b4b</load_address>
         <run_address>0x6b4b</run_address>
         <size>0x5ce</size>
         <input_file_ref idref="fl-41"/>
      </object_component>
      <object_component id="oc-207">
         <name>.debug_info</name>
         <load_address>0x7119</load_address>
         <run_address>0x7119</run_address>
         <size>0x1a1</size>
         <input_file_ref idref="fl-42"/>
      </object_component>
      <object_component id="oc-198">
         <name>.debug_info</name>
         <load_address>0x72ba</load_address>
         <run_address>0x72ba</run_address>
         <size>0x2df</size>
         <input_file_ref idref="fl-42"/>
      </object_component>
      <object_component id="oc-4fb">
         <name>.debug_info</name>
         <load_address>0x7599</load_address>
         <run_address>0x7599</run_address>
         <size>0x18c</size>
         <input_file_ref idref="fl-43"/>
      </object_component>
      <object_component id="oc-27b">
         <name>.debug_info</name>
         <load_address>0x7725</load_address>
         <run_address>0x7725</run_address>
         <size>0x121</size>
         <input_file_ref idref="fl-44"/>
      </object_component>
      <object_component id="oc-182">
         <name>.debug_info</name>
         <load_address>0x7846</load_address>
         <run_address>0x7846</run_address>
         <size>0x180</size>
         <input_file_ref idref="fl-47"/>
      </object_component>
      <object_component id="oc-111">
         <name>.debug_info</name>
         <load_address>0x79c6</load_address>
         <run_address>0x79c6</run_address>
         <size>0x179</size>
         <input_file_ref idref="fl-47"/>
      </object_component>
      <object_component id="oc-2f6">
         <name>.debug_info</name>
         <load_address>0x7b3f</load_address>
         <run_address>0x7b3f</run_address>
         <size>0x16c</size>
         <input_file_ref idref="fl-48"/>
      </object_component>
      <object_component id="oc-25c">
         <name>.debug_info</name>
         <load_address>0x7cab</load_address>
         <run_address>0x7cab</run_address>
         <size>0x270</size>
         <input_file_ref idref="fl-48"/>
      </object_component>
      <object_component id="oc-391">
         <name>.debug_info</name>
         <load_address>0x7f1b</load_address>
         <run_address>0x7f1b</run_address>
         <size>0x423</size>
         <input_file_ref idref="fl-49"/>
      </object_component>
      <object_component id="oc-37c">
         <name>.debug_info</name>
         <load_address>0x833e</load_address>
         <run_address>0x833e</run_address>
         <size>0x22d</size>
         <input_file_ref idref="fl-49"/>
      </object_component>
      <object_component id="oc-42a">
         <name>.debug_info</name>
         <load_address>0x856b</load_address>
         <run_address>0x856b</run_address>
         <size>0x1b2</size>
         <input_file_ref idref="fl-49"/>
      </object_component>
      <object_component id="oc-42f">
         <name>.debug_info</name>
         <load_address>0x871d</load_address>
         <run_address>0x871d</run_address>
         <size>0x286</size>
         <input_file_ref idref="fl-49"/>
      </object_component>
      <object_component id="oc-3e3">
         <name>.debug_info</name>
         <load_address>0x89a3</load_address>
         <run_address>0x89a3</run_address>
         <size>0x24a</size>
         <input_file_ref idref="fl-49"/>
      </object_component>
      <object_component id="oc-499">
         <name>.debug_info</name>
         <load_address>0x8bed</load_address>
         <run_address>0x8bed</run_address>
         <size>0x3ca</size>
         <input_file_ref idref="fl-49"/>
      </object_component>
      <object_component id="oc-49f">
         <name>.debug_info</name>
         <load_address>0x8fb7</load_address>
         <run_address>0x8fb7</run_address>
         <size>0x1bc</size>
         <input_file_ref idref="fl-49"/>
      </object_component>
      <object_component id="oc-4a5">
         <name>.debug_info</name>
         <load_address>0x9173</load_address>
         <run_address>0x9173</run_address>
         <size>0x21a</size>
         <input_file_ref idref="fl-49"/>
      </object_component>
      <object_component id="oc-448">
         <name>.debug_info</name>
         <load_address>0x938d</load_address>
         <run_address>0x938d</run_address>
         <size>0x26c</size>
         <input_file_ref idref="fl-49"/>
      </object_component>
      <object_component id="oc-4ac">
         <name>.debug_info</name>
         <load_address>0x95f9</load_address>
         <run_address>0x95f9</run_address>
         <size>0x3e1</size>
         <input_file_ref idref="fl-49"/>
      </object_component>
      <object_component id="oc-4b2">
         <name>.debug_info</name>
         <load_address>0x99da</load_address>
[...]
      <symbol id="sm-343">
         <name>__mspabi_cvtdf</name>
         <value>0x732a</value>
         <object_component_ref idref="oc-1ac"/>
      </symbol>
      <symbol id="sm-354">
         <name>__mspabi_cvtfd</name>
         <value>0x76b2</value>
         <object_component_ref idref="oc-1a0"/>
      </symbol>
      <symbol id="sm-37a">
         <name>__mspabi_divd</name>
         <value>0x5bb2</value>
         <object_component_ref idref="oc-1a6"/>
      </symbol>
      <symbol id="sm-383">
         <name>__mspabi_fltud</name>
         <value>0x809c</value>
         <object_component_ref idref="oc-191"/>
      </symbol>
      <symbol id="sm-398">
         <name>__mspabi_fltuld</name>
         <value>0x73b6</value>
         <object_component_ref idref="oc-1ef"/>
      </symbol>
      <symbol id="sm-3b3">
         <name>__TI_frcdivd</name>
         <value>0x4000</value>
         <object_component_ref idref="oc-216"/>
      </symbol>
      <symbol id="sm-3d5">
         <name>__mspabi_mpyd</name>
         <value>0x4fe0</value>
         <object_component_ref idref="oc-197"/>
      </symbol>
      <symbol id="sm-3de">
         <name>__mspabi_subd</name>
         <value>0x7d20</value>
         <object_component_ref idref="oc-4fa"/>
      </symbol>
      <symbol id="sm-3e8">
         <name>C$$EXIT</name>
         <value>0x80a2</value>
         <object_component_ref idref="oc-27a"/>
      </symbol>
      <symbol id="sm-3e9">
         <name>abort</name>
         <value>0x80a2</value>
         <object_component_ref idref="oc-27a"/>
      </symbol>
      <symbol id="sm-3f9">
         <name>memcpy</name>
         <value>0x7fc6</value>
         <object_component_ref idref="oc-110"/>
      </symbol>
      <symbol id="sm-407">
         <name>memset</name>
         <value>0x7f54</value>
         <object_component_ref idref="oc-25a"/>
      </symbol>
      <symbol id="sm-5d8">
         <name>__TI_printfi</name>
         <value>0x4ad2</value>
         <object_component_ref idref="oc-303"/>
      </symbol>
      <symbol id="sm-5f4">
         <name>frexpl</name>
         <value>0x6f6e</value>
         <object_component_ref idref="oc-4b6"/>
      </symbol>
      <symbol id="sm-5f5">
         <name>frexp</name>
         <value>0x6f6e</value>
         <object_component_ref idref="oc-4b6"/>
      </symbol>
      <symbol id="sm-60d">
         <name>scalbn</name>
         <value>0x6692</value>
         <object_component_ref idref="oc-518"/>
      </symbol>
      <symbol id="sm-60e">
         <name>scalbnl</name>
         <value>0x6692</value>
         <object_component_ref idref="oc-518"/>
      </symbol>
      <symbol id="sm-60f">
         <name>ldexpl</name>
         <value>0x6692</value>
         <object_component_ref idref="oc-518"/>
      </symbol>
      <symbol id="sm-610">
         <name>ldexp</name>
         <value>0x6692</value>
         <object_component_ref idref="oc-518"/>
      </symbol>
      <symbol id="sm-619">
         <name>copysign</name>
         <value>0x7d4e</value>
         <object_component_ref idref="oc-549"/>
      </symbol>
      <symbol id="sm-61a">
         <name>copysignl</name>
         <value>0x7d4e</value>
         <object_component_ref idref="oc-549"/>
      </symbol>
      <symbol id="sm-632">
         <name>wcslen</name>
         <value>0x7f7c</value>
         <object_component_ref idref="oc-3f3"/>
      </symbol>
      <symbol id="sm-63a">
         <name>__mspabi_srai</name>
         <value>0x7daa</value>
         <object_component_ref idref="oc-1f6"/>
      </symbol>
      <symbol id="sm-63b">
         <name>__mspabi_srai_8</name>
         <value>0x7dc4</value>
         <object_component_ref idref="oc-1f6"/>
      </symbol>
      <symbol id="sm-63c">
         <name>__mspabi_srai_9</name>
         <value>0x7dc2</value>
         <object_component_ref idref="oc-1f6"/>
      </symbol>
      <symbol id="sm-63d">
         <name>__mspabi_srai_6</name>
         <value>0x7dc8</value>
         <object_component_ref idref="oc-1f6"/>
      </symbol>
      <symbol id="sm-63e">
         <name>__mspabi_srai_7</name>
         <value>0x7dc6</value>
         <object_component_ref idref="oc-1f6"/>
      </symbol>
      <symbol id="sm-63f">
         <name>__mspabi_srai_4</name>
         <value>0x7dcc</value>
         <object_component_ref idref="oc-1f6"/>
      </symbol>
      <symbol id="sm-640">
         <name>__mspabi_srai_5</name>
         <value>0x7dca</value>
         <object_component_ref idref="oc-1f6"/>
      </symbol>
      <symbol id="sm-641">
         <name>__mspabi_srai_2</name>
         <value>0x7dd0</value>
         <object_component_ref idref="oc-1f6"/>
      </symbol>
      <symbol id="sm-642">
         <name>__mspabi_srai_3</name>
         <value>0x7dce</value>
         <object_component_ref idref="oc-1f6"/>
      </symbol>
      <symbol id="sm-643">
         <name>__mspabi_srai_1</name>
         <value>0x7dd2</value>
         <object_component_ref idref="oc-1f6"/>
      </symbol>
      <symbol id="sm-644">
         <name>__mspabi_srai_15</name>
         <value>0x7db6</value>
         <object_component_ref idref="oc-1f6"/>
      </symbol>
      <symbol id="sm-645">
         <name>__mspabi_srai_14</name>
         <value>0x7db8</value>
         <object_component_ref idref="oc-1f6"/>
      </symbol>
      <symbol id="sm-646">
         <name>__mspabi_srai_13</name>
         <value>0x7dba</value>
         <object_component_ref idref="oc-1f6"/>
      </symbol>
      <symbol id="sm-647">
         <name>__mspabi_srai_12</name>
         <value>0x7dbc</value>
         <object_component_ref idref="oc-1f6"/>
      </symbol>
      <symbol id="sm-648">
         <name>__mspabi_srai_11</name>
         <value>0x7dbe</value>
         <object_component_ref idref="oc-1f6"/>
      </symbol>
      <symbol id="sm-649">
         <name>__mspabi_srai_10</name>
         <value>0x7dc0</value>
         <object_component_ref idref="oc-1f6"/>
      </symbol>
      <symbol id="sm-659">
         <name>__mspabi_sral</name>
         <value>0x8008</value>
         <object_component_ref idref="oc-56b"/>
      </symbol>
      <symbol id="sm-65a">
         <name>__mspabi_sral_15</name>
         <value>0x7c06</value>
         <object_component_ref idref="oc-20a"/>
      </symbol>
      <symbol id="sm-65b">
         <name>__mspabi_sral_14</name>
         <value>0x7c0a</value>
         <object_component_ref idref="oc-20a"/>
      </symbol>
      <symbol id="sm-65c">
         <name>__mspabi_sral_13</name>
         <value>0x7c0e</value>
         <object_component_ref idref="oc-20a"/>
      </symbol>
      <symbol id="sm-65d">
         <name>__mspabi_sral_12</name>
         <value>0x7c12</value>
         <object_component_ref idref="oc-20a"/>
      </symbol>
      <symbol id="sm-65e">
         <name>__mspabi_sral_11</name>
         <value>0x7c16</value>
         <object_component_ref idref="oc-20a"/>
      </symbol>
      <symbol id="sm-65f">
         <name>__mspabi_sral_10</name>
         <value>0x7c1a</value>
         <object_component_ref idref="oc-20a"/>
      </symbol>
      <symbol id="sm-660">
         <name>__mspabi_sral_8</name>
         <value>0x7c22</value>
         <object_component_ref idref="oc-20a"/>
      </symbol>
      <symbol id="sm-661">
         <name>__mspabi_sral_9</name>
         <value>0x7c1e</value>
         <object_component_ref idref="oc-20a"/>
      </symbol>
      <symbol id="sm-662">
         <name>__mspabi_sral_6</name>
         <value>0x7c2a</value>
         <object_component_ref idref="oc-20a"/>
      </symbol>
      <symbol id="sm-663">
         <name>__mspabi_sral_7</name>
         <value>0x7c26</value>
         <object_component_ref idref="oc-20a"/>
      </symbol>
      <symbol id="sm-664">
         <name>__mspabi_sral_4</name>
         <value>0x7c32</value>
         <object_component_ref idref="oc-20a"/>
      </symbol>
      <symbol id="sm-665">
         <name>__mspabi_sral_5</name>
         <value>0x7c2e</value>
         <object_component_ref idref="oc-20a"/>
      </symbol>
      <symbol id="sm-666">
         <name>__mspabi_sral_2</name>
         <value>0x7c3a</value>
         <object_component_ref idref="oc-20a"/>
      </symbol>
      <symbol id="sm-667">
         <name>__mspabi_sral_3</name>
         <value>0x7c36</value>
         <object_component_ref idref="oc-20a"/>
      </symbol>
      <symbol id="sm-668">
         <name>__mspabi_sral_1</name>
         <value>0x7c3e</value>
         <object_component_ref idref="oc-20a"/>
      </symbol>
      <symbol id="sm-672">
         <name>__mspabi_remu</name>
         <value>0x7f2a</value>
         <object_component_ref idref="oc-481"/>
      </symbol>
      <symbol id="sm-673">
         <name>__mspabi_divu</name>
         <value>0x7f2a</value>
         <object_component_ref idref="oc-481"/>
      </symbol>
      <symbol id="sm-683">
         <name>__mspabi_slll_9</name>
         <value>0x7c5c</value>
         <object_component_ref idref="oc-21e"/>
      </symbol>
      <symbol id="sm-684">
         <name>__mspabi_slll_8</name>
         <value>0x7c60</value>
         <object_component_ref idref="oc-21e"/>
      </symbol>
      <symbol id="sm-685">
         <name>__mspabi_slll_7</name>
         <value>0x7c64</value>
         <object_component_ref idref="oc-21e"/>
      </symbol>
      <symbol id="sm-686">
         <name>__mspabi_slll_6</name>
         <value>0x7c68</value>
         <object_component_ref idref="oc-21e"/>
      </symbol>
      <symbol id="sm-687">
         <name>__mspabi_slll_5</name>
         <value>0x7c6c</value>
         <object_component_ref idref="oc-21e"/>
      </symbol>
      <symbol id="sm-688">
         <name>__mspabi_slll_4</name>
         <value>0x7c70</value>
         <object_component_ref idref="oc-21e"/>
      </symbol>
      <symbol id="sm-689">
         <name>__mspabi_slll_3</name>
         <value>0x7c74</value>
         <object_component_ref idref="oc-21e"/>
      </symbol>
      <symbol id="sm-68a">
         <name>__mspabi_slll_2</name>
         <value>0x7c78</value>
         <object_component_ref idref="oc-21e"/>
      </symbol>
      <symbol id="sm-68b">
         <name>__mspabi_slll_1</name>
         <value>0x7c7c</value>
         <object_component_ref idref="oc-21e"/>
      </symbol>
      <symbol id="sm-68c">
         <name>__mspabi_slll</name>
         <value>0x8018</value>
         <object_component_ref idref="oc-566"/>
      </symbol>
      <symbol id="sm-68d">
         <name>__mspabi_slll_15</name>
         <value>0x7c44</value>
         <object_component_ref idref="oc-21e"/>
      </symbol>
      <symbol id="sm-68e">
         <name>__mspabi_slll_14</name>
         <value>0x7c48</value>
         <object_component_ref idref="oc-21e"/>
      </symbol>
      <symbol id="sm-68f">
         <name>__mspabi_slll_13</name>
         <value>0x7c4c</value>
         <object_component_ref idref="oc-21e"/>
      </symbol>
      <symbol id="sm-690">
         <name>__mspabi_slll_12</name>
         <value>0x7c50</value>
         <object_component_ref idref="oc-21e"/>
      </symbol>
      <symbol id="sm-691">
         <name>__mspabi_slll_11</name>
         <value>0x7c54</value>
         <object_component_ref idref="oc-21e"/>
      </symbol>
      <symbol id="sm-692">
         <name>__mspabi_slll_10</name>
         <value>0x7c58</value>
         <object_component_ref idref="oc-21e"/>
      </symbol>
      <symbol id="sm-69a">
         <name>__mspabi_srli_8</name>
         <value>0x79ba</value>
         <object_component_ref idref="oc-fb"/>
      </symbol>
      <symbol id="sm-69b">
         <name>__mspabi_srli_9</name>
         <value>0x79b6</value>
         <object_component_ref idref="oc-fb"/>
      </symbol>
      <symbol id="sm-69c">
         <name>__mspabi_srli_6</name>
         <value>0x79c2</value>
         <object_component_ref idref="oc-fb"/>
      </symbol>
      <symbol id="sm-69d">
         <name>__mspabi_srli_7</name>
         <value>0x79be</value>
         <object_component_ref idref="oc-fb"/>
      </symbol>
      <symbol id="sm-69e">
         <name>__mspabi_srli_4</name>
         <value>0x79ca</value>
         <object_component_ref idref="oc-fb"/>
      </symbol>
      <symbol id="sm-69f">
         <name>__mspabi_srli_5</name>
         <value>0x79c6</value>
         <object_component_ref idref="oc-fb"/>
      </symbol>
      <symbol id="sm-6a0">
         <name>__mspabi_srli_2</name>
         <value>0x79d2</value>
         <object_component_ref idref="oc-fb"/>
      </symbol>
      <symbol id="sm-6a1">
         <name>__mspabi_srli_3</name>
         <value>0x79ce</value>
         <object_component_ref idref="oc-fb"/>
      </symbol>
      <symbol id="sm-6a2">
         <name>__mspabi_srli_1</name>
         <value>0x79d6</value>
         <object_component_ref idref="oc-fb"/>
      </symbol>
      <symbol id="sm-6a3">
         <name>__mspabi_srli</name>
         <value>0x7990</value>
         <object_component_ref idref="oc-fb"/>
      </symbol>
      <symbol id="sm-6a4">
         <name>__mspabi_srli_15</name>
         <value>0x799e</value>
         <object_component_ref idref="oc-fb"/>
      </symbol>
      <symbol id="sm-6a5">
         <name>__mspabi_srli_14</name>
         <value>0x79a2</value>
         <object_component_ref idref="oc-fb"/>
      </symbol>
      <symbol id="sm-6a6">
         <name>__mspabi_srli_13</name>
         <value>0x79a6</value>
         <object_component_ref idref="oc-fb"/>
      </symbol>
      <symbol id="sm-6a7">
         <name>__mspabi_srli_12</name>
         <value>0x79aa</value>
         <object_component_ref idref="oc-fb"/>
      </symbol>
      <symbol id="sm-6a8">
         <name>__mspabi_srli_11</name>
         <value>0x79ae</value>
         <object_component_ref idref="oc-fb"/>
      </symbol>
      <symbol id="sm-6a9">
         <name>__mspabi_srli_10</name>
         <value>0x79b2</value>
         <object_component_ref idref="oc-fb"/>
      </symbol>
      <symbol id="sm-6b9">
         <name>__mspabi_srll_8</name>
         <value>0x780e</value>
         <object_component_ref idref="oc-2b9"/>
      </symbol>
      <symbol id="sm-6ba">
         <name>__mspabi_srll_9</name>
         <value>0x7808</value>
         <object_component_ref idref="oc-2b9"/>
      </symbol>
      <symbol id="sm-6bb">
         <name>__mspabi_srll_6</name>
         <value>0x781a</value>
         <object_component_ref idref="oc-2b9"/>
      </symbol>
      <symbol id="sm-6bc">
         <name>__mspabi_srll_7</name>
         <value>0x7814</value>
         <object_component_ref idref="oc-2b9"/>
      </symbol>
      <symbol id="sm-6bd">
         <name>__mspabi_srll_4</name>
         <value>0x7826</value>
         <object_component_ref idref="oc-2b9"/>
      </symbol>
      <symbol id="sm-6be">
         <name>__mspabi_srll_5</name>
         <value>0x7820</value>
         <object_component_ref idref="oc-2b9"/>
      </symbol>
      <symbol id="sm-6bf">
         <name>__mspabi_srll_2</name>
         <value>0x7832</value>
         <object_component_ref idref="oc-2b9"/>
      </symbol>
      <symbol id="sm-6c0">
         <name>__mspabi_srll_3</name>
         <value>0x782c</value>
         <object_component_ref idref="oc-2b9"/>
      </symbol>
      <symbol id="sm-6c1">
         <name>__mspabi_srll_1</name>
         <value>0x7838</value>
         <object_component_ref idref="oc-2b9"/>
      </symbol>
      <symbol id="sm-6c2">
         <name>__mspabi_srll_15</name>
         <value>0x77e4</value>
         <object_component_ref idref="oc-2b9"/>
      </symbol>
      <symbol id="sm-6c3">
         <name>__mspabi_srll_14</name>
         <value>0x77ea</value>
         <object_component_ref idref="oc-2b9"/>
      </symbol>
      <symbol id="sm-6c4">
         <name>__mspabi_srll_13</name>
         <value>0x77f0</value>
         <object_component_ref idref="oc-2b9"/>
      </symbol>
      <symbol id="sm-6c5">
         <name>__mspabi_srll_12</name>
         <value>0x77f6</value>
         <object_component_ref idref="oc-2b9"/>
      </symbol>
      <symbol id="sm-6c6">
         <name>__mspabi_srll_11</name>
         <value>0x77fc</value>
         <object_component_ref idref="oc-2b9"/>
      </symbol>
      <symbol id="sm-6c7">
         <name>__mspabi_srll_10</name>
         <value>0x7802</value>
         <object_component_ref idref="oc-2b9"/>
      </symbol>
      <symbol id="sm-6c8">
         <name>__mspabi_srll</name>
         <value>0x7fb4</value>
         <object_component_ref idref="oc-4d7"/>
      </symbol>
      <symbol id="sm-6d6">
         <name>__mspabi_srlll</name>
         <value>0x7ab2</value>
         <object_component_ref idref="oc-486"/>
      </symbol>
      <symbol id="sm-709">
         <name>__mspabi_divull</name>
         <value>0x4478</value>
         <object_component_ref idref="oc-476"/>
      </symbol>
      <symbol id="sm-72b">
         <name>__mspabi_addd</name>
         <value>0x47d8</value>
         <object_component_ref idref="oc-539"/>
      </symbol>
      <symbol id="sm-745">
         <name>__mspabi_cmpd</name>
         <value>0x6c4e</value>
         <object_component_ref idref="oc-45c"/>
      </symbol>
      <symbol id="sm-752">
         <name>__mspabi_fixdi</name>
         <value>0x7e7c</value>
         <object_component_ref idref="oc-500"/>
      </symbol>
      <symbol id="sm-761">
         <name>__mspabi_fixdli</name>
         <value>0x7640</value>
         <object_component_ref idref="oc-4e8"/>
      </symbol>
      <symbol id="sm-76a">
         <name>__mspabi_fltid</name>
         <value>0x8060</value>
         <object_component_ref idref="oc-524"/>
      </symbol>
      <symbol id="sm-781">
         <name>__mspabi_fltlid</name>
         <value>0x701e</value>
         <object_component_ref idref="oc-4f4"/>
      </symbol>
      <symbol id="sm-7a2">
         <name>__TI_frcaddd</name>
         <value>0x54bc</value>
         <object_component_ref idref="oc-559"/>
      </symbol>
      <symbol id="sm-7b2">
         <name>__TI_frcmpyd</name>
         <value>0x4d5a</value>
         <object_component_ref idref="oc-1fb"/>
      </symbol>
      <symbol id="sm-7bb">
         <name>__mspabi_negd</name>
         <value>0x7e02</value>
         <object_component_ref idref="oc-43e"/>
      </symbol>
      <symbol id="sm-7ce">
         <name>__TI_renormd</name>
         <value>0x6eb0</value>
         <object_component_ref idref="oc-570"/>
      </symbol>
      <symbol id="sm-7e1">
         <name>atoi</name>
         <value>0x78f0</value>
         <object_component_ref idref="oc-3d7"/>
      </symbol>
      <symbol id="sm-7eb">
         <name>_ctypes_</name>
         <value>0x80ae</value>
         <object_component_ref idref="oc-421"/>
      </symbol>
      <symbol id="sm-7fa">
         <name>ltoa</name>
         <value>0x74c6</value>
         <object_component_ref idref="oc-4ee"/>
      </symbol>
      <symbol id="sm-809">
         <name>memccpy</name>
         <value>0x7ef6</value>
         <object_component_ref idref="oc-3eb"/>
      </symbol>
      <symbol id="sm-818">
         <name>strchr</name>
         <value>0x7f10</value>
         <object_component_ref idref="oc-51e"/>
      </symbol>
      <symbol id="sm-825">
         <name>strlen</name>
         <value>0x8046</value>
         <object_component_ref idref="oc-372"/>
      </symbol>
      <symbol id="sm-832">
         <name>toupper</name>
         <value>0x8078</value>
         <object_component_ref idref="oc-438"/>
      </symbol>
      <symbol id="sm-83c">
         <name>abs</name>
         <value>0x8084</value>
         <object_component_ref idref="oc-507"/>
      </symbol>
      <symbol id="sm-843">
         <name>errno</name>
         <value>0x1144</value>
         <object_component_ref idref="oc-3f9"/>
      </symbol>
      <symbol id="sm-850">
         <name>__mspabi_sllll</name>
         <value>0x7b82</value>
         <object_component_ref idref="oc-4d1"/>
      </symbol>
   </symbol_table>
   <title>Link successful</title>
</link_info>
