******************************************************************************
                  MSP430 Linker PC v18.12.4                    
******************************************************************************
>> Linked Sat Apr 11 09:47:02 2020

OUTPUT FILE NAME:   <MSP430-leds.out>
ENTRY POINT SYMBOL: "_c_int00_noargs"  address: 00004784


MEMORY CONFIGURATION

         name            origin    length      used     unused   attr    fill
----------------------  --------  ---------  --------  --------  ----  --------
  SFR                   00000000   00000010  00000000  00000010  RWIX
  PERIPHERALS_8BIT      00000010   000000f0  00000000  000000f0  RWIX
  PERIPHERALS_16BIT     00000100   00000100  00000000  00000100  RWIX
  INFOB                 00001000   00000080  00000000  00000080  RWIX
  INFOA                 00001080   00000080  00000000  00000080  RWIX
  RAM                   00001100   00002800  00000073  0000278d  RWIX
  FLASH                 00004000   0000bfe0  00000850  0000b790  RWIX
  INT00                 0000ffe0   00000002  00000002  00000000  RWIX
  INT01                 0000ffe2   00000002  00000002  00000000  RWIX
  INT02                 0000ffe4   00000002  00000002  00000000  RWIX
  INT03                 0000ffe6   00000002  00000002  00000000  RWIX
  INT04                 0000ffe8   00000002  00000002  00000000  RWIX
  INT05                 0000ffea   00000002  00000002  00000000  RWIX
  INT06                 0000ffec   00000002  00000002  00000000  RWIX
  INT07                 0000ffee   00000002  00000002  00000000  RWIX
  INT08                 0000fff0   00000002  00000002  00000000  RWIX
  INT09                 0000fff2   00000002  00000002  00000000  RWIX
  INT10                 0000fff4   00000002  00000002  00000000  RWIX
  INT11                 0000fff6   00000002  00000002  00000000  RWIX
  INT12                 0000fff8   00000002  00000002  00000000  RWIX
  INT13                 0000fffa   00000002  00000002  00000000  RWIX
  INT14                 0000fffc   00000002  00000002  00000000  RWIX
  RESET                 0000fffe   00000002  00000002  00000000  RWIX


SECTION ALLOCATION MAP

 output                                  attributes/
section   page    origin      length       input sections
--------  ----  ----------  ----------   ----------------
.data      0    00001100    00000014     UNINITIALIZED
                  00001100    0000000c     keys.obj (.data:table_keys)
                  0000110c    00000006     main.obj (.data)
                  00001112    00000001     keys.obj (.data)
                  00001113    00000001     leds.obj (.data)

.bss       0    00001114    0000000f     UNINITIALIZED
                  00001114    00000002     (.common:BufRptr)
                  00001116    00000002     (.common:BufTptr)
                  00001118    00000002     (.common:Rx_Data)
                  0000111a    00000002     (.common:Tx_Data)
                  0000111c    00000002     (.common:wait_i)
                  0000111e    00000002     (.common:wait_j)
                  00001120    00000001     (.common:key)
                  00001121    00000001     (.common:keycol)
                  00001122    00000001     (.common:keyline)

.stack     0    000038b0    00000050     UNINITIALIZED
                  000038b0    00000002     rts430_eabi.lib : boot.c.obj (.stack)
                  000038b2    0000004e     --HOLE--

.text      0    00004000    0000082a     
                  00004000    000000f0     leds.obj (.text:LED_fx3)
                  000040f0    000000aa     keys.obj (.text:KEYS_scannow)
                  0000419a    00000088     leds.obj (.text:LED_fx2)
                  00004222    0000007e     leds.obj (.text:LED_fx1)
                  000042a0    0000007c     rts430_eabi.lib : copy_decompress_lzss.c.obj (.text:decompress:lzss:__TI_decompress_lzss)
                  0000431c    00000068     main.obj (.text:main)
                  00004384    00000062     I2C.obj (.text:I2C_ISR)
                  000043e6    00000060     main.obj (.text:scan_key)
                  00004446    00000058     rts430_eabi.lib : autoinit.c.obj (.text:__TI_auto_init_nobinit_nopinit_hold_wdt:__TI_auto_init_nobinit_nopinit_hold_wdt)
                  0000449e    0000004e     I2C.obj (.text:Receive_I2C)
                  000044ec    0000004c     rts430_eabi.lib : lsr16.asm.obj (.text)
                  00004538    0000004a     main.obj (.text:Custom_Speed_Init_I2C)
                  00004582    0000004a     I2C.obj (.text:Send_I2C)
                  000045cc    00000046     I2C.obj (.text:Init_I2C)
                  00004612    00000036     leds.obj (.text:LED_convert)
                  00004648    00000036     sysfunc.obj (.text:wait_1ms)
                  0000467e    0000002e     I2C.obj (.text:I2C_ReadByte)
                  000046ac    0000002c     rts430_eabi.lib : lsl16.asm.obj (.text)
                  000046d8    00000028     I2C.obj (.text:I2C_WriteByte)
                  00004700    00000028     leds.obj (.text:LED_out)
                  00004728    00000020     main.obj (.text:reset_keyboard)
                  00004748    0000001e     leds.obj (.text:LED_reset)
                  00004766    0000001e     leds.obj (.text:LED_set)
                  00004784    0000001c     rts430_eabi.lib : boot.c.obj (.text:_c_int00_noargs)
                  000047a0    00000014                     : copy_zero_init.c.obj (.text:decompress:ZI:__TI_zero_init_nomemset:__TI_zero_init_nomemset)
                  000047b4    00000014                     : mult16_hw.asm.obj (.text)
                  000047c8    00000012                     : copy_decompress_none.c.obj (.text:decompress:none:__TI_decompress_none)
                  000047da    00000012                     : memcpy.c.obj (.text:memcpy)
                  000047ec    00000010                     : epilog.asm.obj (.text)
                  000047fc    0000000c     main.obj (.text:keyboard_interrupt)
                  00004808    00000008     leds.obj (.text:LED_clear)
                  00004810    00000008     rts430_eabi.lib : isr_trap.asm.obj (.text:_isr:__TI_ISR_TRAP)
                  00004818    00000006     msp430_initialize_unused_interrrupt_vectors.obj (.text:ISR_trap)
                  0000481e    00000006     rts430_eabi.lib : exit.c.obj (.text:abort)
                  00004824    00000004                     : pre_init.c.obj (.text:_system_pre_init)
                  00004828    00000002                     : startup.c.obj (.text:_system_post_cinit)

.cinit     0    0000482a    00000026     
                  0000482a    00000014     (.cinit..data.load) [load image, compression = lzss]
                  0000483e    00000006     (__TI_handler_table)
                  00004844    00000004     (.cinit..bss.load) [load image, compression = zero_init]
                  00004848    00000008     (__TI_cinit_table)

.init_array 
*          0    00004000    00000000     UNINITIALIZED

DACDMA     0    0000ffe0    00000002     
                  0000ffe0    00000002     msp430_initialize_unused_interrrupt_vectors.obj (.int00)

PORT2      0    0000ffe2    00000002     
                  0000ffe2    00000002     msp430_initialize_unused_interrrupt_vectors.obj (.int01)

USART1TX   0    0000ffe4    00000002     
                  0000ffe4    00000002     msp430_initialize_unused_interrrupt_vectors.obj (.int02)

USART1RX   0    0000ffe6    00000002     
                  0000ffe6    00000002     msp430_initialize_unused_interrrupt_vectors.obj (.int03)

PORT1      0    0000ffe8    00000002     
                  0000ffe8    00000002     main.obj (.int04)

TIMERA1    0    0000ffea    00000002     
                  0000ffea    00000002     msp430_initialize_unused_interrrupt_vectors.obj (.int05)

TIMERA0    0    0000ffec    00000002     
                  0000ffec    00000002     msp430_initialize_unused_interrrupt_vectors.obj (.int06)

ADC12      0    0000ffee    00000002     
                  0000ffee    00000002     msp430_initialize_unused_interrrupt_vectors.obj (.int07)

USART0TX   0    0000fff0    00000002     
                  0000fff0    00000002     I2C.obj (.int08)

USART0RX   0    0000fff2    00000002     
                  0000fff2    00000002     rts430_eabi.lib : int09.asm.obj (.int09)

WDT        0    0000fff4    00000002     
                  0000fff4    00000002     msp430_initialize_unused_interrrupt_vectors.obj (.int10)

COMPARATORA 
*          0    0000fff6    00000002     
                  0000fff6    00000002     msp430_initialize_unused_interrrupt_vectors.obj (.int11)

TIMERB1    0    0000fff8    00000002     
                  0000fff8    00000002     msp430_initialize_unused_interrrupt_vectors.obj (.int12)

TIMERB0    0    0000fffa    00000002     
                  0000fffa    00000002     msp430_initialize_unused_interrrupt_vectors.obj (.int13)

NMI        0    0000fffc    00000002     
                  0000fffc    00000002     msp430_initialize_unused_interrrupt_vectors.obj (.int14)

.reset     0    0000fffe    00000002     
                  0000fffe    00000002     rts430_eabi.lib : boot.c.obj (.reset)

MODULE SUMMARY

       Module                                            code   ro data   rw data
       ------                                            ----   -------   -------
    .\
       leds.obj                                          664    0         1      
       I2C.obj                                           406    2         0      
       main.obj                                          318    2         19     
       keys.obj                                          170    0         15     
       sysfunc.obj                                       54     0         0      
       msp430_initialize_unused_interrrupt_vectors.obj   6      24        0      
    +--+-------------------------------------------------+------+---------+---------+
       Total:                                            1618   28        35     
                                                                                 
    C:\ti\ccs930\ccs\tools\compiler\ti-cgt-msp430_18.12.4.LTS\lib\rts430_eabi.lib
       copy_decompress_lzss.c.obj                        124    0         0      
       autoinit.c.obj                                    88     0         0      
       lsr16.asm.obj                                     76     0         0      
       lsl16.asm.obj                                     44     0         0      
       boot.c.obj                                        28     2         0      
       copy_zero_init.c.obj                              20     0         0      
       mult16_hw.asm.obj                                 20     0         0      
       copy_decompress_none.c.obj                        18     0         0      
       memcpy.c.obj                                      18     0         0      
       epilog.asm.obj                                    16     0         0      
       isr_trap.asm.obj                                  8      0         0      
       exit.c.obj                                        6      0         0      
       pre_init.c.obj                                    4      0         0      
       int09.asm.obj                                     0      2         0      
       startup.c.obj                                     2      0         0      
    +--+-------------------------------------------------+------+---------+---------+
       Total:                                            472    4         0      
                                                                                 
       Stack:                                            0      0         80     
       Linker Generated:                                 0      38        0      
    +--+-------------------------------------------------+------+---------+---------+
       Grand Total:                                      2090   70        115    


LINKER GENERATED COPY TABLES

__TI_cinit_table @ 00004848 records: 2, size/record: 4, table size: 8
	.data: load addr=0000482a, load size=00000014 bytes, run addr=00001100, run size=00000014 bytes, compression=lzss
	.bss: load addr=00004844, load size=00000004 bytes, run addr=00001114, run size=0000000f bytes, compression=zero_init


LINKER GENERATED HANDLER TABLE

__TI_handler_table @ 0000483e records: 3, size/record: 2, table size: 6
	index: 0, handler: __TI_zero_init
	index: 1, handler: __TI_decompress_lzss
	index: 2, handler: __TI_decompress_none


GLOBAL SYMBOLS: SORTED ALPHABETICALLY BY Name 

address   name                                   
-------   ----                                   
000001a0  ADC12CTL0                              
000001a2  ADC12CTL1                              
000001a6  ADC12IE                                
000001a4  ADC12IFG                               
000001a8  ADC12IV                                
00000080  ADC12MCTL0                             
00000081  ADC12MCTL1                             
0000008a  ADC12MCTL10                            
0000008b  ADC12MCTL11                            
0000008c  ADC12MCTL12                            
0000008d  ADC12MCTL13                            
0000008e  ADC12MCTL14                            
0000008f  ADC12MCTL15                            
00000082  ADC12MCTL2                             
00000083  ADC12MCTL3                             
00000084  ADC12MCTL4                             
00000085  ADC12MCTL5                             
00000086  ADC12MCTL6                             
00000087  ADC12MCTL7                             
00000088  ADC12MCTL8                             
00000089  ADC12MCTL9                             
00000140  ADC12MEM0                              
00000142  ADC12MEM1                              
00000154  ADC12MEM10                             
00000156  ADC12MEM11                             
00000158  ADC12MEM12                             
0000015a  ADC12MEM13                             
0000015c  ADC12MEM14                             
0000015e  ADC12MEM15                             
00000144  ADC12MEM2                              
00000146  ADC12MEM3                              
00000148  ADC12MEM4                              
0000014a  ADC12MEM5                              
0000014c  ADC12MEM6                              
0000014e  ADC12MEM7                              
00000150  ADC12MEM8                              
00000152  ADC12MEM9                              
00000057  BCSCTL1                                
00000058  BCSCTL2                                
00001114  BufRptr                                
00001116  BufTptr                                
0000481e  C$$EXIT                                
00000059  CACTL1                                 
0000005a  CACTL2                                 
0000005b  CAPD                                   
00004538  Custom_Speed_Init_I2C                  
000001c0  DAC12_0CTL                             
000001c8  DAC12_0DAT                             
000001c2  DAC12_1CTL                             
000001ca  DAC12_1DAT                             
00000056  DCOCTL                                 
000001e0  DMA0CTL                                
000001e4  DMA0DA                                 
000001e2  DMA0SA                                 
000001e6  DMA0SZ                                 
000001e8  DMA1CTL                                
000001ec  DMA1DA                                 
000001ea  DMA1SA                                 
000001ee  DMA1SZ                                 
000001f0  DMA2CTL                                
000001f4  DMA2DA                                 
000001f2  DMA2SA                                 
000001f6  DMA2SZ                                 
00000122  DMACTL0                                
00000124  DMACTL1                                
00000128  FCTL1                                  
0000012a  FCTL2                                  
0000012c  FCTL3                                  
00000072  I2CDCTL                                
00000076  I2CDRB                                 
00000076  I2CDRW                                 
00000050  I2CIE                                  
00000051  I2CIFG                                 
0000011c  I2CIV                                  
00000052  I2CNDAT                                
00000118  I2COA                                  
00000073  I2CPSC                                 
0000011a  I2CSA                                  
00000074  I2CSCLH                                
00000075  I2CSCLL                                
00000071  I2CTCTL                                
00004384  I2C_ISR                                
0000467e  I2C_ReadByte                           
000046d8  I2C_WriteByte                          
00000000  IE1                                    
00000001  IE2                                    
00000002  IFG1                                   
00000003  IFG2                                   
00004818  ISR_trap                               
000045cc  Init_I2C                               
00001112  KEYS_last                              
000040f0  KEYS_scannow                           
00004808  LED_clear                              
00001113  LED_config                             
00004612  LED_convert                            
00004222  LED_fx1                                
0000419a  LED_fx2                                
00004000  LED_fx3                                
00004700  LED_out                                
00004748  LED_reset                              
00004766  LED_set                                
00000134  MAC                                    
00000136  MACS                                   
00000004  ME1                                    
00000005  ME2                                    
00000130  MPY                                    
00000132  MPYS                                   
00000138  OP2                                    
00000022  P1DIR                                  
00000025  P1IE                                   
00000024  P1IES                                  
00000023  P1IFG                                  
00000020  P1IN                                   
00000021  P1OUT                                  
00000026  P1SEL                                  
0000002a  P2DIR                                  
0000002d  P2IE                                   
0000002c  P2IES                                  
0000002b  P2IFG                                  
00000028  P2IN                                   
00000029  P2OUT                                  
0000002e  P2SEL                                  
0000001a  P3DIR                                  
00000018  P3IN                                   
00000019  P3OUT                                  
0000001b  P3SEL                                  
0000001e  P4DIR                                  
0000001c  P4IN                                   
0000001d  P4OUT                                  
0000001f  P4SEL                                  
00000032  P5DIR                                  
00000030  P5IN                                   
00000031  P5OUT                                  
00000033  P5SEL                                  
00000036  P6DIR                                  
00000034  P6IN                                   
00000035  P6OUT                                  
00000037  P6SEL                                  
0000013c  RESHI                                  
0000013a  RESLO                                  
0000449e  Receive_I2C                            
00001118  Rx_Data                                
0000013e  SUMEXT                                 
00000055  SVSCTL                                 
00004582  Send_I2C                               
00000172  TACCR0                                 
00000174  TACCR1                                 
00000176  TACCR2                                 
00000162  TACCTL0                                
00000164  TACCTL1                                
00000166  TACCTL2                                
00000160  TACTL                                  
0000012e  TAIV                                   
00000170  TAR                                    
00000192  TBCCR0                                 
00000194  TBCCR1                                 
00000196  TBCCR2                                 
00000198  TBCCR3                                 
0000019a  TBCCR4                                 
0000019c  TBCCR5                                 
0000019e  TBCCR6                                 
00000182  TBCCTL0                                
00000184  TBCCTL1                                
00000186  TBCCTL2                                
00000188  TBCCTL3                                
0000018a  TBCCTL4                                
0000018c  TBCCTL5                                
0000018e  TBCCTL6                                
00000180  TBCTL                                  
0000011e  TBIV                                   
00000190  TBR                                    
0000111a  Tx_Data                                
00000074  U0BR0                                  
00000075  U0BR1                                  
00000070  U0CTL                                  
00000073  U0MCTL                                 
00000072  U0RCTL                                 
00000076  U0RXBUF                                
00000071  U0TCTL                                 
00000077  U0TXBUF                                
0000007c  U1BR0                                  
0000007d  U1BR1                                  
00000078  U1CTL                                  
0000007b  U1MCTL                                 
0000007a  U1RCTL                                 
0000007e  U1RXBUF                                
00000079  U1TCTL                                 
0000007f  U1TXBUF                                
00000120  WDTCTL                                 
00003900  __STACK_END                            
00000050  __STACK_SIZE                           
00004848  __TI_CINIT_Base                        
00004850  __TI_CINIT_Limit                       
0000483e  __TI_Handler_Table_Base                
00004844  __TI_Handler_Table_Limit               
00004810  __TI_ISR_TRAP                          
00004446  __TI_auto_init_nobinit_nopinit_hold_wdt
000042a0  __TI_decompress_lzss                   
000047c8  __TI_decompress_none                   
0000ffe0  __TI_int00                             
0000ffe2  __TI_int01                             
0000ffe4  __TI_int02                             
0000ffe6  __TI_int03                             
0000ffe8  __TI_int04                             
0000ffea  __TI_int05                             
0000ffec  __TI_int06                             
0000ffee  __TI_int07                             
0000fff0  __TI_int08                             
0000fff2  __TI_int09                             
0000fff4  __TI_int10                             
0000fff6  __TI_int11                             
0000fff8  __TI_int12                             
0000fffa  __TI_int13                             
0000fffc  __TI_int14                             
ffffffff  __TI_pprof_out_hndl                    
ffffffff  __TI_prof_data_size                    
ffffffff  __TI_prof_data_start                   
000047a0  __TI_zero_init_nomemset                
ffffffff  __c_args__                             
000047f8  __mspabi_func_epilog_1                 
000047f6  __mspabi_func_epilog_2                 
000047f4  __mspabi_func_epilog_3                 
000047f2  __mspabi_func_epilog_4                 
000047f0  __mspabi_func_epilog_5                 
000047ee  __mspabi_func_epilog_6                 
000047ec  __mspabi_func_epilog_7                 
000047b4  __mspabi_mpyi_hw                       
000046ac  __mspabi_slli                          
000046d4  __mspabi_slli_1                        
000046c2  __mspabi_slli_10                       
000046c0  __mspabi_slli_11                       
000046be  __mspabi_slli_12                       
000046bc  __mspabi_slli_13                       
000046ba  __mspabi_slli_14                       
000046b8  __mspabi_slli_15                       
000046d2  __mspabi_slli_2                        
000046d0  __mspabi_slli_3                        
000046ce  __mspabi_slli_4                        
000046cc  __mspabi_slli_5                        
000046ca  __mspabi_slli_6                        
000046c8  __mspabi_slli_7                        
000046c6  __mspabi_slli_8                        
000046c4  __mspabi_slli_9                        
000044ec  __mspabi_srli                          
00004532  __mspabi_srli_1                        
0000450e  __mspabi_srli_10                       
0000450a  __mspabi_srli_11                       
00004506  __mspabi_srli_12                       
00004502  __mspabi_srli_13                       
000044fe  __mspabi_srli_14                       
000044fa  __mspabi_srli_15                       
0000452e  __mspabi_srli_2                        
0000452a  __mspabi_srli_3                        
00004526  __mspabi_srli_4                        
00004522  __mspabi_srli_5                        
0000451e  __mspabi_srli_6                        
0000451a  __mspabi_srli_7                        
00004516  __mspabi_srli_8                        
00004512  __mspabi_srli_9                        
00004784  _c_int00_noargs                        
0000110e  _key                                   
0000fffe  _reset_vector                          
000038b0  _stack                                 
00004828  _system_post_cinit                     
00004824  _system_pre_init                       
0000481e  abort                                  
00001110  delay                                  
00001120  key                                    
0000110d  key_press                              
000047fc  keyboard_interrupt                     
00001121  keycol                                 
00001122  keyline                                
0000431c  main                                   
000047da  memcpy                                 
00004728  reset_keyboard                         
000043e6  scan_key                               
0000110c  state                                  
00001100  table_keys                             
00004648  wait_1ms                               
0000111c  wait_i                                 
0000111e  wait_j                                 


GLOBAL SYMBOLS: SORTED BY Symbol Address 

address   name                                   
-------   ----                                   
00000000  IE1                                    
00000001  IE2                                    
00000002  IFG1                                   
00000003  IFG2                                   
00000004  ME1                                    
00000005  ME2                                    
00000018  P3IN                                   
00000019  P3OUT                                  
0000001a  P3DIR                                  
0000001b  P3SEL                                  
0000001c  P4IN                                   
0000001d  P4OUT                                  
0000001e  P4DIR                                  
0000001f  P4SEL                                  
00000020  P1IN                                   
00000021  P1OUT                                  
00000022  P1DIR                                  
00000023  P1IFG                                  
00000024  P1IES                                  
00000025  P1IE                                   
00000026  P1SEL                                  
00000028  P2IN                                   
00000029  P2OUT                                  
0000002a  P2DIR                                  
0000002b  P2IFG                                  
0000002c  P2IES                                  
0000002d  P2IE                                   
0000002e  P2SEL                                  
00000030  P5IN                                   
00000031  P5OUT                                  
00000032  P5DIR                                  
00000033  P5SEL                                  
00000034  P6IN                                   
00000035  P6OUT                                  
00000036  P6DIR                                  
00000037  P6SEL                                  
00000050  I2CIE                                  
00000050  __STACK_SIZE                           
00000051  I2CIFG                                 
00000052  I2CNDAT                                
00000055  SVSCTL                                 
00000056  DCOCTL                                 
00000057  BCSCTL1                                
00000058  BCSCTL2                                
00000059  CACTL1                                 
0000005a  CACTL2                                 
0000005b  CAPD                                   
00000070  U0CTL                                  
00000071  I2CTCTL                                
00000071  U0TCTL                                 
00000072  I2CDCTL                                
00000072  U0RCTL                                 
00000073  I2CPSC                                 
00000073  U0MCTL                                 
00000074  I2CSCLH                                
00000074  U0BR0                                  
00000075  I2CSCLL                                
00000075  U0BR1                                  
00000076  I2CDRB                                 
00000076  I2CDRW                                 
00000076  U0RXBUF                                
00000077  U0TXBUF                                
00000078  U1CTL                                  
00000079  U1TCTL                                 
0000007a  U1RCTL                                 
0000007b  U1MCTL                                 
0000007c  U1BR0                                  
0000007d  U1BR1                                  
0000007e  U1RXBUF                                
0000007f  U1TXBUF                                
00000080  ADC12MCTL0                             
00000081  ADC12MCTL1                             
00000082  ADC12MCTL2                             
00000083  ADC12MCTL3                             
00000084  ADC12MCTL4                             
00000085  ADC12MCTL5                             
00000086  ADC12MCTL6                             
00000087  ADC12MCTL7                             
00000088  ADC12MCTL8                             
00000089  ADC12MCTL9                             
0000008a  ADC12MCTL10                            
0000008b  ADC12MCTL11                            
0000008c  ADC12MCTL12                            
0000008d  ADC12MCTL13                            
0000008e  ADC12MCTL14                            
0000008f  ADC12MCTL15                            
00000118  I2COA                                  
0000011a  I2CSA                                  
0000011c  I2CIV                                  
0000011e  TBIV                                   
00000120  WDTCTL                                 
00000122  DMACTL0                                
00000124  DMACTL1                                
00000128  FCTL1                                  
0000012a  FCTL2                                  
0000012c  FCTL3                                  
0000012e  TAIV                                   
00000130  MPY                                    
00000132  MPYS                                   
00000134  MAC                                    
00000136  MACS                                   
00000138  OP2                                    
0000013a  RESLO                                  
0000013c  RESHI                                  
0000013e  SUMEXT                                 
00000140  ADC12MEM0                              
00000142  ADC12MEM1                              
00000144  ADC12MEM2                              
00000146  ADC12MEM3                              
00000148  ADC12MEM4                              
0000014a  ADC12MEM5                              
0000014c  ADC12MEM6                              
0000014e  ADC12MEM7                              
00000150  ADC12MEM8                              
00000152  ADC12MEM9                              
00000154  ADC12MEM10                             
00000156  ADC12MEM11                             
00000158  ADC12MEM12                             
0000015a  ADC12MEM13                             
0000015c  ADC12MEM14                             
0000015e  ADC12MEM15                             
00000160  TACTL                                  
00000162  TACCTL0                                
00000164  TACCTL1                                
00000166  TACCTL2                                
00000170  TAR                                    
00000172  TACCR0                                 
00000174  TACCR1                                 
00000176  TACCR2                                 
00000180  TBCTL                                  
00000182  TBCCTL0                                
00000184  TBCCTL1                                
00000186  TBCCTL2                                
00000188  TBCCTL3                                
0000018a  TBCCTL4                                
0000018c  TBCCTL5                                
0000018e  TBCCTL6                                
00000190  TBR                                    
00000192  TBCCR0                                 
00000194  TBCCR1                                 
00000196  TBCCR2                                 
00000198  TBCCR3                                 
0000019a  TBCCR4                                 
0000019c  TBCCR5                                 
0000019e  TBCCR6                                 
000001a0  ADC12CTL0                              
000001a2  ADC12CTL1                              
000001a4  ADC12IFG                               
000001a6  ADC12IE                                
000001a8  ADC12IV                                
000001c0  DAC12_0CTL                             
000001c2  DAC12_1CTL                             
000001c8  DAC12_0DAT                             
000001ca  DAC12_1DAT                             
000001e0  DMA0CTL                                
000001e2  DMA0SA                                 
000001e4  DMA0DA                                 
000001e6  DMA0SZ                                 
000001e8  DMA1CTL                                
000001ea  DMA1SA                                 
000001ec  DMA1DA                                 
000001ee  DMA1SZ                                 
000001f0  DMA2CTL                                
000001f2  DMA2SA                                 
000001f4  DMA2DA                                 
000001f6  DMA2SZ                                 
00001100  table_keys                             
0000110c  state                                  
0000110d  key_press                              
0000110e  _key                                   
00001110  delay                                  
00001112  KEYS_last                              
00001113  LED_config                             
00001114  BufRptr                                
00001116  BufTptr                                
00001118  Rx_Data                                
0000111a  Tx_Data                                
0000111c  wait_i                                 
0000111e  wait_j                                 
00001120  key                                    
00001121  keycol                                 
00001122  keyline                                
000038b0  _stack                                 
00003900  __STACK_END                            
00004000  LED_fx3                                
000040f0  KEYS_scannow                           
0000419a  LED_fx2                                
00004222  LED_fx1                                
000042a0  __TI_decompress_lzss                   
0000431c  main                                   
00004384  I2C_ISR                                
000043e6  scan_key                               
00004446  __TI_auto_init_nobinit_nopinit_hold_wdt
0000449e  Receive_I2C                            
000044ec  __mspabi_srli                          
000044fa  __mspabi_srli_15                       
000044fe  __mspabi_srli_14                       
00004502  __mspabi_srli_13                       
00004506  __mspabi_srli_12                       
0000450a  __mspabi_srli_11                       
0000450e  __mspabi_srli_10                       
00004512  __mspabi_srli_9                        
00004516  __mspabi_srli_8                        
0000451a  __mspabi_srli_7                        
0000451e  __mspabi_srli_6                        
00004522  __mspabi_srli_5                        
00004526  __mspabi_srli_4                        
0000452a  __mspabi_srli_3                        
0000452e  __mspabi_srli_2                        
00004532  __mspabi_srli_1                        
00004538  Custom_Speed_Init_I2C                  
00004582  Send_I2C                               
000045cc  Init_I2C                               
00004612  LED_convert                            
00004648  wait_1ms                               
0000467e  I2C_ReadByte                           
000046ac  __mspabi_slli                          
000046b8  __mspabi_slli_15                       
000046ba  __mspabi_slli_14                       
000046bc  __mspabi_slli_13                       
000046be  __mspabi_slli_12                       
000046c0  __mspabi_slli_11                       
000046c2  __mspabi_slli_10                       
000046c4  __mspabi_slli_9                        
000046c6  __mspabi_slli_8                        
000046c8  __mspabi_slli_7                        
000046ca  __mspabi_slli_6                        
000046cc  __mspabi_slli_5                        
000046ce  __mspabi_slli_4                        
000046d0  __mspabi_slli_3                        
000046d2  __mspabi_slli_2                        
000046d4  __mspabi_slli_1                        
000046d8  I2C_WriteByte                          
00004700  LED_out                                
00004728  reset_keyboard                         
00004748  LED_reset                              
00004766  LED_set                                
00004784  _c_int00_noargs                        
000047a0  __TI_zero_init_nomemset                
000047b4  __mspabi_mpyi_hw                       
000047c8  __TI_decompress_none                   
000047da  memcpy                                 
000047ec  __mspabi_func_epilog_7                 
000047ee  __mspabi_func_epilog_6                 
000047f0  __mspabi_func_epilog_5                 
000047f2  __mspabi_func_epilog_4                 
000047f4  __mspabi_func_epilog_3                 
000047f6  __mspabi_func_epilog_2                 
000047f8  __mspabi_func_epilog_1                 
000047fc  keyboard_interrupt                     
00004808  LED_clear                              
00004810  __TI_ISR_TRAP                          
00004818  ISR_trap                               
0000481e  C$$EXIT                                
0000481e  abort                                  
00004824  _system_pre_init                       
00004828  _system_post_cinit                     
0000483e  __TI_Handler_Table_Base                
00004844  __TI_Handler_Table_Limit               
00004848  __TI_CINIT_Base                        
00004850  __TI_CINIT_Limit                       
0000ffe0  __TI_int00                             
0000ffe2  __TI_int01                             
0000ffe4  __TI_int02                             
0000ffe6  __TI_int03                             
0000ffe8  __TI_int04                             
0000ffea  __TI_int05                             
0000ffec  __TI_int06                             
0000ffee  __TI_int07                             
0000fff0  __TI_int08                             
0000fff2  __TI_int09                             
0000fff4  __TI_int10                             
0000fff6  __TI_int11                             
0000fff8  __TI_int12                             
0000fffa  __TI_int13                             
0000fffc  __TI_int14                             
0000fffe  _reset_vector                          
ffffffff  __TI_pprof_out_hndl                    
ffffffff  __TI_prof_data_size                    
ffffffff  __TI_prof_data_start                   
ffffffff  __c_args__                             

[281 symbols]
